Component: ARM Compiler 6.12 Tool: armlink [5d624300]

==============================================================================

Section Cross References

    main.o(.text.main) refers to zf_common_clock.o(.text.clock_init) for clock_init
    main.o(.text.main) refers to zf_common_debug.o(.text.debug_init) for debug_init
    main.o(.text.main) refers to zf_device_tft180.o(.text.tft180_init) for tft180_init
    main.o(.text.main) refers to zf_device_gps_tau1201.o(.text.gps_init) for gps_init
    main.o(.text.main) refers to main.o(.rodata.str1.1) for .L.str
    main.o(.text.main) refers to zf_device_tft180.o(.text.tft180_show_string) for tft180_show_string
    main.o(.ARM.exidx.text.main) refers to main.o(.text.main) for [Anonymous Symbol]
    isr.o(.ARM.exidx.text.TIM1_UP_IRQHandler) refers to isr.o(.text.TIM1_UP_IRQHandler) for [Anonymous Symbol]
    isr.o(.ARM.exidx.text.TIM2_IRQHandler) refers to isr.o(.text.TIM2_IRQHandler) for [Anonymous Symbol]
    isr.o(.ARM.exidx.text.TIM3_IRQHandler) refers to isr.o(.text.TIM3_IRQHandler) for [Anonymous Symbol]
    isr.o(.ARM.exidx.text.TIM4_IRQHandler) refers to isr.o(.text.TIM4_IRQHandler) for [Anonymous Symbol]
    isr.o(.ARM.exidx.text.TIM5_IRQHandler) refers to isr.o(.text.TIM5_IRQHandler) for [Anonymous Symbol]
    isr.o(.ARM.exidx.text.TIM6_IRQHandler) refers to isr.o(.text.TIM6_IRQHandler) for [Anonymous Symbol]
    isr.o(.ARM.exidx.text.TIM7_IRQHandler) refers to isr.o(.text.TIM7_IRQHandler) for [Anonymous Symbol]
    isr.o(.text.TIM8_UP_IRQHandler) refers to zf_device_tsl1401.o(.text.tsl1401_collect_pit_handler) for tsl1401_collect_pit_handler
    isr.o(.ARM.exidx.text.TIM8_UP_IRQHandler) refers to isr.o(.text.TIM8_UP_IRQHandler) for [Anonymous Symbol]
    isr.o(.ARM.exidx.text.UART1_IRQHandler) refers to isr.o(.text.UART1_IRQHandler) for [Anonymous Symbol]
    isr.o(.ARM.exidx.text.UART2_IRQHandler) refers to isr.o(.text.UART2_IRQHandler) for [Anonymous Symbol]
    isr.o(.text.UART3_IRQHandler) refers to zf_device_gps_tau1201.o(.text.gps_uart_callback) for gps_uart_callback
    isr.o(.ARM.exidx.text.UART3_IRQHandler) refers to isr.o(.text.UART3_IRQHandler) for [Anonymous Symbol]
    isr.o(.ARM.exidx.text.UART4_IRQHandler) refers to isr.o(.text.UART4_IRQHandler) for [Anonymous Symbol]
    isr.o(.ARM.exidx.text.UART5_IRQHandler) refers to isr.o(.text.UART5_IRQHandler) for [Anonymous Symbol]
    isr.o(.text.UART6_IRQHandler) refers to zf_device_type.o(.text.wireless_module_uart_handler) for wireless_module_uart_handler
    isr.o(.ARM.exidx.text.UART6_IRQHandler) refers to isr.o(.text.UART6_IRQHandler) for [Anonymous Symbol]
    isr.o(.ARM.exidx.text.UART7_IRQHandler) refers to isr.o(.text.UART7_IRQHandler) for [Anonymous Symbol]
    isr.o(.text.UART8_IRQHandler) refers to zf_device_type.o(.text.camera_uart_handler) for camera_uart_handler
    isr.o(.ARM.exidx.text.UART8_IRQHandler) refers to isr.o(.text.UART8_IRQHandler) for [Anonymous Symbol]
    isr.o(.ARM.exidx.text.EXTI0_IRQHandler) refers to isr.o(.text.EXTI0_IRQHandler) for [Anonymous Symbol]
    isr.o(.ARM.exidx.text.EXTI1_IRQHandler) refers to isr.o(.text.EXTI1_IRQHandler) for [Anonymous Symbol]
    isr.o(.ARM.exidx.text.EXTI2_IRQHandler) refers to isr.o(.text.EXTI2_IRQHandler) for [Anonymous Symbol]
    isr.o(.ARM.exidx.text.EXTI3_IRQHandler) refers to isr.o(.text.EXTI3_IRQHandler) for [Anonymous Symbol]
    isr.o(.ARM.exidx.text.EXTI4_IRQHandler) refers to isr.o(.text.EXTI4_IRQHandler) for [Anonymous Symbol]
    isr.o(.text.EXTI9_5_IRQHandler) refers to zf_device_type.o(.text.camera_vsync_handler) for camera_vsync_handler
    isr.o(.ARM.exidx.text.EXTI9_5_IRQHandler) refers to isr.o(.text.EXTI9_5_IRQHandler) for [Anonymous Symbol]
    isr.o(.ARM.exidx.text.EXTI15_10_IRQHandler) refers to isr.o(.text.EXTI15_10_IRQHandler) for [Anonymous Symbol]
    isr.o(.ARM.exidx.text.DMA1_Channel1_IRQHandler) refers to isr.o(.text.DMA1_Channel1_IRQHandler) for [Anonymous Symbol]
    isr.o(.ARM.exidx.text.DMA1_Channel2_IRQHandler) refers to isr.o(.text.DMA1_Channel2_IRQHandler) for [Anonymous Symbol]
    isr.o(.ARM.exidx.text.DMA1_Channel3_IRQHandler) refers to isr.o(.text.DMA1_Channel3_IRQHandler) for [Anonymous Symbol]
    isr.o(.text.DMA1_Channel4_IRQHandler) refers to zf_device_type.o(.text.camera_dma_handler) for camera_dma_handler
    isr.o(.ARM.exidx.text.DMA1_Channel4_IRQHandler) refers to isr.o(.text.DMA1_Channel4_IRQHandler) for [Anonymous Symbol]
    isr.o(.ARM.exidx.text.DMA1_Channel5_IRQHandler) refers to isr.o(.text.DMA1_Channel5_IRQHandler) for [Anonymous Symbol]
    isr.o(.ARM.exidx.text.DMA1_Channel6_IRQHandler) refers to isr.o(.text.DMA1_Channel6_IRQHandler) for [Anonymous Symbol]
    isr.o(.ARM.exidx.text.DMA1_Channel7_IRQHandler) refers to isr.o(.text.DMA1_Channel7_IRQHandler) for [Anonymous Symbol]
    isr.o(.ARM.exidx.text.DMA2_Channel1_IRQHandler) refers to isr.o(.text.DMA2_Channel1_IRQHandler) for [Anonymous Symbol]
[...]
    Removing ff.o(.ARM.exidx.text.get_fat), (8 bytes).
    Removing ff.o(.text.clst2sect), (62 bytes).
    Removing ff.o(.ARM.exidx.text.clst2sect), (8 bytes).
    Removing ff.o(.text.f_read), (672 bytes).
    Removing ff.o(.ARM.exidx.text.f_read), (8 bytes).
    Removing ff.o(.text.validate), (132 bytes).
    Removing ff.o(.ARM.exidx.text.validate), (8 bytes).
    Removing ff.o(.text.f_write), (788 bytes).
    Removing ff.o(.ARM.exidx.text.f_write), (8 bytes).
    Removing ff.o(.text.create_chain), (514 bytes).
    Removing ff.o(.ARM.exidx.text.create_chain), (8 bytes).
    Removing ff.o(.text.f_sync), (256 bytes).
    Removing ff.o(.ARM.exidx.text.f_sync), (8 bytes).
    Removing ff.o(.text.st_word), (60 bytes).
    Removing ff.o(.ARM.exidx.text.st_word), (8 bytes).
    Removing ff.o(.text.sync_fs), (222 bytes).
    Removing ff.o(.ARM.exidx.text.sync_fs), (8 bytes).
    Removing ff.o(.text.f_close), (70 bytes).
    Removing ff.o(.ARM.exidx.text.f_close), (8 bytes).
    Removing ff.o(.text.f_chdrive), (64 bytes).
    Removing ff.o(.ARM.exidx.text.f_chdrive), (8 bytes).
    Removing ff.o(.text.f_chdir), (150 bytes).
    Removing ff.o(.ARM.exidx.text.f_chdir), (8 bytes).
    Removing ff.o(.text.f_getcwd), (544 bytes).
    Removing ff.o(.ARM.exidx.text.f_getcwd), (8 bytes).
    Removing ff.o(.text.dir_sdi), (300 bytes).
    Removing ff.o(.ARM.exidx.text.dir_sdi), (8 bytes).
    Removing ff.o(.text.dir_read), (220 bytes).
    Removing ff.o(.ARM.exidx.text.dir_read), (8 bytes).
    Removing ff.o(.text.dir_next), (366 bytes).
    Removing ff.o(.ARM.exidx.text.dir_next), (8 bytes).
    Removing ff.o(.text.get_fileinfo), (210 bytes).
    Removing ff.o(.ARM.exidx.text.get_fileinfo), (8 bytes).
    Removing ff.o(.text.f_lseek), (676 bytes).
    Removing ff.o(.ARM.exidx.text.f_lseek), (8 bytes).
    Removing ff.o(.text.f_opendir), (226 bytes).
    Removing ff.o(.ARM.exidx.text.f_opendir), (8 bytes).
    Removing ff.o(.text.f_closedir), (50 bytes).
    Removing ff.o(.ARM.exidx.text.f_closedir), (8 bytes).
    Removing ff.o(.text.f_readdir), (152 bytes).
    Removing ff.o(.ARM.exidx.text.f_readdir), (8 bytes).
    Removing ff.o(.text.f_stat), (118 bytes).
    Removing ff.o(.ARM.exidx.text.f_stat), (8 bytes).
    Removing ff.o(.text.f_getfree), (392 bytes).
    Removing ff.o(.ARM.exidx.text.f_getfree), (8 bytes).
    Removing ff.o(.text.ld_word), (40 bytes).
    Removing ff.o(.ARM.exidx.text.ld_word), (8 bytes).
    Removing ff.o(.text.f_truncate), (352 bytes).
    Removing ff.o(.ARM.exidx.text.f_truncate), (8 bytes).
    Removing ff.o(.text.f_unlink), (372 bytes).
    Removing ff.o(.ARM.exidx.text.f_unlink), (8 bytes).
    Removing ff.o(.text.dir_remove), (66 bytes).
    Removing ff.o(.ARM.exidx.text.dir_remove), (8 bytes).
    Removing ff.o(.text.f_mkdir), (440 bytes).
    Removing ff.o(.ARM.exidx.text.f_mkdir), (8 bytes).
    Removing ff.o(.text.dir_clear), (172 bytes).
    Removing ff.o(.ARM.exidx.text.dir_clear), (8 bytes).
    Removing ff.o(.text.f_rename), (528 bytes).
    Removing ff.o(.ARM.exidx.text.f_rename), (8 bytes).
    Removing ff.o(.text.f_mkfs), (2508 bytes).
    Removing ff.o(.ARM.exidx.text.f_mkfs), (8 bytes).
    Removing ff.o(.text.create_partition), (696 bytes).
    Removing ff.o(.ARM.exidx.text.create_partition), (8 bytes).
    Removing ff.o(.text.f_gets), (142 bytes).
    Removing ff.o(.ARM.exidx.text.f_gets), (8 bytes).
    Removing ff.o(.text.f_putc), (48 bytes).
    Removing ff.o(.ARM.exidx.text.f_putc), (8 bytes).
    Removing ff.o(.text.putc_init), (34 bytes).
    Removing ff.o(.ARM.exidx.text.putc_init), (8 bytes).
    Removing ff.o(.text.putc_bfd), (124 bytes).
    Removing ff.o(.ARM.exidx.text.putc_bfd), (8 bytes).
    Removing ff.o(.text.putc_flush), (82 bytes).
    Removing ff.o(.ARM.exidx.text.putc_flush), (8 bytes).
    Removing ff.o(.text.f_puts), (64 bytes).
    Removing ff.o(.ARM.exidx.text.f_puts), (8 bytes).
    Removing ff.o(.text.f_printf), (1206 bytes).
    Removing ff.o(.ARM.exidx.text.f_printf), (8 bytes).
    Removing ff.o(.text.find_volume), (242 bytes).
    Removing ff.o(.ARM.exidx.text.find_volume), (8 bytes).
    Removing ff.o(.text.check_fs), (352 bytes).
    Removing ff.o(.ARM.exidx.text.check_fs), (8 bytes).
    Removing ff.o(.text.create_name), (632 bytes).
    Removing ff.o(.ARM.exidx.text.create_name), (8 bytes).
    Removing ff.o(.text.dir_find), (200 bytes).
    Removing ff.o(.ARM.exidx.text.dir_find), (8 bytes).
    Removing ff.o(.text.dbc_1st), (116 bytes).
    Removing ff.o(.ARM.exidx.text.dbc_1st), (8 bytes).
    Removing ff.o(.text.dbc_2nd), (162 bytes).
    Removing ff.o(.ARM.exidx.text.dbc_2nd), (8 bytes).
    Removing ff.o(.text.dir_alloc), (176 bytes).
    Removing ff.o(.ARM.exidx.text.dir_alloc), (8 bytes).
    Removing ff.o(.text.put_fat), (462 bytes).
    Removing ff.o(.ARM.exidx.text.put_fat), (8 bytes).
    Removing ff.o(.text.sync_window), (142 bytes).
    Removing ff.o(.ARM.exidx.text.sync_window), (8 bytes).
    Removing ff.o(.bss.FatFs), (8 bytes).
    Removing ff.o(.bss.CurrVol), (1 bytes).
    Removing ff.o(.rodata.f_mkfs.cst), (14 bytes).
    Removing ff.o(.rodata.f_mkfs.cst32), (14 bytes).
    Removing ff.o(.rodata.f_mkfs.defopt), (16 bytes).
    Removing ff.o(.rodata.str1.1), (76 bytes).
    Removing ff.o(.bss.Fsid), (2 bytes).
    Removing ff.o(.rodata.DbcTbl), (10 bytes).
    Removing ffsystem.o(.text), (0 bytes).
    Removing ffunicode.o(.text), (0 bytes).
    Removing fadd.o(.text), (176 bytes).
    Removing fmul.o(.text), (100 bytes).
    Removing fdiv.o(.text), (124 bytes).
    Removing fcmpge.o(.text), (28 bytes).
    Removing dcmple.o(.text), (54 bytes).
    Removing dcmplt.o(.text), (54 bytes).
    Removing dcmpge.o(.text), (54 bytes).
    Removing dcmpeq.o(.text), (56 bytes).
    Removing fflti.o(.text), (18 bytes).
    Removing ffltui.o(.text), (10 bytes).
    Removing dflti.o(.text), (34 bytes).
    Removing dfltui.o(.text), (26 bytes).
    Removing ffixi.o(.text), (50 bytes).
    Removing ffixui.o(.text), (40 bytes).
    Removing dfixi.o(.text), (62 bytes).
    Removing f2d.o(.text), (38 bytes).
    Removing d2f.o(.text), (56 bytes).
    Removing fepilogue.o(.text), (110 bytes).
    Removing dscalb.o(.text), (46 bytes).
    Removing dsqrt.o(.text), (162 bytes).
    Removing cdcmple.o(.text), (48 bytes).

1667 unused section(s) (total 228252 bytes) removed from the image.

==============================================================================

Image Symbol Table

    Local Symbols

    Symbol Name                              Value     Ov Type        Size  Object(Section)

    ../clib/microlib/division.c              0x00000000   Number         0  uidiv.o ABSOLUTE
    ../clib/microlib/division.c              0x00000000   Number         0  uldiv.o ABSOLUTE
    ../clib/microlib/errno.c                 0x00000000   Number         0  errno.o ABSOLUTE
    ../clib/microlib/init/entry.s            0x00000000   Number         0  entry.o ABSOLUTE
    ../clib/microlib/init/entry.s            0x00000000   Number         0  entry4.o ABSOLUTE
    ../clib/microlib/init/entry.s            0x00000000   Number         0  entry5.o ABSOLUTE
    ../clib/microlib/init/entry.s            0x00000000   Number         0  entry7a.o ABSOLUTE
    ../clib/microlib/init/entry.s            0x00000000   Number         0  entry7b.o ABSOLUTE
    ../clib/microlib/init/entry.s            0x00000000   Number         0  entry8a.o ABSOLUTE
    ../clib/microlib/init/entry.s            0x00000000   Number         0  entry8b.o ABSOLUTE
    ../clib/microlib/init/entry.s            0x00000000   Number         0  entry9a.o ABSOLUTE
    ../clib/microlib/init/entry.s            0x00000000   Number         0  entry9b.o ABSOLUTE
    ../clib/microlib/init/entry.s            0x00000000   Number         0  entry10a.o ABSOLUTE
    ../clib/microlib/init/entry.s            0x00000000   Number         0  entry10b.o ABSOLUTE
    ../clib/microlib/init/entry.s            0x00000000   Number         0  entry11a.o ABSOLUTE
    ../clib/microlib/init/entry.s            0x00000000   Number         0  entry11b.o ABSOLUTE
    ../clib/microlib/longlong.c              0x00000000   Number         0  llshl.o ABSOLUTE
    ../clib/microlib/longlong.c              0x00000000   Number         0  llushr.o ABSOLUTE
    ../clib/microlib/longlong.c              0x00000000   Number         0  llsshr.o ABSOLUTE
    ../clib/microlib/printf/printf.c         0x00000000   Number         0  printfa.o ABSOLUTE
    ../clib/microlib/stdio/streams.c         0x00000000   Number         0  stdout.o ABSOLUTE
    ../clib/microlib/string/memcmp.c         0x00000000   Number         0  memcmp.o ABSOLUTE
    ../clib/microlib/string/memcpy.c         0x00000000   Number         0  memcpya.o ABSOLUTE
    ../clib/microlib/string/memcpy.c         0x00000000   Number         0  memcpyb.o ABSOLUTE
    ../clib/microlib/string/memset.c         0x00000000   Number         0  memseta.o ABSOLUTE
    ../clib/microlib/string/strchr.c         0x00000000   Number         0  strchr.o ABSOLUTE
    ../clib/microlib/string/strlen.c         0x00000000   Number         0  strlen.o ABSOLUTE
    ../clib/microlib/string/strncmp.c        0x00000000   Number         0  strncmp.o ABSOLUTE
    ../clib/microlib/string/strncpy.c        0x00000000   Number         0  strncpy.o ABSOLUTE
    ../clib/microlib/stubs.s                 0x00000000   Number         0  iusefp.o ABSOLUTE
    ../fplib/microlib/d2f.c                  0x00000000   Number         0  d2f.o ABSOLUTE
    ../fplib/microlib/f2d.c                  0x00000000   Number         0  f2d.o ABSOLUTE
    ../fplib/microlib/fpadd.c                0x00000000   Number         0  fadd.o ABSOLUTE
    ../fplib/microlib/fpadd.c                0x00000000   Number         0  dadd.o ABSOLUTE
    ../fplib/microlib/fpcmp.c                0x00000000   Number         0  fcmpge.o ABSOLUTE
    ../fplib/microlib/fpcmp.c                0x00000000   Number         0  dcmple.o ABSOLUTE
    ../fplib/microlib/fpcmp.c                0x00000000   Number         0  dcmplt.o ABSOLUTE
    ../fplib/microlib/fpcmp.c                0x00000000   Number         0  dcmpge.o ABSOLUTE
    ../fplib/microlib/fpcmp.c                0x00000000   Number         0  dcmpeq.o ABSOLUTE
    ../fplib/microlib/fpdiv.c                0x00000000   Number         0  fdiv.o ABSOLUTE
    ../fplib/microlib/fpdiv.c                0x00000000   Number         0  ddiv.o ABSOLUTE
    ../fplib/microlib/fpepilogue.c           0x00000000   Number         0  fepilogue.o ABSOLUTE
    ../fplib/microlib/fpepilogue.c           0x00000000   Number         0  depilogue.o ABSOLUTE
    ../fplib/microlib/fpfix.c                0x00000000   Number         0  ffixi.o ABSOLUTE
    ../fplib/microlib/fpfix.c                0x00000000   Number         0  ffixui.o ABSOLUTE
    ../fplib/microlib/fpfix.c                0x00000000   Number         0  dfixi.o ABSOLUTE
    ../fplib/microlib/fpfix.c                0x00000000   Number         0  dfixul.o ABSOLUTE
    ../fplib/microlib/fpflt.c                0x00000000   Number         0  fflti.o ABSOLUTE
    ../fplib/microlib/fpflt.c                0x00000000   Number         0  ffltui.o ABSOLUTE
    ../fplib/microlib/fpflt.c                0x00000000   Number         0  dflti.o ABSOLUTE
    ../fplib/microlib/fpflt.c                0x00000000   Number         0  dfltui.o ABSOLUTE
    ../fplib/microlib/fpmul.c                0x00000000   Number         0  fmul.o ABSOLUTE
    ../fplib/microlib/fpmul.c                0x00000000   Number         0  dmul.o ABSOLUTE
    ../fplib/microlib/fpscalb.c              0x00000000   Number         0  dscalb.o ABSOLUTE
    ../fplib/microlib/fpsqrt.c               0x00000000   Number         0  dsqrt.o ABSOLUTE
    ../mathlib/asin.c                        0x00000000   Number         0  asin.o ABSOLUTE
    ../mathlib/asin.c                        0x00000000   Number         0  asin_x.o ABSOLUTE
    ../mathlib/atan.c                        0x00000000   Number         0  atan.o ABSOLUTE
    ../mathlib/atan.c                        0x00000000   Number         0  atan_x.o ABSOLUTE
    ../mathlib/atan2.c                       0x00000000   Number         0  atan2.o ABSOLUTE
    ../mathlib/atan2.c                       0x00000000   Number         0  atan2_x.o ABSOLUTE
    ../mathlib/cos.c                         0x00000000   Number         0  cos.o ABSOLUTE
    ../mathlib/cos.c                         0x00000000   Number         0  cos_x.o ABSOLUTE
    ../mathlib/cos_i.c                       0x00000000   Number         0  cos_i.o ABSOLUTE
    ../mathlib/dunder.c                      0x00000000   Number         0  dunder.o ABSOLUTE
    ../mathlib/fpclassify.c                  0x00000000   Number         0  fpclassify.o ABSOLUTE
    ../mathlib/poly.c                        0x00000000   Number         0  poly.o ABSOLUTE
    ../mathlib/pow.c                         0x00000000   Number         0  pow.o ABSOLUTE
    ../mathlib/pow.c                         0x00000000   Number         0  pow_x.o ABSOLUTE
    ../mathlib/qnan.c                        0x00000000   Number         0  qnan.o ABSOLUTE
    ../mathlib/rred.c                        0x00000000   Number         0  rred.o ABSOLUTE
    ../mathlib/sin.c                         0x00000000   Number         0  sin.o ABSOLUTE
    ../mathlib/sin.c                         0x00000000   Number         0  sin_x.o ABSOLUTE
    ../mathlib/sin_i.c                       0x00000000   Number         0  sin_i.o ABSOLUTE
    ../mathlib/sin_i.c                       0x00000000   Number         0  sin_i_x.o ABSOLUTE
    ../mathlib/sqrt.c                        0x00000000   Number         0  sqrt.o ABSOLUTE
    ../mathlib/sqrt.c                        0x00000000   Number         0  sqrt_x.o ABSOLUTE
    ..\..\libraries\sdk\mdk\startup_mm32f3277g.s 0x00000000   Number         0  startup_mm32f3277g.o ABSOLUTE
    cdcmple.s                                0x00000000   Number         0  cdcmple.o ABSOLUTE
    cdrcmple.s                               0x00000000   Number         0  cdrcmple.o ABSOLUTE
    dc.s                                     0x00000000   Number         0  dc.o ABSOLUTE
    diskio.c                                 0x00000000   Number         0  diskio.o ABSOLUTE
    ff.c                                     0x00000000   Number         0  ff.o ABSOLUTE
    ffsystem.c                               0x00000000   Number         0  ffsystem.o ABSOLUTE
    ffunicode.c                              0x00000000   Number         0  ffunicode.o ABSOLUTE
    hal_adc.c                                0x00000000   Number         0  hal_adc.o ABSOLUTE
    hal_comp.c                               0x00000000   Number         0  hal_comp.o ABSOLUTE
    hal_dac.c                                0x00000000   Number         0  hal_dac.o ABSOLUTE
    hal_dma.c                                0x00000000   Number         0  hal_dma.o ABSOLUTE
    hal_exti.c                               0x00000000   Number         0  hal_exti.o ABSOLUTE
    hal_fsmc.c                               0x00000000   Number         0  hal_fsmc.o ABSOLUTE
    hal_gpio.c                               0x00000000   Number         0  hal_gpio.o ABSOLUTE
    hal_i2c.c                                0x00000000   Number         0  hal_i2c.o ABSOLUTE
    hal_iwdg.c                               0x00000000   Number         0  hal_iwdg.o ABSOLUTE
    hal_rcc.c                                0x00000000   Number         0  hal_rcc.o ABSOLUTE
    hal_rtc.c                                0x00000000   Number         0  hal_rtc.o ABSOLUTE
    hal_sdio.c                               0x00000000   Number         0  hal_sdio.o ABSOLUTE
    hal_spi.c                                0x00000000   Number         0  hal_spi.o ABSOLUTE
    hal_syscfg.c                             0x00000000   Number         0  hal_syscfg.o ABSOLUTE
    hal_tim_16b.c                            0x00000000   Number         0  hal_tim_16b.o ABSOLUTE
    hal_tim_32b.c                            0x00000000   Number         0  hal_tim_32b.o ABSOLUTE
    hal_tim_adv.c                            0x00000000   Number         0  hal_tim_adv.o ABSOLUTE
    hal_tim_basic.c                          0x00000000   Number         0  hal_tim_basic.o ABSOLUTE
    hal_uart.c                               0x00000000   Number         0  hal_uart.o ABSOLUTE
    hal_usb.c                                0x00000000   Number         0  hal_usb.o ABSOLUTE
    hal_wwdg.c                               0x00000000   Number         0  hal_wwdg.o ABSOLUTE
    handlers.s                               0x00000000   Number         0  handlers.o ABSOLUTE
    init.s                                   0x00000000   Number         0  init.o ABSOLUTE
    isr.c                                    0x00000000   Number         0  isr.o ABSOLUTE
    main.c                                   0x00000000   Number         0  main.o ABSOLUTE
    system_mm32f3277g.c                      0x00000000   Number         0  system_mm32f3277g.o ABSOLUTE
    zf_common_clock.c                        0x00000000   Number         0  zf_common_clock.o ABSOLUTE
    zf_common_debug.c                        0x00000000   Number         0  zf_common_debug.o ABSOLUTE
    zf_common_fifo.c                         0x00000000   Number         0  zf_common_fifo.o ABSOLUTE
    zf_common_font.c                         0x00000000   Number         0  zf_common_font.o ABSOLUTE
    zf_common_function.c                     0x00000000   Number         0  zf_common_function.o ABSOLUTE
    zf_common_interrupt.c                    0x00000000   Number         0  zf_common_interrupt.o ABSOLUTE
    zf_device_absolute_encoder.c             0x00000000   Number         0  zf_device_absolute_encoder.o ABSOLUTE
    zf_device_bluetooth_ch9141.c             0x00000000   Number         0  zf_device_bluetooth_ch9141.o ABSOLUTE
    zf_device_camera.c                       0x00000000   Number         0  zf_device_camera.o ABSOLUTE
    zf_device_gps_tau1201.c                  0x00000000   Number         0  zf_device_gps_tau1201.o ABSOLUTE
    zf_device_icm20602.c                     0x00000000   Number         0  zf_device_icm20602.o ABSOLUTE
    zf_device_imu963ra.c                     0x00000000   Number         0  zf_device_imu963ra.o ABSOLUTE
    zf_device_ips114.c                       0x00000000   Number         0  zf_device_ips114.o ABSOLUTE
    zf_device_ips200.c                       0x00000000   Number         0  zf_device_ips200.o ABSOLUTE
    zf_device_key.c                          0x00000000   Number         0  zf_device_key.o ABSOLUTE
    zf_device_mpu6050.c                      0x00000000   Number         0  zf_device_mpu6050.o ABSOLUTE
    zf_device_mt9v03x.c                      0x00000000   Number         0  zf_device_mt9v03x.o ABSOLUTE
    zf_device_oled.c                         0x00000000   Number         0  zf_device_oled.o ABSOLUTE
    zf_device_ov7725.c                       0x00000000   Number         0  zf_device_ov7725.o ABSOLUTE
    zf_device_scc8660.c                      0x00000000   Number         0  zf_device_scc8660.o ABSOLUTE
    zf_device_sdcard.c                       0x00000000   Number         0  zf_device_sdcard.o ABSOLUTE
    zf_device_tft180.c                       0x00000000   Number         0  zf_device_tft180.o ABSOLUTE
    zf_device_tsl1401.c                      0x00000000   Number         0  zf_device_tsl1401.o ABSOLUTE
    zf_device_type.c                         0x00000000   Number         0  zf_device_type.o ABSOLUTE
    zf_device_virtual_oscilloscope.c         0x00000000   Number         0  zf_device_virtual_oscilloscope.o ABSOLUTE
    zf_device_wireless_uart.c                0x00000000   Number         0  zf_device_wireless_uart.o ABSOLUTE
    zf_driver_adc.c                          0x00000000   Number         0  zf_driver_adc.o ABSOLUTE
    zf_driver_dac.c                          0x00000000   Number         0  zf_driver_dac.o ABSOLUTE
    zf_driver_delay.c                        0x00000000   Number         0  zf_driver_delay.o ABSOLUTE
    zf_driver_dma.c                          0x00000000   Number         0  zf_driver_dma.o ABSOLUTE
    zf_driver_encoder.c                      0x00000000   Number         0  zf_driver_encoder.o ABSOLUTE
    zf_driver_exti.c                         0x00000000   Number         0  zf_driver_exti.o ABSOLUTE
    zf_driver_flash.c                        0x00000000   Number         0  zf_driver_flash.o ABSOLUTE
    zf_driver_fsmc.c                         0x00000000   Number         0  zf_driver_fsmc.o ABSOLUTE
    zf_driver_gpio.c                         0x00000000   Number         0  zf_driver_gpio.o ABSOLUTE
    zf_driver_iic.c                          0x00000000   Number         0  zf_driver_iic.o ABSOLUTE
    zf_driver_pit.c                          0x00000000   Number         0  zf_driver_pit.o ABSOLUTE
    zf_driver_pwm.c                          0x00000000   Number         0  zf_driver_pwm.o ABSOLUTE
    zf_driver_sdio.c                         0x00000000   Number         0  zf_driver_sdio.o ABSOLUTE
    zf_driver_soft_iic.c                     0x00000000   Number         0  zf_driver_soft_iic.o ABSOLUTE
    zf_driver_soft_spi.c                     0x00000000   Number         0  zf_driver_soft_spi.o ABSOLUTE
    zf_driver_spi.c                          0x00000000   Number         0  zf_driver_spi.o ABSOLUTE
    zf_driver_timer.c                        0x00000000   Number         0  zf_driver_timer.o ABSOLUTE
    zf_driver_uart.c                         0x00000000   Number         0  zf_driver_uart.o ABSOLUTE
    RESET                                    0x08000000   Section      400  startup_mm32f3277g.o(RESET)
    .ARM.Collect$$$$00000000                 0x08000400   Section        0  entry.o(.ARM.Collect$$$$00000000)
    .ARM.Collect$$$$00000003                 0x08000400   Section        4  entry4.o(.ARM.Collect$$$$00000003)
    .ARM.Collect$$$$00000004                 0x08000404   Section        4  entry5.o(.ARM.Collect$$$$00000004)
    .ARM.Collect$$$$00000008                 0x08000408   Section        0  entry7b.o(.ARM.Collect$$$$00000008)
    .ARM.Collect$$$$0000000A                 0x08000408   Section        0  entry8b.o(.ARM.Collect$$$$0000000A)
    .ARM.Collect$$$$0000000B                 0x08000408   Section        8  entry9a.o(.ARM.Collect$$$$0000000B)
    __lit__00000000                          0x08000410   Data           4  entry4.o(.ARM.Collect$$$$00002714)
    .ARM.Collect$$$$0000000D                 0x08000410   Section        0  entry10a.o(.ARM.Collect$$$$0000000D)
    .ARM.Collect$$$$0000000F                 0x08000410   Section        0  entry11a.o(.ARM.Collect$$$$0000000F)
    .ARM.Collect$$$$00002714                 0x08000410   Section        4  entry4.o(.ARM.Collect$$$$00002714)
    .text                                    0x08000414   Section       36  startup_mm32f3277g.o(.text)
    .text                                    0x08000438   Section        0  memcpya.o(.text)
    .text                                    0x0800045c   Section        0  memseta.o(.text)
    .text                                    0x08000480   Section        0  strlen.o(.text)
    .text                                    0x0800048e   Section        0  dadd.o(.text)
    .text                                    0x080005dc   Section        0  dmul.o(.text)
    .text                                    0x080006c0   Section        0  ddiv.o(.text)
    .text                                    0x0800079e   Section        0  uidiv.o(.text)
    .text                                    0x080007ca   Section        0  uldiv.o(.text)
    .text                                    0x0800082c   Section        0  llshl.o(.text)
    .text                                    0x0800084a   Section        0  llushr.o(.text)
    .text                                    0x0800086a   Section        0  llsshr.o(.text)
    .text                                    0x0800088e   Section        0  iusefp.o(.text)
    .text                                    0x0800088e   Section        0  depilogue.o(.text)
    .text                                    0x08000948   Section        0  dfixul.o(.text)
    .text                                    0x08000978   Section       48  cdrcmple.o(.text)
    .text                                    0x080009a8   Section       36  init.o(.text)
    [Anonymous Symbol]                       0x080009cc   Section        0  isr.o(.text.DMA1_Channel1_IRQHandler)
    [Anonymous Symbol]                       0x080009f0   Section        0  isr.o(.text.DMA1_Channel2_IRQHandler)
    [Anonymous Symbol]                       0x08000a14   Section        0  isr.o(.text.DMA1_Channel3_IRQHandler)
    [Anonymous Symbol]                       0x08000a38   Section        0  isr.o(.text.DMA1_Channel4_IRQHandler)
    [Anonymous Symbol]                       0x08000a60   Section        0  isr.o(.text.DMA1_Channel5_IRQHandler)
    [Anonymous Symbol]                       0x08000a84   Section        0  isr.o(.text.DMA1_Channel6_IRQHandler)
    [Anonymous Symbol]                       0x08000aa8   Section        0  isr.o(.text.DMA1_Channel7_IRQHandler)
    [Anonymous Symbol]                       0x08000acc   Section        0  isr.o(.text.DMA2_Channel1_IRQHandler)
    [Anonymous Symbol]                       0x08000af4   Section        0  isr.o(.text.DMA2_Channel2_IRQHandler)
    [Anonymous Symbol]                       0x08000b1c   Section        0  isr.o(.text.DMA2_Channel3_IRQHandler)
    [Anonymous Symbol]                       0x08000b44   Section        0  isr.o(.text.DMA2_Channel4_IRQHandler)
    [Anonymous Symbol]                       0x08000b6c   Section        0  isr.o(.text.DMA2_Channel5_IRQHandler)
    [Anonymous Symbol]                       0x08000b94   Section        0  isr.o(.text.EXTI0_IRQHandler)
    [Anonymous Symbol]                       0x08000ba8   Section        0  isr.o(.text.EXTI15_10_IRQHandler)
    [Anonymous Symbol]                       0x08000c84   Section        0  isr.o(.text.EXTI1_IRQHandler)
    [Anonymous Symbol]                       0x08000c98   Section        0  isr.o(.text.EXTI2_IRQHandler)
    [Anonymous Symbol]                       0x08000cac   Section        0  isr.o(.text.EXTI3_IRQHandler)
    [Anonymous Symbol]                       0x08000cc0   Section        0  isr.o(.text.EXTI4_IRQHandler)
    [Anonymous Symbol]                       0x08000cd4   Section        0  isr.o(.text.EXTI9_5_IRQHandler)
    [Anonymous Symbol]                       0x08000d90   Section        0  system_mm32f3277g.o(.text.SystemInit)
    [Anonymous Symbol]                       0x08000da0   Section        0  isr.o(.text.TIM1_UP_IRQHandler)
    [Anonymous Symbol]                       0x08000db4   Section        0  isr.o(.text.TIM2_IRQHandler)
    [Anonymous Symbol]                       0x08000dc8   Section        0  isr.o(.text.TIM3_IRQHandler)
    [Anonymous Symbol]                       0x08000ddc   Section        0  isr.o(.text.TIM4_IRQHandler)
    [Anonymous Symbol]                       0x08000df0   Section        0  isr.o(.text.TIM5_IRQHandler)
    [Anonymous Symbol]                       0x08000e04   Section        0  isr.o(.text.TIM6_IRQHandler)
    [Anonymous Symbol]                       0x08000e18   Section        0  isr.o(.text.TIM7_IRQHandler)
    [Anonymous Symbol]                       0x08000e2c   Section        0  isr.o(.text.TIM8_UP_IRQHandler)
    [Anonymous Symbol]                       0x08000e48   Section        0  isr.o(.text.UART1_IRQHandler)
    [Anonymous Symbol]                       0x08000e94   Section        0  isr.o(.text.UART2_IRQHandler)
    [Anonymous Symbol]                       0x08000ee0   Section        0  isr.o(.text.UART3_IRQHandler)
    [Anonymous Symbol]                       0x08000f30   Section        0  isr.o(.text.UART4_IRQHandler)
    [Anonymous Symbol]                       0x08000f7c   Section        0  isr.o(.text.UART5_IRQHandler)
    [Anonymous Symbol]                       0x08000fc8   Section        0  isr.o(.text.UART6_IRQHandler)
    [Anonymous Symbol]                       0x08001018   Section        0  isr.o(.text.UART7_IRQHandler)
    [Anonymous Symbol]                       0x08001064   Section        0  isr.o(.text.UART8_IRQHandler)
    __NVIC_DisableIRQ                        0x080010b5   Thumb Code    62  zf_common_interrupt.o(.text.__NVIC_DisableIRQ)
    [Anonymous Symbol]                       0x080010b4   Section        0  zf_common_interrupt.o(.text.__NVIC_DisableIRQ)
    __NVIC_EnableIRQ                         0x080010f5   Thumb Code    54  zf_common_interrupt.o(.text.__NVIC_EnableIRQ)
    [Anonymous Symbol]                       0x080010f4   Section        0  zf_common_interrupt.o(.text.__NVIC_EnableIRQ)
    __NVIC_SetPriorityGrouping               0x0800112d   Thumb Code    64  zf_common_interrupt.o(.text.__NVIC_SetPriorityGrouping)
    [Anonymous Symbol]                       0x0800112c   Section        0  zf_common_interrupt.o(.text.__NVIC_SetPriorityGrouping)
    [Anonymous Symbol]                       0x0800116c   Section        0  zf_driver_adc.o(.text.adc_convert)
    [Anonymous Symbol]                       0x0800120c   Section        0  zf_driver_gpio.o(.text.afio_init)
    [Anonymous Symbol]                       0x080013a8   Section        0  zf_device_bluetooth_ch9141.o(.text.bluetooth_ch9141_uart_callback)
    [Anonymous Symbol]                       0x080013dc   Section        0  zf_device_type.o(.text.camera_dma_handler)
    [Anonymous Symbol]                       0x08001454   Section        0  zf_device_type.o(.text.camera_uart_handler)
    [Anonymous Symbol]                       0x08001570   Section        0  zf_device_type.o(.text.camera_vsync_handler)
    [Anonymous Symbol]                       0x08001640   Section        0  zf_common_clock.o(.text.clock_init)
    clock_reset                              0x08001669   Thumb Code   146  zf_common_clock.o(.text.clock_reset)
    [Anonymous Symbol]                       0x08001668   Section        0  zf_common_clock.o(.text.clock_reset)
    clock_set_freq                           0x080016fd   Thumb Code   642  zf_common_clock.o(.text.clock_set_freq)
    [Anonymous Symbol]                       0x080016fc   Section        0  zf_common_clock.o(.text.clock_set_freq)
    [Anonymous Symbol]                       0x08001980   Section        0  zf_common_debug.o(.text.debug_assert_handler)
    debug_delay                              0x080019f1   Thumb Code    64  zf_common_debug.o(.text.debug_delay)
    [Anonymous Symbol]                       0x080019f0   Section        0  zf_common_debug.o(.text.debug_delay)
    [Anonymous Symbol]                       0x08001a30   Section        0  zf_common_debug.o(.text.debug_init)
    debug_output                             0x08001a65   Thumb Code   706  zf_common_debug.o(.text.debug_output)
    [Anonymous Symbol]                       0x08001a64   Section        0  zf_common_debug.o(.text.debug_output)
    [Anonymous Symbol]                       0x08001d28   Section        0  zf_common_debug.o(.text.debug_output_init)
    [Anonymous Symbol]                       0x08001d78   Section        0  zf_common_debug.o(.text.debug_output_struct_init)
    debug_uart_str_output                    0x08001dad   Thumb Code    30  zf_common_debug.o(.text.debug_uart_str_output)
    [Anonymous Symbol]                       0x08001dac   Section        0  zf_common_debug.o(.text.debug_uart_str_output)
    [Anonymous Symbol]                       0x08001dcc   Section        0  zf_driver_dma.o(.text.dma_disable)
    [Anonymous Symbol]                       0x08001e04   Section        0  zf_driver_dma.o(.text.dma_enable)
    [Anonymous Symbol]                       0x08001e3c   Section        0  zf_driver_dma.o(.text.dma_set_count)
    [Anonymous Symbol]                       0x08001e80   Section        0  zf_common_fifo.o(.text.fifo_head_offset)
    [Anonymous Symbol]                       0x08001eb8   Section        0  zf_common_fifo.o(.text.fifo_write_buffer)
    [Anonymous Symbol]                       0x08001fa4   Section        0  zf_common_function.o(.text.get_greatest_common_divisor)
    [Anonymous Symbol]                       0x08001ff0   Section        0  zf_driver_gpio.o(.text.gpio_init)
    [Anonymous Symbol]                       0x080021e4   Section        0  zf_device_gps_tau1201.o(.text.gps_init)
    [Anonymous Symbol]                       0x08002400   Section        0  zf_device_gps_tau1201.o(.text.gps_uart_callback)
    [Anonymous Symbol]                       0x080024a4   Section        0  zf_common_interrupt.o(.text.interrupt_disable)
    [Anonymous Symbol]                       0x080024bc   Section        0  zf_common_interrupt.o(.text.interrupt_enable)
    [Anonymous Symbol]                       0x080024d4   Section        0  zf_common_interrupt.o(.text.interrupt_global_disable)
    [Anonymous Symbol]                       0x080024f8   Section        0  zf_common_interrupt.o(.text.interrupt_global_enable)
    [Anonymous Symbol]                       0x08002530   Section        0  zf_common_interrupt.o(.text.interrupt_init)
    [Anonymous Symbol]                       0x0800253c   Section        0  main.o(.text.main)
    [Anonymous Symbol]                       0x08002574   Section        0  zf_driver_spi.o(.text.spi_init)
    [Anonymous Symbol]                       0x08002834   Section        0  zf_driver_spi.o(.text.spi_write_16bit)
    [Anonymous Symbol]                       0x080028fc   Section        0  zf_driver_spi.o(.text.spi_write_8bit)
    [Anonymous Symbol]                       0x08002990   Section        0  zf_driver_delay.o(.text.system_delay)
    [Anonymous Symbol]                       0x08002a28   Section        0  zf_device_tft180.o(.text.tft180_clear)
    tft180_debug_init                        0x08002a85   Thumb Code    88  zf_device_tft180.o(.text.tft180_debug_init)
    [Anonymous Symbol]                       0x08002a84   Section        0  zf_device_tft180.o(.text.tft180_debug_init)
    [Anonymous Symbol]                       0x08002adc   Section        0  zf_device_tft180.o(.text.tft180_init)
    [Anonymous Symbol]                       0x08002f18   Section        0  zf_device_tft180.o(.text.tft180_set_color)
    [Anonymous Symbol]                       0x08002f4c   Section        0  zf_device_tft180.o(.text.tft180_set_dir)
    tft180_set_region                        0x08002fa9   Thumb Code   444  zf_device_tft180.o(.text.tft180_set_region)
    [Anonymous Symbol]                       0x08002fa8   Section        0  zf_device_tft180.o(.text.tft180_set_region)
    [Anonymous Symbol]                       0x08003164   Section        0  zf_device_tft180.o(.text.tft180_show_char)
    [Anonymous Symbol]                       0x08003290   Section        0  zf_device_tft180.o(.text.tft180_show_string)
    tft180_write_index                       0x08003345   Thumb Code   102  zf_device_tft180.o(.text.tft180_write_index)
    [Anonymous Symbol]                       0x08003344   Section        0  zf_device_tft180.o(.text.tft180_write_index)
    [Anonymous Symbol]                       0x080033ac   Section        0  zf_device_tsl1401.o(.text.tsl1401_collect_pit_handler)
    [Anonymous Symbol]                       0x08003494   Section        0  zf_driver_uart.o(.text.uart_init)
    [Anonymous Symbol]                       0x08003718   Section        0  zf_driver_uart.o(.text.uart_query_byte)
    [Anonymous Symbol]                       0x08003770   Section        0  zf_driver_uart.o(.text.uart_rx_interrupt)
    [Anonymous Symbol]                       0x080037f4   Section        0  zf_driver_uart.o(.text.uart_write_buffer)
    [Anonymous Symbol]                       0x08003860   Section        0  zf_driver_uart.o(.text.uart_write_byte)
    [Anonymous Symbol]                       0x080038ac   Section        0  zf_driver_uart.o(.text.uart_write_string)
    [Anonymous Symbol]                       0x080038e0   Section        0  zf_device_type.o(.text.wireless_module_uart_handler)
    [Anonymous Symbol]                       0x08003914   Section        0  zf_device_wireless_uart.o(.text.wireless_uart_callback)
    i.__0sprintf                             0x08003948   Section        0  printfa.o(i.__0sprintf)
    i.__scatterload_copy                     0x08003970   Section       14  handlers.o(i.__scatterload_copy)
    i.__scatterload_null                     0x0800397e   Section        2  handlers.o(i.__scatterload_null)
    i.__scatterload_zeroinit                 0x08003980   Section       14  handlers.o(i.__scatterload_zeroinit)
    _fp_digits                               0x08003991   Thumb Code   366  printfa.o(i._fp_digits)
    i._fp_digits                             0x08003990   Section        0  printfa.o(i._fp_digits)
    _printf_core                             0x08003b15   Thumb Code  1744  printfa.o(i._printf_core)
    i._printf_core                           0x08003b14   Section        0  printfa.o(i._printf_core)
    _printf_post_padding                     0x080041f1   Thumb Code    36  printfa.o(i._printf_post_padding)
    i._printf_post_padding                   0x080041f0   Section        0  printfa.o(i._printf_post_padding)
    _printf_pre_padding                      0x08004215   Thumb Code    46  printfa.o(i._printf_pre_padding)
    i._printf_pre_padding                    0x08004214   Section        0  printfa.o(i._printf_pre_padding)
    _sputc                                   0x08004243   Thumb Code    10  printfa.o(i._sputc)
    i._sputc                                 0x08004242   Section        0  printfa.o(i._sputc)
    .L__const.gps_init.set_rate              0x0800424c   Data          28  zf_device_gps_tau1201.o(.rodata..L__const.gps_init.set_rate)
    .L.str                                   0x08004268   Data           8  main.o(.rodata.str1.1)
    [Anonymous Symbol]                       0x08004268   Section        0  main.o(.rodata.str1.1)
    .L.str                                   0x08004270   Data          37  zf_common_debug.o(.rodata.str1.1)
    .L.str.5                                 0x08004270   Data          30  zf_common_debug.o(.rodata.str1.1)
    [Anonymous Symbol]                       0x08004270   Section        0  zf_common_debug.o(.rodata.str1.1)
    .L.str.4                                 0x0800428e   Data           9  zf_common_debug.o(.rodata.str1.1)
    .L.str.1                                 0x08004297   Data          13  zf_common_debug.o(.rodata.str1.1)
    .L.str.2                                 0x080042a4   Data           9  zf_common_debug.o(.rodata.str1.1)
    .L.str.3                                 0x080042ad   Data          13  zf_common_debug.o(.rodata.str1.1)
    .L.str                                   0x080042ba   Data          45  zf_device_tft180.o(.rodata.str1.1)
    [Anonymous Symbol]                       0x080042ba   Section        0  zf_device_tft180.o(.rodata.str1.1)
    adc_index                                0x20000000   Data          12  zf_driver_adc.o(.data.adc_index)
    [Anonymous Symbol]                       0x20000000   Section        0  zf_driver_adc.o(.data.adc_index)
    dma_index                                0x2000000c   Data           8  zf_driver_dma.o(.data.dma_index)
    [Anonymous Symbol]                       0x2000000c   Section        0  zf_driver_dma.o(.data.dma_index)
    spi_index                                0x20000034   Data          12  zf_driver_spi.o(.data.spi_index)
    [Anonymous Symbol]                       0x20000034   Section        0  zf_driver_spi.o(.data.spi_index)
    tft180_bgcolor                           0x20000044   Data           2  zf_device_tft180.o(.data.tft180_bgcolor)
    [Anonymous Symbol]                       0x20000044   Section        0  zf_device_tft180.o(.data.tft180_bgcolor)
    tft180_pencolor                          0x20000046   Data           2  zf_device_tft180.o(.data.tft180_pencolor)
    [Anonymous Symbol]                       0x20000046   Section        0  zf_device_tft180.o(.data.tft180_pencolor)
    tft180_x_max                             0x20000048   Data           1  zf_device_tft180.o(.data.tft180_x_max)
    [Anonymous Symbol]                       0x20000048   Section        0  zf_device_tft180.o(.data.tft180_x_max)
    tft180_y_max                             0x20000049   Data           1  zf_device_tft180.o(.data.tft180_y_max)
    [Anonymous Symbol]                       0x20000049   Section        0  zf_device_tft180.o(.data.tft180_y_max)
    uart_index                               0x2000004c   Data          32  zf_driver_uart.o(.data.uart_index)
    [Anonymous Symbol]                       0x2000004c   Section        0  zf_driver_uart.o(.data.uart_index)
    uart_irq                                 0x2000006c   Data           8  zf_driver_uart.o(.data.uart_irq)
    [Anonymous Symbol]                       0x2000006c   Section        0  zf_driver_uart.o(.data.uart_irq)
    zf_debug_assert_enable                   0x20000074   Data           1  zf_common_debug.o(.data.zf_debug_assert_enable)
    [Anonymous Symbol]                       0x20000074   Section        0  zf_common_debug.o(.data.zf_debug_assert_enable)
    adc_resolution                           0x20000078   Data           3  zf_driver_adc.o(.bss.adc_resolution)
    [Anonymous Symbol]                       0x20000078   Section        0  zf_driver_adc.o(.bss.adc_resolution)
    bluetooth_ch9141_data                    0x2000007b   Data           1  zf_device_bluetooth_ch9141.o(.bss.bluetooth_ch9141_data)
    [Anonymous Symbol]                       0x2000007b   Section        0  zf_device_bluetooth_ch9141.o(.bss.bluetooth_ch9141_data)
    bluetooth_ch9141_fifo                    0x2000007c   Data          20  zf_device_bluetooth_ch9141.o(.bss.bluetooth_ch9141_fifo)
    [Anonymous Symbol]                       0x2000007c   Section        0  zf_device_bluetooth_ch9141.o(.bss.bluetooth_ch9141_fifo)
    debug_assert_handler.assert_nest_index   0x20000091   Data           1  zf_common_debug.o(.bss.debug_assert_handler.assert_nest_index)
    [Anonymous Symbol]                       0x20000091   Section        0  zf_common_debug.o(.bss.debug_assert_handler.assert_nest_index)
    debug_output_info                        0x20000094   Data          20  zf_common_debug.o(.bss.debug_output_info)
    [Anonymous Symbol]                       0x20000094   Section        0  zf_common_debug.o(.bss.debug_output_info)
    interrupt_nest_count                     0x20000174   Data           4  zf_common_interrupt.o(.bss.interrupt_nest_count)
    [Anonymous Symbol]                       0x20000174   Section        0  zf_common_interrupt.o(.bss.interrupt_nest_count)
    tft180_display_dir                       0x2000017f   Data           1  zf_device_tft180.o(.bss.tft180_display_dir)
    [Anonymous Symbol]                       0x2000017f   Section        0  zf_device_tft180.o(.bss.tft180_display_dir)
    tsl1401_init_state                       0x20000381   Data           1  zf_device_tsl1401.o(.bss.tsl1401_init_state)
    [Anonymous Symbol]                       0x20000381   Section        0  zf_device_tsl1401.o(.bss.tsl1401_init_state)
    wireless_uart_data                       0x20000384   Data           1  zf_device_wireless_uart.o(.bss.wireless_uart_data)
    [Anonymous Symbol]                       0x20000384   Section        0  zf_device_wireless_uart.o(.bss.wireless_uart_data)
    wireless_uart_fifo                       0x20000388   Data          20  zf_device_wireless_uart.o(.bss.wireless_uart_fifo)
    [Anonymous Symbol]                       0x20000388   Section        0  zf_device_wireless_uart.o(.bss.wireless_uart_fifo)
    zf_debug_init_flag                       0x2000039c   Data           1  zf_common_debug.o(.bss.zf_debug_init_flag)
    [Anonymous Symbol]                       0x2000039c   Section        0  zf_common_debug.o(.bss.zf_debug_init_flag)

    Global Symbols

    Symbol Name                              Value     Ov Type        Size  Object(Section)

    BuildAttributes$$THM_ISAv4$P$D$K$B$S$PE$A:L22UL41UL21$X:L11$S22US41US21$IEEE1$IW$~IW$USESV6$~STKCKD$USESV7$~SHL$OTIME$ROPI$IEEEX$EBA8$MICROLIB$REQ8$PRES8$EABIv2 0x00000000   Number         0  anon$$obj.o ABSOLUTE
    __cpp_initialize__aeabi_                  - Undefined Weak Reference
    __cxa_finalize                            - Undefined Weak Reference
    __decompress                              - Undefined Weak Reference
    _clock_init                               - Undefined Weak Reference
    _microlib_exit                            - Undefined Weak Reference
    __Vectors_Size                           0x00000190   Number         0  startup_mm32f3277g.o ABSOLUTE
    __Vectors                                0x08000000   Data           4  startup_mm32f3277g.o(RESET)
    __Vectors_End                            0x08000190   Data           0  startup_mm32f3277g.o(RESET)
    __main                                   0x08000401   Thumb Code     0  entry.o(.ARM.Collect$$$$00000000)
    _main_stk                                0x08000401   Thumb Code     0  entry4.o(.ARM.Collect$$$$00000003)
    _main_scatterload                        0x08000405   Thumb Code     0  entry5.o(.ARM.Collect$$$$00000004)
    __main_after_scatterload                 0x08000409   Thumb Code     0  entry5.o(.ARM.Collect$$$$00000004)
    _main_clock                              0x08000409   Thumb Code     0  entry7b.o(.ARM.Collect$$$$00000008)
    _main_cpp_init                           0x08000409   Thumb Code     0  entry8b.o(.ARM.Collect$$$$0000000A)
    _main_init                               0x08000409   Thumb Code     0  entry9a.o(.ARM.Collect$$$$0000000B)
    __rt_final_cpp                           0x08000411   Thumb Code     0  entry10a.o(.ARM.Collect$$$$0000000D)
    __rt_final_exit                          0x08000411   Thumb Code     0  entry11a.o(.ARM.Collect$$$$0000000F)
    Reset_Handler                            0x08000415   Thumb Code     8  startup_mm32f3277g.o(.text)
    NMI_Handler                              0x0800041d   Thumb Code     2  startup_mm32f3277g.o(.text)
    HardFault_Handler                        0x0800041f   Thumb Code     2  startup_mm32f3277g.o(.text)
    MemManage_Handler                        0x08000421   Thumb Code     2  startup_mm32f3277g.o(.text)
    BusFault_Handler                         0x08000423   Thumb Code     2  startup_mm32f3277g.o(.text)
    UsageFault_Handler                       0x08000425   Thumb Code     2  startup_mm32f3277g.o(.text)
    SVC_Handler                              0x08000427   Thumb Code     2  startup_mm32f3277g.o(.text)
    DebugMon_Handler                         0x08000429   Thumb Code     2  startup_mm32f3277g.o(.text)
    PendSV_Handler                           0x0800042b   Thumb Code     2  startup_mm32f3277g.o(.text)
    SysTick_Handler                          0x0800042d   Thumb Code     2  startup_mm32f3277g.o(.text)
    ADC1_2_IRQHandler                        0x0800042f   Thumb Code     0  startup_mm32f3277g.o(.text)
    ADC3_IRQHandler                          0x0800042f   Thumb Code     0  startup_mm32f3277g.o(.text)
    CAN1_RX_IRQHandler                       0x0800042f   Thumb Code     0  startup_mm32f3277g.o(.text)
    COMP1_2_IRQHandler                       0x0800042f   Thumb Code     0  startup_mm32f3277g.o(.text)
    ETH_IRQHandler                           0x0800042f   Thumb Code     0  startup_mm32f3277g.o(.text)
    FLASH_IRQHandler                         0x0800042f   Thumb Code     0  startup_mm32f3277g.o(.text)
    FlashCache_IRQHandler                    0x0800042f   Thumb Code     0  startup_mm32f3277g.o(.text)
    I2C1_IRQHandler                          0x0800042f   Thumb Code     0  startup_mm32f3277g.o(.text)
    I2C2_IRQHandler                          0x0800042f   Thumb Code     0  startup_mm32f3277g.o(.text)
    OTG_FS_IRQHandler                        0x0800042f   Thumb Code     0  startup_mm32f3277g.o(.text)
    OTG_FS_WKUP_IRQHandler                   0x0800042f   Thumb Code     0  startup_mm32f3277g.o(.text)
    PVD_IRQHandler                           0x0800042f   Thumb Code     0  startup_mm32f3277g.o(.text)
    RCC_CRS_IRQHandler                       0x0800042f   Thumb Code     0  startup_mm32f3277g.o(.text)
    RTCAlarm_IRQHandler                      0x0800042f   Thumb Code     0  startup_mm32f3277g.o(.text)
    RTC_IRQHandler                           0x0800042f   Thumb Code     0  startup_mm32f3277g.o(.text)
    SDIO_IRQHandler                          0x0800042f   Thumb Code     0  startup_mm32f3277g.o(.text)
    SPI1_IRQHandler                          0x0800042f   Thumb Code     0  startup_mm32f3277g.o(.text)
    SPI2_IRQHandler                          0x0800042f   Thumb Code     0  startup_mm32f3277g.o(.text)
    SPI3_IRQHandler                          0x0800042f   Thumb Code     0  startup_mm32f3277g.o(.text)
    TAMPER_IRQHandler                        0x0800042f   Thumb Code     0  startup_mm32f3277g.o(.text)
    TIM1_BRK_IRQHandler                      0x0800042f   Thumb Code     0  startup_mm32f3277g.o(.text)
    TIM1_CC_IRQHandler                       0x0800042f   Thumb Code     0  startup_mm32f3277g.o(.text)
    TIM1_TRG_COM_IRQHandler                  0x0800042f   Thumb Code     0  startup_mm32f3277g.o(.text)
    TIM8_BRK_IRQHandler                      0x0800042f   Thumb Code     0  startup_mm32f3277g.o(.text)
    TIM8_CC_IRQHandler                       0x0800042f   Thumb Code     0  startup_mm32f3277g.o(.text)
    TIM8_TRG_COM_IRQHandler                  0x0800042f   Thumb Code     0  startup_mm32f3277g.o(.text)
    WWDG_IRQHandler                          0x0800042f   Thumb Code     0  startup_mm32f3277g.o(.text)
    __aeabi_memcpy                           0x08000439   Thumb Code    36  memcpya.o(.text)
    __aeabi_memcpy4                          0x08000439   Thumb Code     0  memcpya.o(.text)
    __aeabi_memcpy8                          0x08000439   Thumb Code     0  memcpya.o(.text)
    __aeabi_memset                           0x0800045d   Thumb Code    14  memseta.o(.text)
    __aeabi_memset4                          0x0800045d   Thumb Code     0  memseta.o(.text)
    __aeabi_memset8                          0x0800045d   Thumb Code     0  memseta.o(.text)
    __aeabi_memclr                           0x0800046b   Thumb Code     4  memseta.o(.text)
    __aeabi_memclr4                          0x0800046b   Thumb Code     0  memseta.o(.text)
    __aeabi_memclr8                          0x0800046b   Thumb Code     0  memseta.o(.text)
    _memset$wrapper                          0x0800046f   Thumb Code    18  memseta.o(.text)
    strlen                                   0x08000481   Thumb Code    14  strlen.o(.text)
    __aeabi_dadd                             0x0800048f   Thumb Code   322  dadd.o(.text)
    __aeabi_dsub                             0x080005d1   Thumb Code     6  dadd.o(.text)
    __aeabi_drsub                            0x080005d7   Thumb Code     6  dadd.o(.text)
    __aeabi_dmul                             0x080005dd   Thumb Code   228  dmul.o(.text)
    __aeabi_ddiv                             0x080006c1   Thumb Code   222  ddiv.o(.text)
    __aeabi_uidiv                            0x0800079f   Thumb Code     0  uidiv.o(.text)
    __aeabi_uidivmod                         0x0800079f   Thumb Code    44  uidiv.o(.text)
    __aeabi_uldivmod                         0x080007cb   Thumb Code    98  uldiv.o(.text)
    __aeabi_llsl                             0x0800082d   Thumb Code    30  llshl.o(.text)
    _ll_shift_l                              0x0800082d   Thumb Code     0  llshl.o(.text)
    __aeabi_llsr                             0x0800084b   Thumb Code    32  llushr.o(.text)
    _ll_ushift_r                             0x0800084b   Thumb Code     0  llushr.o(.text)
    __aeabi_lasr                             0x0800086b   Thumb Code    36  llsshr.o(.text)
    _ll_sshift_r                             0x0800086b   Thumb Code     0  llsshr.o(.text)
    __I$use$fp                               0x0800088f   Thumb Code     0  iusefp.o(.text)
    _double_round                            0x0800088f   Thumb Code    30  depilogue.o(.text)
    _double_epilogue                         0x080008ad   Thumb Code   156  depilogue.o(.text)
    __aeabi_d2ulz                            0x08000949   Thumb Code    48  dfixul.o(.text)
    __aeabi_cdrcmple                         0x08000979   Thumb Code    48  cdrcmple.o(.text)
    __scatterload                            0x080009a9   Thumb Code    28  init.o(.text)
    __scatterload_rt2                        0x080009a9   Thumb Code     0  init.o(.text)
    DMA1_Channel1_IRQHandler                 0x080009cd   Thumb Code    34  isr.o(.text.DMA1_Channel1_IRQHandler)
    DMA1_Channel2_IRQHandler                 0x080009f1   Thumb Code    34  isr.o(.text.DMA1_Channel2_IRQHandler)
    DMA1_Channel3_IRQHandler                 0x08000a15   Thumb Code    34  isr.o(.text.DMA1_Channel3_IRQHandler)
    DMA1_Channel4_IRQHandler                 0x08000a39   Thumb Code    40  isr.o(.text.DMA1_Channel4_IRQHandler)
    DMA1_Channel5_IRQHandler                 0x08000a61   Thumb Code    34  isr.o(.text.DMA1_Channel5_IRQHandler)
    DMA1_Channel6_IRQHandler                 0x08000a85   Thumb Code    34  isr.o(.text.DMA1_Channel6_IRQHandler)
    DMA1_Channel7_IRQHandler                 0x08000aa9   Thumb Code    34  isr.o(.text.DMA1_Channel7_IRQHandler)
    DMA2_Channel1_IRQHandler                 0x08000acd   Thumb Code    38  isr.o(.text.DMA2_Channel1_IRQHandler)
    DMA2_Channel2_IRQHandler                 0x08000af5   Thumb Code    38  isr.o(.text.DMA2_Channel2_IRQHandler)
    DMA2_Channel3_IRQHandler                 0x08000b1d   Thumb Code    38  isr.o(.text.DMA2_Channel3_IRQHandler)
    DMA2_Channel4_IRQHandler                 0x08000b45   Thumb Code    38  isr.o(.text.DMA2_Channel4_IRQHandler)
    DMA2_Channel5_IRQHandler                 0x08000b6d   Thumb Code    38  isr.o(.text.DMA2_Channel5_IRQHandler)
    EXTI0_IRQHandler                         0x08000b95   Thumb Code    18  isr.o(.text.EXTI0_IRQHandler)
    EXTI15_10_IRQHandler                     0x08000ba9   Thumb Code   218  isr.o(.text.EXTI15_10_IRQHandler)
    EXTI1_IRQHandler                         0x08000c85   Thumb Code    18  isr.o(.text.EXTI1_IRQHandler)
    EXTI2_IRQHandler                         0x08000c99   Thumb Code    18  isr.o(.text.EXTI2_IRQHandler)
    EXTI3_IRQHandler                         0x08000cad   Thumb Code    18  isr.o(.text.EXTI3_IRQHandler)
    EXTI4_IRQHandler                         0x08000cc1   Thumb Code    18  isr.o(.text.EXTI4_IRQHandler)
    EXTI9_5_IRQHandler                       0x08000cd5   Thumb Code   188  isr.o(.text.EXTI9_5_IRQHandler)
    SystemInit                               0x08000d91   Thumb Code    16  system_mm32f3277g.o(.text.SystemInit)
    TIM1_UP_IRQHandler                       0x08000da1   Thumb Code    20  isr.o(.text.TIM1_UP_IRQHandler)
    TIM2_IRQHandler                          0x08000db5   Thumb Code    18  isr.o(.text.TIM2_IRQHandler)
    TIM3_IRQHandler                          0x08000dc9   Thumb Code    20  isr.o(.text.TIM3_IRQHandler)
    TIM4_IRQHandler                          0x08000ddd   Thumb Code    20  isr.o(.text.TIM4_IRQHandler)
    TIM5_IRQHandler                          0x08000df1   Thumb Code    20  isr.o(.text.TIM5_IRQHandler)
    TIM6_IRQHandler                          0x08000e05   Thumb Code    20  isr.o(.text.TIM6_IRQHandler)
    TIM7_IRQHandler                          0x08000e19   Thumb Code    20  isr.o(.text.TIM7_IRQHandler)
    TIM8_UP_IRQHandler                       0x08000e2d   Thumb Code    26  isr.o(.text.TIM8_UP_IRQHandler)
    UART1_IRQHandler                         0x08000e49   Thumb Code    74  isr.o(.text.UART1_IRQHandler)
    UART2_IRQHandler                         0x08000e95   Thumb Code    74  isr.o(.text.UART2_IRQHandler)
    UART3_IRQHandler                         0x08000ee1   Thumb Code    80  isr.o(.text.UART3_IRQHandler)
    UART4_IRQHandler                         0x08000f31   Thumb Code    74  isr.o(.text.UART4_IRQHandler)
    UART5_IRQHandler                         0x08000f7d   Thumb Code    74  isr.o(.text.UART5_IRQHandler)
    UART6_IRQHandler                         0x08000fc9   Thumb Code    80  isr.o(.text.UART6_IRQHandler)
    UART7_IRQHandler                         0x08001019   Thumb Code    74  isr.o(.text.UART7_IRQHandler)
    UART8_IRQHandler                         0x08001065   Thumb Code    80  isr.o(.text.UART8_IRQHandler)
    adc_convert                              0x0800116d   Thumb Code   158  zf_driver_adc.o(.text.adc_convert)
    afio_init                                0x0800120d   Thumb Code   410  zf_driver_gpio.o(.text.afio_init)
    bluetooth_ch9141_uart_callback           0x080013a9   Thumb Code    50  zf_device_bluetooth_ch9141.o(.text.bluetooth_ch9141_uart_callback)
    camera_dma_handler                       0x080013dd   Thumb Code   118  zf_device_type.o(.text.camera_dma_handler)
    camera_uart_handler                      0x08001455   Thumb Code   284  zf_device_type.o(.text.camera_uart_handler)
    camera_vsync_handler                     0x08001571   Thumb Code   208  zf_device_type.o(.text.camera_vsync_handler)
    clock_init                               0x08001641   Thumb Code    40  zf_common_clock.o(.text.clock_init)
    debug_assert_handler                     0x08001981   Thumb Code   112  zf_common_debug.o(.text.debug_assert_handler)
    debug_init                               0x08001a31   Thumb Code    50  zf_common_debug.o(.text.debug_init)
    debug_output_init                        0x08001d29   Thumb Code    80  zf_common_debug.o(.text.debug_output_init)
    debug_output_struct_init                 0x08001d79   Thumb Code    52  zf_common_debug.o(.text.debug_output_struct_init)
    dma_disable                              0x08001dcd   Thumb Code    54  zf_driver_dma.o(.text.dma_disable)
    dma_enable                               0x08001e05   Thumb Code    54  zf_driver_dma.o(.text.dma_enable)
    dma_set_count                            0x08001e3d   Thumb Code    66  zf_driver_dma.o(.text.dma_set_count)
    fifo_head_offset                         0x08001e81   Thumb Code    56  zf_common_fifo.o(.text.fifo_head_offset)
    fifo_write_buffer                        0x08001eb9   Thumb Code   234  zf_common_fifo.o(.text.fifo_write_buffer)
    get_greatest_common_divisor              0x08001fa5   Thumb Code    74  zf_common_function.o(.text.get_greatest_common_divisor)
    gpio_init                                0x08001ff1   Thumb Code   500  zf_driver_gpio.o(.text.gpio_init)
    gps_init                                 0x080021e5   Thumb Code   540  zf_device_gps_tau1201.o(.text.gps_init)
    gps_uart_callback                        0x08002401   Thumb Code   164  zf_device_gps_tau1201.o(.text.gps_uart_callback)
    interrupt_disable                        0x080024a5   Thumb Code    24  zf_common_interrupt.o(.text.interrupt_disable)
    interrupt_enable                         0x080024bd   Thumb Code    24  zf_common_interrupt.o(.text.interrupt_enable)
    interrupt_global_disable                 0x080024d5   Thumb Code    36  zf_common_interrupt.o(.text.interrupt_global_disable)
    interrupt_global_enable                  0x080024f9   Thumb Code    54  zf_common_interrupt.o(.text.interrupt_global_enable)
    interrupt_init                           0x08002531   Thumb Code    10  zf_common_interrupt.o(.text.interrupt_init)
    main                                     0x0800253d   Thumb Code    54  main.o(.text.main)
    spi_init                                 0x08002575   Thumb Code   704  zf_driver_spi.o(.text.spi_init)
    spi_write_16bit                          0x08002835   Thumb Code   200  zf_driver_spi.o(.text.spi_write_16bit)
    spi_write_8bit                           0x080028fd   Thumb Code   148  zf_driver_spi.o(.text.spi_write_8bit)
    system_delay                             0x08002991   Thumb Code   150  zf_driver_delay.o(.text.system_delay)
    tft180_clear                             0x08002a29   Thumb Code    90  zf_device_tft180.o(.text.tft180_clear)
    tft180_init                              0x08002add   Thumb Code  1082  zf_device_tft180.o(.text.tft180_init)
    tft180_set_color                         0x08002f19   Thumb Code    50  zf_device_tft180.o(.text.tft180_set_color)
    tft180_set_dir                           0x08002f4d   Thumb Code    90  zf_device_tft180.o(.text.tft180_set_dir)
    tft180_show_char                         0x08003165   Thumb Code   300  zf_device_tft180.o(.text.tft180_show_char)
    tft180_show_string                       0x08003291   Thumb Code   178  zf_device_tft180.o(.text.tft180_show_string)
    tsl1401_collect_pit_handler              0x080033ad   Thumb Code   230  zf_device_tsl1401.o(.text.tsl1401_collect_pit_handler)
    uart_init                                0x08003495   Thumb Code   642  zf_driver_uart.o(.text.uart_init)
    uart_query_byte                          0x08003719   Thumb Code    88  zf_driver_uart.o(.text.uart_query_byte)
    uart_rx_interrupt                        0x08003771   Thumb Code   130  zf_driver_uart.o(.text.uart_rx_interrupt)
    uart_write_buffer                        0x080037f5   Thumb Code   106  zf_driver_uart.o(.text.uart_write_buffer)
    uart_write_byte                          0x08003861   Thumb Code    74  zf_driver_uart.o(.text.uart_write_byte)
    uart_write_string                        0x080038ad   Thumb Code    52  zf_driver_uart.o(.text.uart_write_string)
    wireless_module_uart_handler             0x080038e1   Thumb Code    50  zf_device_type.o(.text.wireless_module_uart_handler)
    wireless_uart_callback                   0x08003915   Thumb Code    50  zf_device_wireless_uart.o(.text.wireless_uart_callback)
    __0sprintf                               0x08003949   Thumb Code    34  printfa.o(i.__0sprintf)
    __1sprintf                               0x08003949   Thumb Code     0  printfa.o(i.__0sprintf)
    __2sprintf                               0x08003949   Thumb Code     0  printfa.o(i.__0sprintf)
    __c89sprintf                             0x08003949   Thumb Code     0  printfa.o(i.__0sprintf)
    sprintf                                  0x08003949   Thumb Code     0  printfa.o(i.__0sprintf)
    __scatterload_copy                       0x08003971   Thumb Code    14  handlers.o(i.__scatterload_copy)
    __scatterload_null                       0x0800397f   Thumb Code     2  handlers.o(i.__scatterload_null)
    __scatterload_zeroinit                   0x08003981   Thumb Code    14  handlers.o(i.__scatterload_zeroinit)
    tft_ascii                                0x080042e7   Data        1520  zf_common_font.o(.rodata.tft_ascii)
    Region$$Table$$Base                      0x080048d8   Number         0  anon$$obj.o(Region$$Table)
    Region$$Table$$Limit                     0x080048f8   Number         0  anon$$obj.o(Region$$Table)
    gpio_group                               0x20000014   Data          32  zf_driver_gpio.o(.data.gpio_group)
    system_clock                             0x20000040   Data           4  zf_common_clock.o(.data.system_clock)
    camera_type                              0x20000090   Data           1  zf_device_type.o(.bss.camera_type)
    gps_tau1201_buffer1                      0x200000a8   Data         100  zf_device_gps_tau1201.o(.bss.gps_tau1201_buffer1)
    gps_tau1201_buffer2                      0x2000010c   Data         100  zf_device_gps_tau1201.o(.bss.gps_tau1201_buffer2)
    gps_tau1201_flag                         0x20000170   Data           1  zf_device_gps_tau1201.o(.bss.gps_tau1201_flag)
    gps_tau1201_num                          0x20000171   Data           1  zf_device_gps_tau1201.o(.bss.gps_tau1201_num)
    mt9v03x_finish_flag                      0x20000178   Data           1  zf_device_mt9v03x.o(.bss.mt9v03x_finish_flag)
    ov7725_finish_flag                       0x20000179   Data           1  zf_device_ov7725.o(.bss.ov7725_finish_flag)
    receive                                  0x2000017a   Data           3  zf_device_type.o(.bss.receive)
    receive_num                              0x2000017d   Data           1  zf_device_type.o(.bss.receive_num)
    scc8660_finish_flag                      0x2000017e   Data           1  zf_device_scc8660.o(.bss.scc8660_finish_flag)
    tsl1401_data                             0x20000180   Data         512  zf_device_tsl1401.o(.bss.tsl1401_data)
    tsl1401_finish_flag                      0x20000380   Data           1  zf_device_tsl1401.o(.bss.tsl1401_finish_flag)
    uart_receive_flag                        0x20000382   Data           1  zf_device_type.o(.bss.uart_receive_flag)
    wireless_type                            0x20000383   Data           1  zf_device_type.o(.bss.wireless_type)
    Image$$ARM_LIB_STACK$$ZI$$Limit          0x20020000   Number         0  anon$$obj.o ABSOLUTE



==============================================================================

Memory Map of the image

  Image Entry point : 0x08000401

  Load Region LR_m_text (Base: 0x08000000, Size: 0x00004970, Max: 0x00080000, ABSOLUTE)

    Execution Region VECTOR_ROM (Exec base: 0x08000000, Load base: 0x08000000, Size: 0x00000190, Max: 0x00000400, ABSOLUTE)

    Exec Addr    Load Addr    Size         Type   Attr      Idx    E Section Name        Object

    0x08000000   0x08000000   0x00000190   Data   RO         1314    RESET               startup_mm32f3277g.o


    Execution Region ER_m_text (Exec base: 0x08000400, Load base: 0x08000400, Size: 0x000044f8, Max: 0x0007fc00, ABSOLUTE, FIXED)

    Exec Addr    Load Addr    Size         Type   Attr      Idx    E Section Name        Object

    0x08000400   0x08000400   0x00000000   Code   RO         2319  * .ARM.Collect$$$$00000000  mc_w.l(entry.o)
    0x08000400   0x08000400   0x00000004   Code   RO         2449    .ARM.Collect$$$$00000003  mc_w.l(entry4.o)
    0x08000404   0x08000404   0x00000004   Code   RO         2452    .ARM.Collect$$$$00000004  mc_w.l(entry5.o)
    0x08000408   0x08000408   0x00000000   Code   RO         2454    .ARM.Collect$$$$00000008  mc_w.l(entry7b.o)
    0x08000408   0x08000408   0x00000000   Code   RO         2456    .ARM.Collect$$$$0000000A  mc_w.l(entry8b.o)
    0x08000408   0x08000408   0x00000008   Code   RO         2457    .ARM.Collect$$$$0000000B  mc_w.l(entry9a.o)
    0x08000410   0x08000410   0x00000000   Code   RO         2459    .ARM.Collect$$$$0000000D  mc_w.l(entry10a.o)
    0x08000410   0x08000410   0x00000000   Code   RO         2461    .ARM.Collect$$$$0000000F  mc_w.l(entry11a.o)
    0x08000410   0x08000410   0x00000004   Code   RO         2450    .ARM.Collect$$$$00002714  mc_w.l(entry4.o)
    0x08000414   0x08000414   0x00000024   Code   RO         1315    .text               startup_mm32f3277g.o
    0x08000438   0x08000438   0x00000024   Code   RO         2322    .text               mc_w.l(memcpya.o)
    0x0800045c   0x0800045c   0x00000024   Code   RO         2324    .text               mc_w.l(memseta.o)
    0x08000480   0x08000480   0x0000000e   Code   RO         2330    .text               mc_w.l(strlen.o)
    0x0800048e   0x0800048e   0x0000014e   Code   RO         2372    .text               mf_w.l(dadd.o)
    0x080005dc   0x080005dc   0x000000e4   Code   RO         2374    .text               mf_w.l(dmul.o)
    0x080006c0   0x080006c0   0x000000de   Code   RO         2376    .text               mf_w.l(ddiv.o)
    0x0800079e   0x0800079e   0x0000002c   Code   RO         2464    .text               mc_w.l(uidiv.o)
    0x080007ca   0x080007ca   0x00000062   Code   RO         2466    .text               mc_w.l(uldiv.o)
    0x0800082c   0x0800082c   0x0000001e   Code   RO         2468    .text               mc_w.l(llshl.o)
    0x0800084a   0x0800084a   0x00000020   Code   RO         2470    .text               mc_w.l(llushr.o)
    0x0800086a   0x0800086a   0x00000024   Code   RO         2472    .text               mc_w.l(llsshr.o)
    0x0800088e   0x0800088e   0x00000000   Code   RO         2481    .text               mc_w.l(iusefp.o)
    0x0800088e   0x0800088e   0x000000ba   Code   RO         2484    .text               mf_w.l(depilogue.o)
    0x08000948   0x08000948   0x00000030   Code   RO         2490    .text               mf_w.l(dfixul.o)
    0x08000978   0x08000978   0x00000030   Code   RO         2494    .text               mf_w.l(cdrcmple.o)
    0x080009a8   0x080009a8   0x00000024   Code   RO         2496    .text               mc_w.l(init.o)
    0x080009cc   0x080009cc   0x00000022   Code   RO           60    .text.DMA1_Channel1_IRQHandler  isr.o
    0x080009ee   0x080009ee   0x00000002   PAD
    0x080009f0   0x080009f0   0x00000022   Code   RO           62    .text.DMA1_Channel2_IRQHandler  isr.o
    0x08000a12   0x08000a12   0x00000002   PAD
    0x08000a14   0x08000a14   0x00000022   Code   RO           64    .text.DMA1_Channel3_IRQHandler  isr.o
    0x08000a36   0x08000a36   0x00000002   PAD
    0x08000a38   0x08000a38   0x00000028   Code   RO           66    .text.DMA1_Channel4_IRQHandler  isr.o
    0x08000a60   0x08000a60   0x00000022   Code   RO           68    .text.DMA1_Channel5_IRQHandler  isr.o
    0x08000a82   0x08000a82   0x00000002   PAD
    0x08000a84   0x08000a84   0x00000022   Code   RO           70    .text.DMA1_Channel6_IRQHandler  isr.o
    0x08000aa6   0x08000aa6   0x00000002   PAD
    0x08000aa8   0x08000aa8   0x00000022   Code   RO           72    .text.DMA1_Channel7_IRQHandler  isr.o
    0x08000aca   0x08000aca   0x00000002   PAD
    0x08000acc   0x08000acc   0x00000026   Code   RO           74    .text.DMA2_Channel1_IRQHandler  isr.o
    0x08000af2   0x08000af2   0x00000002   PAD
    0x08000af4   0x08000af4   0x00000026   Code   RO           76    .text.DMA2_Channel2_IRQHandler  isr.o
    0x08000b1a   0x08000b1a   0x00000002   PAD
    0x08000b1c   0x08000b1c   0x00000026   Code   RO           78    .text.DMA2_Channel3_IRQHandler  isr.o
    0x08000b42   0x08000b42   0x00000002   PAD
    0x08000b44   0x08000b44   0x00000026   Code   RO           80    .text.DMA2_Channel4_IRQHandler  isr.o
    0x08000b6a   0x08000b6a   0x00000002   PAD
    0x08000b6c   0x08000b6c   0x00000026   Code   RO           82    .text.DMA2_Channel5_IRQHandler  isr.o
    0x08000b92   0x08000b92   0x00000002   PAD
    0x08000b94   0x08000b94   0x00000012   Code   RO           46    .text.EXTI0_IRQHandler  isr.o
    0x08000ba6   0x08000ba6   0x00000002   PAD
    0x08000ba8   0x08000ba8   0x000000da   Code   RO           58    .text.EXTI15_10_IRQHandler  isr.o
    0x08000c82   0x08000c82   0x00000002   PAD
    0x08000c84   0x08000c84   0x00000012   Code   RO           48    .text.EXTI1_IRQHandler  isr.o
    0x08000c96   0x08000c96   0x00000002   PAD
    0x08000c98   0x08000c98   0x00000012   Code   RO           50    .text.EXTI2_IRQHandler  isr.o
    0x08000caa   0x08000caa   0x00000002   PAD
    0x08000cac   0x08000cac   0x00000012   Code   RO           52    .text.EXTI3_IRQHandler  isr.o
    0x08000cbe   0x08000cbe   0x00000002   PAD
    0x08000cc0   0x08000cc0   0x00000012   Code   RO           54    .text.EXTI4_IRQHandler  isr.o
    0x08000cd2   0x08000cd2   0x00000002   PAD
    0x08000cd4   0x08000cd4   0x000000bc   Code   RO           56    .text.EXTI9_5_IRQHandler  isr.o
    0x08000d90   0x08000d90   0x00000010   Code   RO         1306    .text.SystemInit    system_mm32f3277g.o
    0x08000da0   0x08000da0   0x00000014   Code   RO           14    .text.TIM1_UP_IRQHandler  isr.o
    0x08000db4   0x08000db4   0x00000012   Code   RO           16    .text.TIM2_IRQHandler  isr.o
    0x08000dc6   0x08000dc6   0x00000002   PAD
    0x08000dc8   0x08000dc8   0x00000014   Code   RO           18    .text.TIM3_IRQHandler  isr.o
    0x08000ddc   0x08000ddc   0x00000014   Code   RO           20    .text.TIM4_IRQHandler  isr.o
    0x08000df0   0x08000df0   0x00000014   Code   RO           22    .text.TIM5_IRQHandler  isr.o
    0x08000e04   0x08000e04   0x00000014   Code   RO           24    .text.TIM6_IRQHandler  isr.o
    0x08000e18   0x08000e18   0x00000014   Code   RO           26    .text.TIM7_IRQHandler  isr.o
    0x08000e2c   0x08000e2c   0x0000001a   Code   RO           28    .text.TIM8_UP_IRQHandler  isr.o
    0x08000e46   0x08000e46   0x00000002   PAD
    0x08000e48   0x08000e48   0x0000004a   Code   RO           30    .text.UART1_IRQHandler  isr.o
    0x08000e92   0x08000e92   0x00000002   PAD
    0x08000e94   0x08000e94   0x0000004a   Code   RO           32    .text.UART2_IRQHandler  isr.o
    0x08000ede   0x08000ede   0x00000002   PAD
    0x08000ee0   0x08000ee0   0x00000050   Code   RO           34    .text.UART3_IRQHandler  isr.o
    0x08000f30   0x08000f30   0x0000004a   Code   RO           36    .text.UART4_IRQHandler  isr.o
    0x08000f7a   0x08000f7a   0x00000002   PAD
    0x08000f7c   0x08000f7c   0x0000004a   Code   RO           38    .text.UART5_IRQHandler  isr.o
    0x08000fc6   0x08000fc6   0x00000002   PAD
    0x08000fc8   0x08000fc8   0x00000050   Code   RO           40    .text.UART6_IRQHandler  isr.o
    0x08001018   0x08001018   0x0000004a   Code   RO           42    .text.UART7_IRQHandler  isr.o
    0x08001062   0x08001062   0x00000002   PAD
    0x08001064   0x08001064   0x00000050   Code   RO           44    .text.UART8_IRQHandler  isr.o
    0x080010b4   0x080010b4   0x0000003e   Code   RO          220    .text.__NVIC_DisableIRQ  zf_common_interrupt.o
    0x080010f2   0x080010f2   0x00000002   PAD
    0x080010f4   0x080010f4   0x00000036   Code   RO          216    .text.__NVIC_EnableIRQ  zf_common_interrupt.o
    0x0800112a   0x0800112a   0x00000002   PAD
    0x0800112c   0x0800112c   0x00000040   Code   RO          228    .text.__NVIC_SetPriorityGrouping  zf_common_interrupt.o
    0x0800116c   0x0800116c   0x0000009e   Code   RO          239    .text.adc_convert   zf_driver_adc.o
    0x0800120a   0x0800120a   0x00000002   PAD
    0x0800120c   0x0800120c   0x0000019a   Code   RO          356    .text.afio_init     zf_driver_gpio.o
    0x080013a6   0x080013a6   0x00000002   PAD
    0x080013a8   0x080013a8   0x00000032   Code   RO          707    .text.bluetooth_ch9141_uart_callback  zf_device_bluetooth_ch9141.o
    0x080013da   0x080013da   0x00000002   PAD
    0x080013dc   0x080013dc   0x00000076   Code   RO         1249    .text.camera_dma_handler  zf_device_type.o
    0x08001452   0x08001452   0x00000002   PAD
    0x08001454   0x08001454   0x0000011c   Code   RO         1245    .text.camera_uart_handler  zf_device_type.o
    0x08001570   0x08001570   0x000000d0   Code   RO         1247    .text.camera_vsync_handler  zf_device_type.o
    0x08001640   0x08001640   0x00000028   Code   RO           92    .text.clock_init    zf_common_clock.o
    0x08001668   0x08001668   0x00000092   Code   RO           94    .text.clock_reset   zf_common_clock.o
    0x080016fa   0x080016fa   0x00000002   PAD
    0x080016fc   0x080016fc   0x00000282   Code   RO           96    .text.clock_set_freq  zf_common_clock.o
    0x0800197e   0x0800197e   0x00000002   PAD
    0x08001980   0x08001980   0x00000070   Code   RO          113    .text.debug_assert_handler  zf_common_debug.o
    0x080019f0   0x080019f0   0x00000040   Code   RO          117    .text.debug_delay   zf_common_debug.o
    0x08001a30   0x08001a30   0x00000032   Code   RO          125    .text.debug_init    zf_common_debug.o
    0x08001a62   0x08001a62   0x00000002   PAD
    0x08001a64   0x08001a64   0x000002c2   Code   RO          115    .text.debug_output  zf_common_debug.o
    0x08001d26   0x08001d26   0x00000002   PAD
    0x08001d28   0x08001d28   0x00000050   Code   RO          123    .text.debug_output_init  zf_common_debug.o
    0x08001d78   0x08001d78   0x00000034   Code   RO          121    .text.debug_output_struct_init  zf_common_debug.o
    0x08001dac   0x08001dac   0x0000001e   Code   RO          127    .text.debug_uart_str_output  zf_common_debug.o
    0x08001dca   0x08001dca   0x00000002   PAD
    0x08001dcc   0x08001dcc   0x00000036   Code   RO          269    .text.dma_disable   zf_driver_dma.o
    0x08001e02   0x08001e02   0x00000002   PAD
    0x08001e04   0x08001e04   0x00000036   Code   RO          267    .text.dma_enable    zf_driver_dma.o
    0x08001e3a   0x08001e3a   0x00000002   PAD
    0x08001e3c   0x08001e3c   0x00000042   Code   RO          265    .text.dma_set_count  zf_driver_dma.o
    0x08001e7e   0x08001e7e   0x00000002   PAD
    0x08001e80   0x08001e80   0x00000038   Code   RO          142    .text.fifo_head_offset  zf_common_fifo.o
    0x08001eb8   0x08001eb8   0x000000ea   Code   RO          150    .text.fifo_write_buffer  zf_common_fifo.o
    0x08001fa2   0x08001fa2   0x00000002   PAD
    0x08001fa4   0x08001fa4   0x0000004a   Code   RO          176    .text.get_greatest_common_divisor  zf_common_function.o
    0x08001fee   0x08001fee   0x00000002   PAD
    0x08001ff0   0x08001ff0   0x000001f4   Code   RO          354    .text.gpio_init     zf_driver_gpio.o
    0x080021e4   0x080021e4   0x0000021c   Code   RO          759    .text.gps_init      zf_device_gps_tau1201.o
    0x08002400   0x08002400   0x000000a4   Code   RO          747    .text.gps_uart_callback  zf_device_gps_tau1201.o
    0x080024a4   0x080024a4   0x00000018   Code   RO          218    .text.interrupt_disable  zf_common_interrupt.o
    0x080024bc   0x080024bc   0x00000018   Code   RO          214    .text.interrupt_enable  zf_common_interrupt.o
    0x080024d4   0x080024d4   0x00000024   Code   RO          212    .text.interrupt_global_disable  zf_common_interrupt.o
    0x080024f8   0x080024f8   0x00000036   Code   RO          210    .text.interrupt_global_enable  zf_common_interrupt.o
    0x0800252e   0x0800252e   0x00000002   PAD
    0x08002530   0x08002530   0x0000000a   Code   RO          226    .text.interrupt_init  zf_common_interrupt.o
    0x0800253a   0x0800253a   0x00000002   PAD
    0x0800253c   0x0800253c   0x00000036   Code   RO            4    .text.main          main.o
    0x08002572   0x08002572   0x00000002   PAD
    0x08002574   0x08002574   0x000002c0   Code   RO          617    .text.spi_init      zf_driver_spi.o
    0x08002834   0x08002834   0x000000c8   Code   RO          585    .text.spi_write_16bit  zf_driver_spi.o
    0x080028fc   0x080028fc   0x00000094   Code   RO          581    .text.spi_write_8bit  zf_driver_spi.o
    0x08002990   0x08002990   0x00000096   Code   RO          256    .text.system_delay  zf_driver_delay.o
    0x08002a26   0x08002a26   0x00000002   PAD
    0x08002a28   0x08002a28   0x0000005a   Code   RO         1172    .text.tft180_clear  zf_device_tft180.o
    0x08002a82   0x08002a82   0x00000002   PAD
    0x08002a84   0x08002a84   0x00000058   Code   RO         1208    .text.tft180_debug_init  zf_device_tft180.o
    0x08002adc   0x08002adc   0x0000043a   Code   RO         1206    .text.tft180_init   zf_device_tft180.o
    0x08002f16   0x08002f16   0x00000002   PAD
    0x08002f18   0x08002f18   0x00000032   Code   RO         1180    .text.tft180_set_color  zf_device_tft180.o
    0x08002f4a   0x08002f4a   0x00000002   PAD
    0x08002f4c   0x08002f4c   0x0000005a   Code   RO         1178    .text.tft180_set_dir  zf_device_tft180.o
    0x08002fa6   0x08002fa6   0x00000002   PAD
    0x08002fa8   0x08002fa8   0x000001bc   Code   RO         1174    .text.tft180_set_region  zf_device_tft180.o
    0x08003164   0x08003164   0x0000012c   Code   RO         1186    .text.tft180_show_char  zf_device_tft180.o
    0x08003290   0x08003290   0x000000b2   Code   RO         1188    .text.tft180_show_string  zf_device_tft180.o
    0x08003342   0x08003342   0x00000002   PAD
    0x08003344   0x08003344   0x00000066   Code   RO         1210    .text.tft180_write_index  zf_device_tft180.o
    0x080033aa   0x080033aa   0x00000002   PAD
    0x080033ac   0x080033ac   0x000000e6   Code   RO         1226    .text.tsl1401_collect_pit_handler  zf_device_tsl1401.o
    0x08003492   0x08003492   0x00000002   PAD
    0x08003494   0x08003494   0x00000282   Code   RO          669    .text.uart_init     zf_driver_uart.o
    0x08003716   0x08003716   0x00000002   PAD
    0x08003718   0x08003718   0x00000058   Code   RO          663    .text.uart_query_byte  zf_driver_uart.o
    0x08003770   0x08003770   0x00000082   Code   RO          667    .text.uart_rx_interrupt  zf_driver_uart.o
    0x080037f2   0x080037f2   0x00000002   PAD
    0x080037f4   0x080037f4   0x0000006a   Code   RO          657    .text.uart_write_buffer  zf_driver_uart.o
    0x0800385e   0x0800385e   0x00000002   PAD
    0x08003860   0x08003860   0x0000004a   Code   RO          655    .text.uart_write_byte  zf_driver_uart.o
    0x080038aa   0x080038aa   0x00000002   PAD
    0x080038ac   0x080038ac   0x00000034   Code   RO          659    .text.uart_write_string  zf_driver_uart.o
    0x080038e0   0x080038e0   0x00000032   Code   RO         1253    .text.wireless_module_uart_handler  zf_device_type.o
    0x08003912   0x08003912   0x00000002   PAD
    0x08003914   0x08003914   0x00000032   Code   RO         1281    .text.wireless_uart_callback  zf_device_wireless_uart.o
    0x08003946   0x08003946   0x00000002   PAD
    0x08003948   0x08003948   0x00000028   Code   RO         2341    i.__0sprintf        mc_w.l(printfa.o)
    0x08003970   0x08003970   0x0000000e   Code   RO         2500    i.__scatterload_copy  mc_w.l(handlers.o)
    0x0800397e   0x0800397e   0x00000002   Code   RO         2501    i.__scatterload_null  mc_w.l(handlers.o)
    0x08003980   0x08003980   0x0000000e   Code   RO         2502    i.__scatterload_zeroinit  mc_w.l(handlers.o)
    0x0800398e   0x0800398e   0x00000002   PAD
    0x08003990   0x08003990   0x00000184   Code   RO         2346    i._fp_digits        mc_w.l(printfa.o)
    0x08003b14   0x08003b14   0x000006dc   Code   RO         2347    i._printf_core      mc_w.l(printfa.o)
    0x080041f0   0x080041f0   0x00000024   Code   RO         2348    i._printf_post_padding  mc_w.l(printfa.o)
    0x08004214   0x08004214   0x0000002e   Code   RO         2349    i._printf_pre_padding  mc_w.l(printfa.o)
    0x08004242   0x08004242   0x0000000a   Code   RO         2351    i._sputc            mc_w.l(printfa.o)
    0x0800424c   0x0800424c   0x0000001c   Data   RO          777    .rodata..L__const.gps_init.set_rate  zf_device_gps_tau1201.o
    0x08004268   0x08004268   0x00000008   Data   RO            6    .rodata.str1.1      main.o
    0x08004270   0x08004270   0x0000004a   Data   RO          132    .rodata.str1.1      zf_common_debug.o
    0x080042ba   0x080042ba   0x0000002d   Data   RO         1217    .rodata.str1.1      zf_device_tft180.o
    0x080042e7   0x080042e7   0x000005f0   Data   RO          164    .rodata.tft_ascii   zf_common_font.o
    0x080048d7   0x080048d7   0x00000001   PAD
    0x080048d8   0x080048d8   0x00000020   Data   RO         2499    Region$$Table       anon$$obj.o


    Execution Region RW_m_data (Exec base: 0x20000000, Load base: 0x080048f8, Size: 0x000003a0, Max: 0x0001dc00, ABSOLUTE)

    Exec Addr    Load Addr    Size         Type   Attr      Idx    E Section Name        Object

    0x20000000   0x080048f8   0x0000000c   Data   RW          245    .data.adc_index     zf_driver_adc.o
    0x2000000c   0x08004904   0x00000008   Data   RW          273    .data.dma_index     zf_driver_dma.o
    0x20000014   0x0800490c   0x00000020   Data   RW          358    .data.gpio_group    zf_driver_gpio.o
    0x20000034   0x0800492c   0x0000000c   Data   RW          619    .data.spi_index     zf_driver_spi.o
    0x20000040   0x08004938   0x00000004   Data   RW           98    .data.system_clock  zf_common_clock.o
    0x20000044   0x0800493c   0x00000002   Data   RW         1214    .data.tft180_bgcolor  zf_device_tft180.o
    0x20000046   0x0800493e   0x00000002   Data   RW         1216    .data.tft180_pencolor  zf_device_tft180.o
    0x20000048   0x08004940   0x00000001   Data   RW         1212    .data.tft180_x_max  zf_device_tft180.o
    0x20000049   0x08004941   0x00000001   Data   RW         1213    .data.tft180_y_max  zf_device_tft180.o
    0x2000004a   0x08004942   0x00000002   PAD
    0x2000004c   0x08004944   0x00000020   Data   RW          671    .data.uart_index    zf_driver_uart.o
    0x2000006c   0x08004964   0x00000008   Data   RW          672    .data.uart_irq      zf_driver_uart.o
    0x20000074   0x0800496c   0x00000001   Data   RW          129    .data.zf_debug_assert_enable  zf_common_debug.o
    0x20000075   0x0800496d   0x00000003   PAD
    0x20000078        -       0x00000003   Zero   RW          246    .bss.adc_resolution  zf_driver_adc.o
    0x2000007b        -       0x00000001   Zero   RW          721    .bss.bluetooth_ch9141_data  zf_device_bluetooth_ch9141.o
    0x2000007c        -       0x00000014   Zero   RW          722    .bss.bluetooth_ch9141_fifo  zf_device_bluetooth_ch9141.o
    0x20000090        -       0x00000001   Zero   RW         1255    .bss.camera_type    zf_device_type.o
    0x20000091        -       0x00000001   Zero   RW          130    .bss.debug_assert_handler.assert_nest_index  zf_common_debug.o
    0x20000092   0x0800496d   0x00000002   PAD
    0x20000094        -       0x00000014   Zero   RW          133    .bss.debug_output_info  zf_common_debug.o
    0x200000a8        -       0x00000064   Zero   RW          773    .bss.gps_tau1201_buffer1  zf_device_gps_tau1201.o
    0x2000010c        -       0x00000064   Zero   RW          771    .bss.gps_tau1201_buffer2  zf_device_gps_tau1201.o
    0x20000170        -       0x00000001   Zero   RW          774    .bss.gps_tau1201_flag  zf_device_gps_tau1201.o
    0x20000171        -       0x00000001   Zero   RW          772    .bss.gps_tau1201_num  zf_device_gps_tau1201.o
    0x20000172   0x0800496d   0x00000002   PAD
    0x20000174        -       0x00000004   Zero   RW          230    .bss.interrupt_nest_count  zf_common_interrupt.o
    0x20000178        -       0x00000001   Zero   RW         1037    .bss.mt9v03x_finish_flag  zf_device_mt9v03x.o
    0x20000179        -       0x00000001   Zero   RW         1111    .bss.ov7725_finish_flag  zf_device_ov7725.o
    0x2000017a        -       0x00000003   Zero   RW         1257    .bss.receive        zf_device_type.o
    0x2000017d        -       0x00000001   Zero   RW         1258    .bss.receive_num    zf_device_type.o
    0x2000017e        -       0x00000001   Zero   RW         1142    .bss.scc8660_finish_flag  zf_device_scc8660.o
    0x2000017f        -       0x00000001   Zero   RW         1215    .bss.tft180_display_dir  zf_device_tft180.o
    0x20000180        -       0x00000200   Zero   RW         1233    .bss.tsl1401_data   zf_device_tsl1401.o
    0x20000380        -       0x00000001   Zero   RW         1234    .bss.tsl1401_finish_flag  zf_device_tsl1401.o
    0x20000381        -       0x00000001   Zero   RW         1232    .bss.tsl1401_init_state  zf_device_tsl1401.o
    0x20000382        -       0x00000001   Zero   RW         1259    .bss.uart_receive_flag  zf_device_type.o
    0x20000383        -       0x00000001   Zero   RW         1256    .bss.wireless_type  zf_device_type.o
    0x20000384        -       0x00000001   Zero   RW         1295    .bss.wireless_uart_data  zf_device_wireless_uart.o
    0x20000385   0x0800496d   0x00000003   PAD
    0x20000388        -       0x00000014   Zero   RW         1296    .bss.wireless_uart_fifo  zf_device_wireless_uart.o
    0x2000039c        -       0x00000001   Zero   RW          131    .bss.zf_debug_init_flag  zf_common_debug.o


    Execution Region ARM_LIB_HEAP (Exec base: 0x200003a0, Load base: 0x08004970, Size: 0x00000400, Max: 0x00000400, ABSOLUTE)

    Exec Addr    Load Addr    Size         Type   Attr      Idx    E Section Name        Object

    0x200003a0        -       0x00000400   Zero   RW            1    ARM_LIB_HEAP.bss    anon$$obj.o


    Execution Region ARM_LIB_STACK (Exec base: 0x2001e000, Load base: 0x08004970, Size: 0x00002000, Max: 0x00002000, ABSOLUTE)

    Exec Addr    Load Addr    Size         Type   Attr      Idx    E Section Name        Object

    0x2001e000        -       0x00002000   Zero   RW            2    ARM_LIB_STACK.bss   anon$$obj.o


==============================================================================

Image component sizes


      Code (inc. data)   RO Data    RW Data    ZI Data      Debug   Object Name

      1704          0          0          0          0       6570   isr.o
        54          0          8          0          0        683   main.o
        36          8        400          0          0        860   startup_mm32f3277g.o
        16          0          0          0          0        429   system_mm32f3277g.o
       828          0          0          4          0       2911   zf_common_clock.o
      1094          0         74          1         22       4922   zf_common_debug.o
       290          0          0          0          0       2571   zf_common_fifo.o
         0          0       1520          0          0        782   zf_common_font.o
        74          0          0          0          0       6581   zf_common_function.o
       328          0          0          0          4       4598   zf_common_interrupt.o
        50          0          0          0         21       4927   zf_device_bluetooth_ch9141.o
       704          0         28          0        202       6981   zf_device_gps_tau1201.o
         0          0          0          0          1       5917   zf_device_mt9v03x.o
         0          0          0          0          1       5736   zf_device_ov7725.o
         0          0          0          0          1       6500   zf_device_scc8660.o
      2424          4         45          6          1      10735   zf_device_tft180.o
       230          0          0          0        514       4108   zf_device_tsl1401.o
       660          0          0          0          7       2338   zf_device_type.o
        50          0          0          0         21       5100   zf_device_wireless_uart.o
       158          0          0         12          3       5352   zf_driver_adc.o
       150          0          0          0          0        973   zf_driver_delay.o
       174          0          0          8          0       4165   zf_driver_dma.o
       910          0          0         32          0       5195   zf_driver_gpio.o
      1052          4          0         12          0       9379   zf_driver_spi.o
      1092          8          0         40          0       7608   zf_driver_uart.o

    ----------------------------------------------------------------------
     12192         24       2108        120      10024     115921   Object Totals
         0          0         32          0       9216          0   (incl. Generated)
       114          0          1          5         10          0   (incl. Padding)

    ----------------------------------------------------------------------

      Code (inc. data)   RO Data    RW Data    ZI Data      Debug   Library Member Name

         0          0          0          0          0          0   entry.o
         0          0          0          0          0          0   entry10a.o
         0          0          0          0          0          0   entry11a.o
         8          4          0          0          0          0   entry4.o
         4          0          0          0          0          0   entry5.o
         0          0          0          0          0          0   entry7b.o
         0          0          0          0          0          0   entry8b.o
         8          4          0          0          0          0   entry9a.o
        30          0          0          0          0          0   handlers.o
        36          8          0          0          0         68   init.o
         0          0          0          0          0          0   iusefp.o
        30          0          0          0          0         68   llshl.o
        36          0          0          0          0         68   llsshr.o
        32          0          0          0          0         68   llushr.o
        36          0          0          0          0         68   memcpya.o
        36          0          0          0          0        108   memseta.o
      2276         86          0          0          0        520   printfa.o
        14          0          0          0          0         68   strlen.o
        44          0          0          0          0         80   uidiv.o
        98          0          0          0          0         92   uldiv.o
        48          0          0          0          0         68   cdrcmple.o
       334          0          0          0          0        148   dadd.o
       222          0          0          0          0        100   ddiv.o
       186          0          0          0          0        176   depilogue.o
        48          0          0          0          0         68   dfixul.o
       228          0          0          0          0         96   dmul.o

    ----------------------------------------------------------------------
      3756        102          0          0          0       1864   Library Totals
         2          0          0          0          0          0   (incl. Padding)

    ----------------------------------------------------------------------

      Code (inc. data)   RO Data    RW Data    ZI Data      Debug   Library Name

      2688        102          0          0          0       1208   mc_w.l
      1066          0          0          0          0        656   mf_w.l

    ----------------------------------------------------------------------
      3756        102          0          0          0       1864   Library Totals

    ----------------------------------------------------------------------

==============================================================================


      Code (inc. data)   RO Data    RW Data    ZI Data      Debug   

     15948        126       2108        120      10024     116697   Grand Totals
     15948        126       2108        120      10024     116697   ELF Image Totals
     15948        126       2108        120          0          0   ROM Totals

==============================================================================

    Total RO  Size (Code + RO Data)                18056 (  17.63kB)
    Total RW  Size (RW Data + ZI Data)             10144 (   9.91kB)
    Total ROM Size (Code + RO Data + RW Data)      18176 (  17.75kB)

==============================================================================

