Component: ARM Compiler 6.12 Tool: armlink [5d624300]

==============================================================================

Section Cross References

    zf_common_clock.o(.text) refers to zf_common_function.o(.text) for get_greatest_common_divisor
    zf_common_clock.o(.text) refers to zf_common_interrupt.o(.text) for interrupt_init
    zf_common_clock.o(.text) refers to zf_common_clock.o(.data.system_clock) for system_clock
    zf_common_clock.o(.ARM.exidx) refers to zf_common_clock.o(.text) for [Anonymous Symbol]
    zf_common_debug.o(.text) refers to zf_driver_uart.o(.text) for uart_write_byte
    zf_common_debug.o(.text) refers to zf_common_debug.o(.data.zf_debug_assert_enable) for [Anonymous Symbol]
    zf_common_debug.o(.text) refers to zf_common_interrupt.o(.text) for interrupt_global_disable
    zf_common_debug.o(.text) refers to strlen.o(.text) for strlen
    zf_common_debug.o(.text) refers to printf3.o(i.__0sprintf$3) for __2sprintf
    zf_common_debug.o(.text) refers to memseta.o(.text) for __aeabi_memclr4
    zf_common_debug.o(.text) refers to zf_common_debug.o(.bss..L_MergedGlobals) for [Anonymous Symbol]
    zf_common_debug.o(.text) refers to zf_common_debug.o(.rodata.str1.1) for .L.str.2
    zf_common_debug.o(.text) refers to printf3.o(i.__0printf$3) for __2printf
    zf_common_debug.o(.ARM.exidx) refers to zf_common_debug.o(.text) for [Anonymous Symbol]
    zf_common_fifo.o(.text) refers to zf_common_interrupt.o(.text) for interrupt_global_disable
    zf_common_fifo.o(.text) refers to memcpya.o(.text) for __aeabi_memcpy
    zf_common_fifo.o(.ARM.exidx) refers to zf_common_fifo.o(.text) for [Anonymous Symbol]
    zf_common_function.o(.text) refers to fmul.o(.text) for __aeabi_fmul
    zf_common_function.o(.text) refers to fflti.o(.text) for __aeabi_i2f
    zf_common_function.o(.text) refers to fadd.o(.text) for __aeabi_fadd
    zf_common_function.o(.text) refers to fcmpge.o(.text) for __aeabi_fcmpge
    zf_common_function.o(.text) refers to fdiv.o(.text) for __aeabi_fdiv
    zf_common_function.o(.text) refers to ffixi.o(.text) for __aeabi_f2iz
    zf_common_function.o(.text) refers to fcmpeq.o(.text) for __aeabi_fcmpeq
    zf_common_function.o(.text) refers to dmul.o(.text) for __aeabi_dmul
    zf_common_function.o(.text) refers to dflti.o(.text) for __aeabi_i2d
    zf_common_function.o(.text) refers to dadd.o(.text) for __aeabi_dadd
    zf_common_function.o(.text) refers to dcmpge.o(.text) for __aeabi_dcmpge
    zf_common_function.o(.text) refers to ddiv.o(.text) for __aeabi_ddiv
    zf_common_function.o(.text) refers to dfixi.o(.text) for __aeabi_d2iz
    zf_common_function.o(.text) refers to dcmpeq.o(.text) for __aeabi_dcmpeq
    zf_common_function.o(.text) refers to memcpya.o(.text) for __aeabi_memcpy
    zf_common_function.o(.ARM.exidx) refers to zf_common_function.o(.text) for [Anonymous Symbol]
    zf_common_interrupt.o(.text) refers to zf_common_interrupt.o(.bss.interrupt_nest_count) for [Anonymous Symbol]
    zf_common_interrupt.o(.ARM.exidx) refers to zf_common_interrupt.o(.text) for [Anonymous Symbol]
    zf_device_absolute_encoder.o(.text) refers to zf_driver_spi.o(.text) for spi_read_8bit
    zf_device_absolute_encoder.o(.text) refers to zf_device_absolute_encoder.o(.bss..L_MergedGlobals) for [Anonymous Symbol]
    zf_device_absolute_encoder.o(.text) refers to zf_driver_gpio.o(.data.gpio_group) for gpio_group
    zf_device_absolute_encoder.o(.text) refers to zf_common_debug.o(.text) for debug_assert_handler
    zf_device_absolute_encoder.o(.text) refers to zf_driver_gpio.o(.text) for gpio_init
    zf_device_absolute_encoder.o(.text) refers to zf_driver_delay.o(.text) for system_delay
    zf_device_absolute_encoder.o(.text) refers to zf_device_absolute_encoder.o(.rodata.str1.1) for .L.str
    zf_device_absolute_encoder.o(.ARM.exidx) refers to zf_device_absolute_encoder.o(.text) for [Anonymous Symbol]
    zf_device_bluetooth_ch9141.o(.text) refers to zf_driver_delay.o(.text) for system_delay
    zf_device_bluetooth_ch9141.o(.text) refers to zf_driver_gpio.o(.text) for gpio_get_level
    zf_device_bluetooth_ch9141.o(.text) refers to zf_driver_uart.o(.text) for uart_write_byte
    zf_device_bluetooth_ch9141.o(.text) refers to strlen.o(.text) for strlen
    zf_device_bluetooth_ch9141.o(.text) refers to zf_device_camera.o(.data.camera_send_image_frame_header) for camera_send_image_frame_header
    zf_device_bluetooth_ch9141.o(.text) refers to zf_common_fifo.o(.text) for fifo_read_buffer
    zf_device_bluetooth_ch9141.o(.text) refers to zf_device_bluetooth_ch9141.o(.bss..L_MergedGlobals) for [Anonymous Symbol]
    zf_device_bluetooth_ch9141.o(.text) refers to zf_device_type.o(.text) for set_wireless_type
    zf_device_bluetooth_ch9141.o(.ARM.exidx) refers to zf_device_bluetooth_ch9141.o(.text) for [Anonymous Symbol]
    zf_device_camera.o(.text) refers to zf_driver_uart.o(.text) for uart_write_buffer
[...]
    .text                                    0x08006f54   Section        0  strlen.o(.text)
    .text                                    0x08006f62   Section        0  memcmp.o(.text)
    .text                                    0x08006f7c   Section        0  fadd.o(.text)
    .text                                    0x0800702c   Section        0  fmul.o(.text)
    .text                                    0x08007090   Section        0  fdiv.o(.text)
    .text                                    0x0800710c   Section        0  dadd.o(.text)
    .text                                    0x0800725a   Section        0  dmul.o(.text)
    .text                                    0x0800733e   Section        0  ddiv.o(.text)
    .text                                    0x0800741c   Section        0  fcmple.o(.text)
    .text                                    0x08007438   Section        0  fcmplt.o(.text)
    .text                                    0x08007454   Section        0  fcmpge.o(.text)
    .text                                    0x08007470   Section        0  fcmpgt.o(.text)
    .text                                    0x0800748c   Section        0  fcmpeq.o(.text)
    .text                                    0x080074a8   Section        0  dcmpge.o(.text)
    .text                                    0x080074de   Section        0  dcmpgt.o(.text)
    .text                                    0x08007514   Section        0  dcmpeq.o(.text)
    .text                                    0x0800754c   Section        0  fflti.o(.text)
    .text                                    0x0800755e   Section        0  ffltui.o(.text)
    .text                                    0x08007568   Section        0  dflti.o(.text)
    .text                                    0x0800758a   Section        0  dfltui.o(.text)
    .text                                    0x080075a4   Section        0  ffixi.o(.text)
    .text                                    0x080075d6   Section        0  ffixui.o(.text)
    .text                                    0x080075fe   Section        0  dfixi.o(.text)
    .text                                    0x0800763c   Section        0  dfixui.o(.text)
    .text                                    0x0800766e   Section        0  f2d.o(.text)
    .text                                    0x08007694   Section        0  d2f.o(.text)
    .text                                    0x080076cc   Section        0  uidiv.o(.text)
    .text                                    0x080076f8   Section        0  llshl.o(.text)
    .text                                    0x08007716   Section        0  llushr.o(.text)
    .text                                    0x08007736   Section        0  llsshr.o(.text)
    .text                                    0x0800775a   Section        0  iusefp.o(.text)
    .text                                    0x0800775a   Section        0  fepilogue.o(.text)
    .text                                    0x080077c8   Section        0  depilogue.o(.text)
    .text                                    0x08007882   Section        0  dscalb.o(.text)
    .text                                    0x080078b0   Section        0  dsqrt.o(.text)
    .text                                    0x08007954   Section       48  cdcmple.o(.text)
    .text                                    0x08007984   Section       36  init.o(.text)
    i.__0printf$3                            0x080079a8   Section        0  printf3.o(i.__0printf$3)
    i.__0sprintf$3                           0x080079c8   Section        0  printf3.o(i.__0sprintf$3)
    i.__ARM_fpclassify                       0x080079f0   Section        0  fpclassify.o(i.__ARM_fpclassify)
    i.__ieee754_rem_pio2                     0x08007a18   Section        0  rred.o(i.__ieee754_rem_pio2)
    i.__kernel_cos                           0x08007da0   Section        0  cos_i.o(i.__kernel_cos)
    i.__kernel_poly                          0x08007e9c   Section        0  poly.o(i.__kernel_poly)
    i.__kernel_sin                           0x08007f48   Section        0  sin_i.o(i.__kernel_sin)
    i.__mathlib_dbl_infnan                   0x08008034   Section        0  dunder.o(i.__mathlib_dbl_infnan)
    i.__mathlib_dbl_infnan2                  0x0800803a   Section        0  dunder.o(i.__mathlib_dbl_infnan2)
    i.__mathlib_dbl_invalid                  0x0800803e   Section        0  dunder.o(i.__mathlib_dbl_invalid)
    i.__mathlib_dbl_underflow                0x0800804c   Section        0  dunder.o(i.__mathlib_dbl_underflow)
    i.__scatterload_copy                     0x0800805c   Section       14  handlers.o(i.__scatterload_copy)
    i.__scatterload_null                     0x0800806a   Section        2  handlers.o(i.__scatterload_null)
    i.__scatterload_zeroinit                 0x0800806c   Section       14  handlers.o(i.__scatterload_zeroinit)
    i.__set_errno                            0x0800807c   Section        0  errno.o(i.__set_errno)
    _printf_core                             0x08008089   Thumb Code   436  printf3.o(i._printf_core)
    i._printf_core                           0x08008088   Section        0  printf3.o(i._printf_core)
    _sputc                                   0x08008241   Thumb Code    10  printf3.o(i._sputc)
    i._sputc                                 0x08008240   Section        0  printf3.o(i._sputc)
    i.asin                                   0x0800824c   Section        0  asin.o(i.asin)
    i.atan                                   0x080084bc   Section        0  atan.o(i.atan)
    i.atan2                                  0x080086dc   Section        0  atan2.o(i.atan2)
    i.cos                                    0x08008878   Section        0  cos.o(i.cos)
    i.sin                                    0x08008914   Section        0  sin.o(i.sin)
    i.sqrt                                   0x080089b4   Section        0  sqrt.o(i.sqrt)
    pS                                       0x08008a00   Data          48  asin.o(.constdata)
    .constdata                               0x08008a00   Section       80  asin.o(.constdata)
    qS                                       0x08008a30   Data          32  asin.o(.constdata)
    atanhi                                   0x08008a50   Data          32  atan.o(.constdata)
    .constdata                               0x08008a50   Section      152  atan.o(.constdata)
    atanlo                                   0x08008a70   Data          32  atan.o(.constdata)
    aTodd                                    0x08008a90   Data          40  atan.o(.constdata)
    aTeven                                   0x08008ab8   Data          48  atan.o(.constdata)
    C                                        0x08008ae8   Data          48  cos_i.o(.constdata)
    .constdata                               0x08008ae8   Section       48  cos_i.o(.constdata)
    .constdata                               0x08008b18   Section        8  qnan.o(.constdata)
    pio2s                                    0x08008b20   Data          48  rred.o(.constdata)
    .constdata                               0x08008b20   Section      200  rred.o(.constdata)
    twooverpi                                0x08008b50   Data         152  rred.o(.constdata)
    S                                        0x08008be8   Data          40  sin_i.o(.constdata)
    .constdata                               0x08008be8   Section       40  sin_i.o(.constdata)
    uart_index                               0x08008c10   Data          32  zf_driver_uart.o(.rodata.cst32)
    uart_irq                                 0x08008c30   Data          32  zf_driver_uart.o(.rodata.cst32)
    dma_index                                0x08008c50   Data           8  zf_driver_dma.o(.rodata.cst8)
    spi_index                                0x08008c58   Data          12  zf_driver_spi.o(.rodata.spi_index)
    [Anonymous Symbol]                       0x08008c58   Section        0  zf_driver_spi.o(.rodata.spi_index)
    .L.str.2                                 0x08008c64   Data           9  zf_common_debug.o(.rodata.str1.1)
    [Anonymous Symbol]                       0x08008c64   Section        0  zf_common_debug.o(.rodata.str1.1)
    .L.str                                   0x08008c6d   Data          39  zf_device_mt9v03x.o(.rodata.str1.1)
    [Anonymous Symbol]                       0x08008c6d   Section        0  zf_device_mt9v03x.o(.rodata.str1.1)
    .L.str                                   0x08008c94   Data          38  zf_device_tft180.o(.rodata.str1.1)
    [Anonymous Symbol]                       0x08008c94   Section        0  zf_device_tft180.o(.rodata.str1.1)
    .L.str                                   0x08008cba   Data          39  zf_driver_encoder.o(.rodata.str1.1)
    [Anonymous Symbol]                       0x08008cba   Section        0  zf_driver_encoder.o(.rodata.str1.1)
    .L.str                                   0x08008ce1   Data          35  zf_driver_pit.o(.rodata.str1.1)
    [Anonymous Symbol]                       0x08008ce1   Section        0  zf_driver_pit.o(.rodata.str1.1)
    .L.str                                   0x08008d04   Data          35  zf_driver_pwm.o(.rodata.str1.1)
    [Anonymous Symbol]                       0x08008d04   Section        0  zf_driver_pwm.o(.rodata.str1.1)
    .L.str                                   0x08008d27   Data          37  zf_driver_timer.o(.rodata.str1.1)
    [Anonymous Symbol]                       0x08008d27   Section        0  zf_driver_timer.o(.rodata.str1.1)
    .L.str.22                                0x08008d4c   Data           2  menu.o(.rodata.str1.1)
    [Anonymous Symbol]                       0x08008d4c   Section        0  menu.o(.rodata.str1.1)
    .L.str.12                                0x08008d4e   Data           2  menu.o(.rodata.str1.1)
    .L.str.10                                0x08008d50   Data           5  menu.o(.rodata.str1.1)
    .L.str.11                                0x08008d55   Data           5  menu.o(.rodata.str1.1)
    .L.str.14                                0x08008d5a   Data           5  menu.o(.rodata.str1.1)
    .L.str.13                                0x08008d5f   Data          18  menu.o(.rodata.str1.1)
    .L.str.9                                 0x08008d71   Data          15  menu.o(.rodata.str1.1)
    .L.str.17                                0x08008d80   Data           6  menu.o(.rodata.str1.1)
    .L.str.16                                0x08008d86   Data           4  menu.o(.rodata.str1.1)
    .L.str.20                                0x08008d8a   Data           4  menu.o(.rodata.str1.1)
    .L.str.15                                0x08008d8e   Data          15  menu.o(.rodata.str1.1)
    .L.str.19                                0x08008d9d   Data           4  menu.o(.rodata.str1.1)
    .data                                    0x20000000   Section        4  stdout.o(.data)
    _errno                                   0x20000004   Data           4  errno.o(.data)
    .data                                    0x20000004   Section        4  errno.o(.data)
    [Anonymous Symbol]                       0x20000008   Section        0  zf_device_mt9v03x.o(.data..L_MergedGlobals)
    ReverseStallParking.angle                0x20000054   Data           4  ctrl.o(.data..L_MergedGlobals)
    [Anonymous Symbol]                       0x20000054   Section        0  ctrl.o(.data..L_MergedGlobals)
    ParallelReverseParking.angle             0x20000058   Data           4  ctrl.o(.data..L_MergedGlobals)
    RSP.index                                0x20000070   Data           1  menu.o(.data..L_MergedGlobals)
    [Anonymous Symbol]                       0x20000070   Section        0  menu.o(.data..L_MergedGlobals)
    PRP.index                                0x20000071   Data           1  menu.o(.data..L_MergedGlobals)
    TAT.index                                0x20000072   Data           1  menu.o(.data..L_MergedGlobals)
    ConfigFloat.add_num                      0x20000090   Data           4  menu.o(.data.ConfigFloat.add_num)
    [Anonymous Symbol]                       0x20000090   Section        0  menu.o(.data.ConfigFloat.add_num)
    ConfigInt.add_num                        0x20000094   Data           4  menu.o(.data.ConfigInt.add_num)
    [Anonymous Symbol]                       0x20000094   Section        0  menu.o(.data.ConfigInt.add_num)
    MenuOperator.index                       0x20000098   Data           1  menu.o(.data.MenuOperator.index)
    [Anonymous Symbol]                       0x20000098   Section        0  menu.o(.data.MenuOperator.index)
    encoder_dir_pin                          0x200000b4   Data           8  zf_driver_encoder.o(.data.encoder_dir_pin)
    [Anonymous Symbol]                       0x200000b4   Section        0  zf_driver_encoder.o(.data.encoder_dir_pin)
    tft180_display_dir                       0x200000e0   Data           4  zf_device_tft180.o(.data.tft180_display_dir)
    [Anonymous Symbol]                       0x200000e0   Section        0  zf_device_tft180.o(.data.tft180_display_dir)
    tft180_pencolor                          0x200000e4   Data           2  zf_device_tft180.o(.data.tft180_pencolor)
    [Anonymous Symbol]                       0x200000e4   Section        0  zf_device_tft180.o(.data.tft180_pencolor)
    zf_debug_assert_enable                   0x200000e6   Data           1  zf_common_debug.o(.data.zf_debug_assert_enable)
    [Anonymous Symbol]                       0x200000e6   Section        0  zf_common_debug.o(.data.zf_debug_assert_enable)
    debug_assert_handler.assert_nest_index   0x200000e8   Data           1  zf_common_debug.o(.bss..L_MergedGlobals)
    [Anonymous Symbol]                       0x200000e8   Section        0  zf_common_debug.o(.bss..L_MergedGlobals)
    zf_debug_init_flag                       0x200000e9   Data           1  zf_common_debug.o(.bss..L_MergedGlobals)
    debug_output_info.3                      0x200000ea   Data           1  zf_common_debug.o(.bss..L_MergedGlobals)
    debug_output_info.4                      0x200000ec   Data           1  zf_common_debug.o(.bss..L_MergedGlobals)
    debug_output_info.0                      0x200000f0   Data           2  zf_common_debug.o(.bss..L_MergedGlobals)
    debug_output_info.1                      0x200000f4   Data           2  zf_common_debug.o(.bss..L_MergedGlobals)
    debug_output_info.5                      0x200000f8   Data           4  zf_common_debug.o(.bss..L_MergedGlobals)
    debug_output_info.6                      0x200000fc   Data           4  zf_common_debug.o(.bss..L_MergedGlobals)
    debug_output_info.7                      0x20000100   Data           4  zf_common_debug.o(.bss..L_MergedGlobals)
    bluetooth_ch9141_data                    0x20000104   Data           1  zf_device_bluetooth_ch9141.o(.bss..L_MergedGlobals)
    [Anonymous Symbol]                       0x20000104   Section        0  zf_device_bluetooth_ch9141.o(.bss..L_MergedGlobals)
    bluetooth_ch9141_fifo                    0x20000108   Data          20  zf_device_bluetooth_ch9141.o(.bss..L_MergedGlobals)
    bluetooth_ch9141_buffer                  0x2000011c   Data          64  zf_device_bluetooth_ch9141.o(.bss..L_MergedGlobals)
    [Anonymous Symbol]                       0x20000160   Section        0  zf_device_gps_tau1201.o(.bss..L_MergedGlobals)
    tft180_x_max                             0x200001a8   Data           1  zf_device_tft180.o(.bss..L_MergedGlobals)
    [Anonymous Symbol]                       0x200001a8   Section        0  zf_device_tft180.o(.bss..L_MergedGlobals)
    tft180_y_max                             0x200001a9   Data           1  zf_device_tft180.o(.bss..L_MergedGlobals)
    tft180_bgcolor                           0x200001aa   Data           2  zf_device_tft180.o(.bss..L_MergedGlobals)
    [Anonymous Symbol]                       0x200001ac   Section        0  zf_device_type.o(.bss..L_MergedGlobals)
    wireless_uart_data                       0x200001b8   Data           1  zf_device_wireless_uart.o(.bss..L_MergedGlobals)
    [Anonymous Symbol]                       0x200001b8   Section        0  zf_device_wireless_uart.o(.bss..L_MergedGlobals)
    wireless_uart_fifo                       0x200001bc   Data          20  zf_device_wireless_uart.o(.bss..L_MergedGlobals)
    wireless_uart_buffer                     0x200001d0   Data          64  zf_device_wireless_uart.o(.bss..L_MergedGlobals)
    timer_function_state                     0x20000210   Data          32  zf_driver_timer.o(.bss..L_MergedGlobals)
    [Anonymous Symbol]                       0x20000210   Section        0  zf_driver_timer.o(.bss..L_MergedGlobals)
    timer_mode_state                         0x20000230   Data          32  zf_driver_timer.o(.bss..L_MergedGlobals)
    [Anonymous Symbol]                       0x20000250   Section        0  easy_key.o(.bss..L_MergedGlobals)
    [Anonymous Symbol]                       0x20000258   Section        0  isr.o(.bss..L_MergedGlobals)
    [Anonymous Symbol]                       0x2000025c   Section        0  menu.o(.bss..L_MergedGlobals.26)
    ConfigFloat.add                          0x2000025d   Data           1  menu.o(.bss..L_MergedGlobals.26)
    ConfigInt.add                            0x2000025e   Data           1  menu.o(.bss..L_MergedGlobals.26)
    RSP.index_1                              0x2000025f   Data           1  menu.o(.bss..L_MergedGlobals.26)
    PRP.index_1                              0x20000260   Data           1  menu.o(.bss..L_MergedGlobals.26)
    TAT.index_1                              0x20000261   Data           1  menu.o(.bss..L_MergedGlobals.26)
    MenuOperator.index_1                     0x20000262   Data           1  menu.o(.bss..L_MergedGlobals.26)
    [Anonymous Symbol]                       0x200002bc   Section        0  menu.o(.bss..L_MergedGlobals.27)
    [Anonymous Symbol]                       0x20000314   Section        0  ctrl.o(.bss..L_MergedGlobals.6)
    GetDistance.leftDistance                 0x2000031a   Data           2  ctrl.o(.bss..L_MergedGlobals.6)
    GetDistance.rightDistance                0x2000031c   Data           2  ctrl.o(.bss..L_MergedGlobals.6)
    ReverseStallParking.cnt                  0x2000031e   Data           2  ctrl.o(.bss..L_MergedGlobals.6)
    ParallelReverseParking.cnt               0x20000320   Data           2  ctrl.o(.bss..L_MergedGlobals.6)
    SpeedControl.leftSpeed                   0x20000322   Data           2  ctrl.o(.bss..L_MergedGlobals.6)
    SpeedControl.rightSpeed                  0x20000324   Data           2  ctrl.o(.bss..L_MergedGlobals.6)
    SpeedControl.leftSpdOut                  0x2000032c   Data           4  ctrl.o(.bss..L_MergedGlobals.6)
    SpeedControl.rightSpdOut                 0x20000330   Data           4  ctrl.o(.bss..L_MergedGlobals.6)
    PidIncControl.iErr                       0x20005b9c   Data           4  pid.o(.bss.PidIncControl.iErr)
    [Anonymous Symbol]                       0x20005b9c   Section        0  pid.o(.bss.PidIncControl.iErr)
    PidPosControl.iErr                       0x20005ba0   Data           4  pid.o(.bss.PidPosControl.iErr)
    [Anonymous Symbol]                       0x20005ba0   Section        0  pid.o(.bss.PidPosControl.iErr)
    interrupt_nest_count                     0x200061e4   Data           4  zf_common_interrupt.o(.bss.interrupt_nest_count)
    [Anonymous Symbol]                       0x200061e4   Section        0  zf_common_interrupt.o(.bss.interrupt_nest_count)
    mt9v03x_version                          0x2000ba0a   Data           2  zf_device_mt9v03x.o(.bss.mt9v03x_version)
    [Anonymous Symbol]                       0x2000ba0a   Section        0  zf_device_mt9v03x.o(.bss.mt9v03x_version)

    Global Symbols

    Symbol Name                              Value     Ov Type        Size  Object(Section)

    BuildAttributes$$THM_ISAv4$P$D$K$B$S$PE$A:L22UL41UL21$X:L11$S22US41US21$IEEE1$IW$~IW$USESV6$~STKCKD$USESV7$WCHAR32$ENUMINT$~SHL$OTIME$ROPI$IEEEX$EBA8$MICROLIB$REQ8$PRES8$EABIv2 0x00000000   Number         0  anon$$obj.o ABSOLUTE
    _printf_a                                0x00000000   Number         0  stubs.o ABSOLUTE
    _printf_c                                0x00000000   Number         0  stubs.o ABSOLUTE
    _printf_charcount                        0x00000000   Number         0  stubs.o ABSOLUTE
    _printf_d                                0x00000000   Number         0  stubs.o ABSOLUTE
    _printf_e                                0x00000000   Number         0  stubs.o ABSOLUTE
    _printf_f                                0x00000000   Number         0  stubs.o ABSOLUTE
    _printf_flags                            0x00000000   Number         0  stubs.o ABSOLUTE
    _printf_fp_dec                           0x00000000   Number         0  stubs.o ABSOLUTE
    _printf_fp_hex                           0x00000000   Number         0  stubs.o ABSOLUTE
    _printf_g                                0x00000000   Number         0  stubs.o ABSOLUTE
    _printf_i                                0x00000000   Number         0  stubs.o ABSOLUTE
    _printf_int_dec                          0x00000000   Number         0  stubs.o ABSOLUTE
    _printf_l                                0x00000000   Number         0  stubs.o ABSOLUTE
    _printf_lc                               0x00000000   Number         0  stubs.o ABSOLUTE
    _printf_ll                               0x00000000   Number         0  stubs.o ABSOLUTE
    _printf_lld                              0x00000000   Number         0  stubs.o ABSOLUTE
    _printf_lli                              0x00000000   Number         0  stubs.o ABSOLUTE
    _printf_llo                              0x00000000   Number         0  stubs.o ABSOLUTE
    _printf_llu                              0x00000000   Number         0  stubs.o ABSOLUTE
    _printf_llx                              0x00000000   Number         0  stubs.o ABSOLUTE
    _printf_longlong_dec                     0x00000000   Number         0  stubs.o ABSOLUTE
    _printf_longlong_hex                     0x00000000   Number         0  stubs.o ABSOLUTE
    _printf_longlong_oct                     0x00000000   Number         0  stubs.o ABSOLUTE
    _printf_ls                               0x00000000   Number         0  stubs.o ABSOLUTE
    _printf_mbtowc                           0x00000000   Number         0  stubs.o ABSOLUTE
    _printf_n                                0x00000000   Number         0  stubs.o ABSOLUTE
    _printf_o                                0x00000000   Number         0  stubs.o ABSOLUTE
    _printf_p                                0x00000000   Number         0  stubs.o ABSOLUTE
    _printf_percent                          0x00000000   Number         0  stubs.o ABSOLUTE
    _printf_pre_padding                      0x00000000   Number         0  stubs.o ABSOLUTE
    _printf_return_value                     0x00000000   Number         0  stubs.o ABSOLUTE
    _printf_s                                0x00000000   Number         0  stubs.o ABSOLUTE
    _printf_sizespec                         0x00000000   Number         0  stubs.o ABSOLUTE
    _printf_str                              0x00000000   Number         0  stubs.o ABSOLUTE
    _printf_truncate_signed                  0x00000000   Number         0  stubs.o ABSOLUTE
    _printf_truncate_unsigned                0x00000000   Number         0  stubs.o ABSOLUTE
    _printf_u                                0x00000000   Number         0  stubs.o ABSOLUTE
    _printf_wc                               0x00000000   Number         0  stubs.o ABSOLUTE
    _printf_wctomb                           0x00000000   Number         0  stubs.o ABSOLUTE
    _printf_widthprec                        0x00000000   Number         0  stubs.o ABSOLUTE
    _printf_x                                0x00000000   Number         0  stubs.o ABSOLUTE
    __cpp_initialize__aeabi_                  - Undefined Weak Reference
    __cxa_finalize                            - Undefined Weak Reference
    __decompress                              - Undefined Weak Reference
    _clock_init                               - Undefined Weak Reference
    _microlib_exit                            - Undefined Weak Reference
    __Vectors_Size                           0x00000190   Number         0  startup_mm32f3277g.o ABSOLUTE
    __Vectors                                0x08000000   Data           4  startup_mm32f3277g.o(RESET)
    __Vectors_End                            0x08000190   Data           0  startup_mm32f3277g.o(RESET)
    __main                                   0x08000401   Thumb Code     0  entry.o(.ARM.Collect$$$$00000000)
    _main_stk                                0x08000401   Thumb Code     0  entry4.o(.ARM.Collect$$$$00000003)
    _main_scatterload                        0x08000405   Thumb Code     0  entry5.o(.ARM.Collect$$$$00000004)
    __main_after_scatterload                 0x08000409   Thumb Code     0  entry5.o(.ARM.Collect$$$$00000004)
    _main_clock                              0x08000409   Thumb Code     0  entry7b.o(.ARM.Collect$$$$00000008)
    _main_cpp_init                           0x08000409   Thumb Code     0  entry8b.o(.ARM.Collect$$$$0000000A)
    _main_init                               0x08000409   Thumb Code     0  entry9a.o(.ARM.Collect$$$$0000000B)
    __rt_final_cpp                           0x08000411   Thumb Code     0  entry10a.o(.ARM.Collect$$$$0000000D)
    __rt_final_exit                          0x08000411   Thumb Code     0  entry11a.o(.ARM.Collect$$$$0000000F)
    clock_init                               0x08000415   Thumb Code   492  zf_common_clock.o(.text)
    fputc                                    0x08000601   Thumb Code    16  zf_common_debug.o(.text)
    debug_assert_enable                      0x08000611   Thumb Code    12  zf_common_debug.o(.text)
    debug_assert_disable                     0x0800061d   Thumb Code    12  zf_common_debug.o(.text)
    debug_assert_handler                     0x08000629   Thumb Code   616  zf_common_debug.o(.text)
    debug_log_handler                        0x08000891   Thumb Code    72  zf_common_debug.o(.text)
    debug_output_struct_init                 0x080008d9   Thumb Code    22  zf_common_debug.o(.text)
    debug_output_init                        0x080008f1   Thumb Code    40  zf_common_debug.o(.text)
    debug_init                               0x08000919   Thumb Code    64  zf_common_debug.o(.text)
    fifo_head_offset                         0x08000961   Thumb Code    18  zf_common_fifo.o(.text)
    fifo_end_offset                          0x08000973   Thumb Code    18  zf_common_fifo.o(.text)
    fifo_clear                               0x08000985   Thumb Code    12  zf_common_fifo.o(.text)
    fifo_used                                0x08000991   Thumb Code     8  zf_common_fifo.o(.text)
    fifo_write_buffer                        0x08000999   Thumb Code   106  zf_common_fifo.o(.text)
    fifo_read_buffer                         0x08000a03   Thumb Code   132  zf_common_fifo.o(.text)
    fifo_init                                0x08000a87   Thumb Code    24  zf_common_fifo.o(.text)
    get_greatest_common_divisor              0x08000aa1   Thumb Code    18  zf_common_function.o(.text)
    my_delay                                 0x08000ab3   Thumb Code    18  zf_common_function.o(.text)
    str_to_int                               0x08000ac5   Thumb Code    62  zf_common_function.o(.text)
    int_to_str                               0x08000b03   Thumb Code    96  zf_common_function.o(.text)
    str_to_uint                              0x08000b63   Thumb Code    30  zf_common_function.o(.text)
    uint_to_str                              0x08000b81   Thumb Code    76  zf_common_function.o(.text)
    str_to_float                             0x08000bcd   Thumb Code   220  zf_common_function.o(.text)
    float_to_str                             0x08000ca9   Thumb Code   272  zf_common_function.o(.text)
    str_to_double                            0x08000db9   Thumb Code   292  zf_common_function.o(.text)
    double_to_str                            0x08000edd   Thumb Code   292  zf_common_function.o(.text)
    zf_sprintf                               0x08001001   Thumb Code   516  zf_common_function.o(.text)
    interrupt_global_enable                  0x08001279   Thumb Code    24  zf_common_interrupt.o(.text)
    interrupt_global_disable                 0x08001291   Thumb Code    20  zf_common_interrupt.o(.text)
    interrupt_enable                         0x080012a5   Thumb Code    28  zf_common_interrupt.o(.text)
    interrupt_disable                        0x080012c1   Thumb Code    36  zf_common_interrupt.o(.text)
    interrupt_set_priority                   0x080012e5   Thumb Code    36  zf_common_interrupt.o(.text)
    interrupt_init                           0x08001309   Thumb Code    28  zf_common_interrupt.o(.text)
    bluetooth_ch9141_send_byte               0x08001325   Thumb Code    56  zf_device_bluetooth_ch9141.o(.text)
    bluetooth_ch9141_send_buff               0x0800135d   Thumb Code   140  zf_device_bluetooth_ch9141.o(.text)
    bluetooth_ch9141_send_string             0x080013e9   Thumb Code    56  zf_device_bluetooth_ch9141.o(.text)
    bluetooth_ch9141_send_image              0x08001421   Thumb Code    28  zf_device_bluetooth_ch9141.o(.text)
    bluetooth_ch9141_read_buff               0x0800143d   Thumb Code    32  zf_device_bluetooth_ch9141.o(.text)
    bluetooth_ch9141_uart_callback           0x0800145d   Thumb Code    32  zf_device_bluetooth_ch9141.o(.text)
    bluetooth_ch9141_init                    0x0800147d   Thumb Code    68  zf_device_bluetooth_ch9141.o(.text)
    camera_binary_image_decompression        0x080014c1   Thumb Code    56  zf_device_camera.o(.text)
    camera_send_image                        0x080014f9   Thumb Code    36  zf_device_camera.o(.text)
    camera_init                              0x0800151d   Thumb Code   120  zf_device_camera.o(.text)
    get_two_points_distance                  0x08001595   Thumb Code   308  zf_device_gps_tau1201.o(.text)
    get_two_points_azimuth                   0x080016c9   Thumb Code   344  zf_device_gps_tau1201.o(.text)
    gps_data_parse                           0x08001821   Thumb Code   884  zf_device_gps_tau1201.o(.text)
    gps_uart_callback                        0x08001b95   Thumb Code    92  zf_device_gps_tau1201.o(.text)
    gps_init                                 0x08001bf1   Thumb Code   644  zf_device_gps_tau1201.o(.text)
    mt9v03x_set_config                       0x08001f05   Thumb Code   164  zf_device_mt9v03x.o(.text)
    mt9v03x_get_config                       0x08001fa9   Thumb Code   168  zf_device_mt9v03x.o(.text)
    mt9v03x_get_version                      0x08002051   Thumb Code    84  zf_device_mt9v03x.o(.text)
    mt9v03x_set_exposure_time                0x080020a5   Thumb Code   108  zf_device_mt9v03x.o(.text)
    mt9v03x_set_reg                          0x08002111   Thumb Code   144  zf_device_mt9v03x.o(.text)
    mt9v03x_init                             0x080021a1   Thumb Code   188  zf_device_mt9v03x.o(.text)
    tft180_clear                             0x0800225d   Thumb Code    68  zf_device_tft180.o(.text)
    tft180_full                              0x080023dd   Thumb Code    72  zf_device_tft180.o(.text)
    tft180_set_dir                           0x08002425   Thumb Code    32  zf_device_tft180.o(.text)
    tft180_set_color                         0x08002445   Thumb Code    20  zf_device_tft180.o(.text)
    tft180_draw_point                        0x08002459   Thumb Code   108  zf_device_tft180.o(.text)
    tft180_draw_line                         0x080024c5   Thumb Code   396  zf_device_tft180.o(.text)
    tft180_show_char                         0x08002651   Thumb Code   176  zf_device_tft180.o(.text)
    tft180_show_string                       0x08002701   Thumb Code   116  zf_device_tft180.o(.text)
    tft180_show_int                          0x08002775   Thumb Code   188  zf_device_tft180.o(.text)
    tft180_show_uint                         0x08002831   Thumb Code   188  zf_device_tft180.o(.text)
    tft180_show_float                        0x080028ed   Thumb Code   288  zf_device_tft180.o(.text)
    tft180_show_binary_image                 0x08002a0d   Thumb Code   208  zf_device_tft180.o(.text)
    tft180_show_gray_image                   0x08002add   Thumb Code   216  zf_device_tft180.o(.text)
    tft180_show_rgb565_image                 0x08002bb5   Thumb Code   192  zf_device_tft180.o(.text)
    tft180_show_wave                         0x08002c75   Thumb Code   208  zf_device_tft180.o(.text)
    tft180_show_chinese                      0x08002d45   Thumb Code   236  zf_device_tft180.o(.text)
    tft180_init                              0x08002e31   Thumb Code   820  zf_device_tft180.o(.text)
    set_camera_type                          0x080031ad   Thumb Code    12  zf_device_type.o(.text)
    camera_uart_handler                      0x080031b9   Thumb Code    76  zf_device_type.o(.text)
    camera_vsync_handler                     0x08003205   Thumb Code   148  zf_device_type.o(.text)
    camera_dma_handler                       0x08003299   Thumb Code    72  zf_device_type.o(.text)
    set_wireless_type                        0x080032e1   Thumb Code    12  zf_device_type.o(.text)
    wireless_module_uart_handler             0x080032ed   Thumb Code    28  zf_device_type.o(.text)
    wireless_uart_send_byte                  0x08003309   Thumb Code    56  zf_device_wireless_uart.o(.text)
    wireless_uart_send_buff                  0x08003341   Thumb Code   100  zf_device_wireless_uart.o(.text)
    wireless_uart_send_string                0x080033a5   Thumb Code   104  zf_device_wireless_uart.o(.text)
    wireless_uart_send_image                 0x0800340d   Thumb Code    28  zf_device_wireless_uart.o(.text)
    wireless_uart_read_buff                  0x08003429   Thumb Code    32  zf_device_wireless_uart.o(.text)
    wireless_uart_callback                   0x08003449   Thumb Code    32  zf_device_wireless_uart.o(.text)
    wireless_uart_init                       0x08003469   Thumb Code    68  zf_device_wireless_uart.o(.text)
    system_delay                             0x080034ad   Thumb Code    68  zf_driver_delay.o(.text)
    dma_set_count                            0x080034ed   Thumb Code    32  zf_driver_dma.o(.text)
    dma_enable                               0x0800350d   Thumb Code    36  zf_driver_dma.o(.text)
    dma_disable                              0x08003531   Thumb Code    36  zf_driver_dma.o(.text)
    dma_camera_init                          0x08003555   Thumb Code   232  zf_driver_dma.o(.text)
    encoder_get_count                        0x0800363d   Thumb Code   164  zf_driver_encoder.o(.text)
    encoder_clear_count                      0x080036e1   Thumb Code    64  zf_driver_encoder.o(.text)
    encoder_quad_init                        0x08003721   Thumb Code   152  zf_driver_encoder.o(.text)
    encoder_dir_init                         0x080037b9   Thumb Code   156  zf_driver_encoder.o(.text)
    exti_enable                              0x08003855   Thumb Code    24  zf_driver_exti.o(.text)
    exti_disable                             0x0800386d   Thumb Code    28  zf_driver_exti.o(.text)
    exti_init                                0x08003889   Thumb Code   336  zf_driver_exti.o(.text)
    flash_check                              0x080039d9   Thumb Code    36  zf_driver_flash.o(.text)
    flash_erase_page                         0x080039fd   Thumb Code   128  zf_driver_flash.o(.text)
    flash_read_page                          0x08003a7d   Thumb Code    24  zf_driver_flash.o(.text)
    flash_write_page                         0x08003a95   Thumb Code   148  zf_driver_flash.o(.text)
    flash_read_page_to_buffer                0x08003b29   Thumb Code    36  zf_driver_flash.o(.text)
    flash_write_page_from_buffer             0x08003b4d   Thumb Code   144  zf_driver_flash.o(.text)
    flash_buffer_clear                       0x08003bdd   Thumb Code    20  zf_driver_flash.o(.text)
    gpio_set_level                           0x08003bf1   Thumb Code    48  zf_driver_gpio.o(.text)
    gpio_get_level                           0x08003c21   Thumb Code    36  zf_driver_gpio.o(.text)
    gpio_toggle_level                        0x08003c45   Thumb Code    44  zf_driver_gpio.o(.text)
    gpio_set_dir                             0x08003c71   Thumb Code    68  zf_driver_gpio.o(.text)
    gpio_init                                0x08003cb5   Thumb Code   144  zf_driver_gpio.o(.text)
    afio_init                                0x08003d45   Thumb Code   128  zf_driver_gpio.o(.text)
    pit_enable                               0x08003dc5   Thumb Code   108  zf_driver_pit.o(.text)
    pit_disable                              0x08003e31   Thumb Code   108  zf_driver_pit.o(.text)
    pit_init                                 0x08003e9d   Thumb Code   216  zf_driver_pit.o(.text)
    pwm_set_duty                             0x08003f75   Thumb Code   192  zf_driver_pwm.o(.text)
    pwm_init                                 0x08004035   Thumb Code   380  zf_driver_pwm.o(.text)
    spi_write_8bit                           0x080041b1   Thumb Code    44  zf_driver_spi.o(.text)
    spi_write_8bit_array                     0x080041dd   Thumb Code    56  zf_driver_spi.o(.text)
    spi_write_16bit                          0x08004215   Thumb Code    56  zf_driver_spi.o(.text)
    spi_write_16bit_array                    0x0800424d   Thumb Code    72  zf_driver_spi.o(.text)
    spi_write_8bit_register                  0x08004295   Thumb Code    52  zf_driver_spi.o(.text)
    spi_write_8bit_registers                 0x080042c9   Thumb Code    84  zf_driver_spi.o(.text)
    spi_write_16bit_register                 0x0800431d   Thumb Code    76  zf_driver_spi.o(.text)
    spi_write_16bit_registers                0x08004369   Thumb Code   116  zf_driver_spi.o(.text)
    spi_read_8bit                            0x080043dd   Thumb Code    60  zf_driver_spi.o(.text)
    spi_read_8bit_array                      0x08004419   Thumb Code    72  zf_driver_spi.o(.text)
    spi_read_16bit                           0x08004461   Thumb Code    76  zf_driver_spi.o(.text)
    spi_read_16bit_array                     0x080044ad   Thumb Code    96  zf_driver_spi.o(.text)
    spi_read_8bit_register                   0x0800450d   Thumb Code    68  zf_driver_spi.o(.text)
    spi_read_8bit_registers                  0x08004551   Thumb Code   104  zf_driver_spi.o(.text)
    spi_read_16bit_register                  0x080045b9   Thumb Code    96  zf_driver_spi.o(.text)
    spi_read_16bit_registers                 0x08004619   Thumb Code   148  zf_driver_spi.o(.text)
    spi_transfer_8bit                        0x080046ad   Thumb Code   120  zf_driver_spi.o(.text)
    spi_transfer_16bit                       0x08004725   Thumb Code   176  zf_driver_spi.o(.text)
    spi_init                                 0x080047d5   Thumb Code   276  zf_driver_spi.o(.text)
    timer_funciton_check                     0x080048e1   Thumb Code    32  zf_driver_timer.o(.text)
    timer_clock_enable                       0x08004901   Thumb Code   124  zf_driver_timer.o(.text)
    timer_start                              0x0800497d   Thumb Code    76  zf_driver_timer.o(.text)
    timer_stop                               0x080049c9   Thumb Code    76  zf_driver_timer.o(.text)
    timer_get                                0x08004a15   Thumb Code    96  zf_driver_timer.o(.text)
    timer_clear                              0x08004a75   Thumb Code    76  zf_driver_timer.o(.text)
    timer_init                               0x08004ac1   Thumb Code   240  zf_driver_timer.o(.text)
    timer_etr_init                           0x08004bb1   Thumb Code   212  zf_driver_timer.o(.text)
    uart_write_byte                          0x08004c85   Thumb Code    20  zf_driver_uart.o(.text)
    uart_write_buffer                        0x08004c99   Thumb Code    40  zf_driver_uart.o(.text)
    uart_write_string                        0x08004cc1   Thumb Code    24  zf_driver_uart.o(.text)
    uart_read_byte                           0x08004cd9   Thumb Code    24  zf_driver_uart.o(.text)
    uart_query_byte                          0x08004cf1   Thumb Code    28  zf_driver_uart.o(.text)
    uart_tx_interrupt                        0x08004d0d   Thumb Code    52  zf_driver_uart.o(.text)
    uart_rx_interrupt                        0x08004d41   Thumb Code    52  zf_driver_uart.o(.text)
    uart_init                                0x08004d75   Thumb Code   348  zf_driver_uart.o(.text)
    SystemInit                               0x08004ed1   Thumb Code    12  system_mm32f3277g.o(.text)
    MotorInit                                0x08004edd   Thumb Code   360  ctrl.o(.text)
    GetDistance                              0x08005045   Thumb Code    68  ctrl.o(.text)
    DipHandler                               0x08005089   Thumb Code   104  ctrl.o(.text)
    GetDirError                              0x080050f1   Thumb Code    48  ctrl.o(.text)
    ReverseStallParking                      0x08005121   Thumb Code   316  ctrl.o(.text)
    ParallelReverseParking                   0x0800525d   Thumb Code   348  ctrl.o(.text)
    ParkingHandler                           0x080053b9   Thumb Code   144  ctrl.o(.text)
    ServoControl                             0x08005449   Thumb Code    52  ctrl.o(.text)
    SpeedControl                             0x0800547d   Thumb Code   428  ctrl.o(.text)
    SyncValue                                0x08005629   Thumb Code    22  easy_key.o(.text)
    PressCallback                            0x0800563f   Thumb Code     2  easy_key.o(.text)
    HoldCallback                             0x08005641   Thumb Code     2  easy_key.o(.text)
    MultiClickCallback                       0x08005643   Thumb Code     2  easy_key.o(.text)
    EasyKeyInit                              0x08005645   Thumb Code    52  easy_key.o(.text)
    EasyKeyHandler                           0x08005679   Thumb Code   232  easy_key.o(.text)
    GrayScaleSensorInit                      0x08005761   Thumb Code    56  grayscale_sensor.o(.text)
    ReadGrayScaleSensor                      0x08005799   Thumb Code    40  grayscale_sensor.o(.text)
    ImageBinarization                        0x080057c1   Thumb Code    60  image_process.o(.text)
    FiltrateImage                            0x080057fd   Thumb Code   138  image_process.o(.text)
    FindBottomEdge                           0x08005887   Thumb Code    78  image_process.o(.text)
    FindTSign                                0x080058d5   Thumb Code   236  image_process.o(.text)
    MenuInit                                 0x080059c1   Thumb Code   232  menu.o(.text)
    ShowMenuMainPage                         0x08005aa9   Thumb Code   120  menu.o(.text)
    ConfigFloat                              0x08005b21   Thumb Code   148  menu.o(.text)
    ConfigInt                                0x08005bb5   Thumb Code   136  menu.o(.text)
    RSP                                      0x08005c3d   Thumb Code   364  menu.o(.text)
    PRP                                      0x08005da9   Thumb Code   480  menu.o(.text)
    TAT                                      0x08005f89   Thumb Code   368  menu.o(.text)
    DipState                                 0x080060f9   Thumb Code   100  menu.o(.text)
    ShowImage                                0x0800615d   Thumb Code   116  menu.o(.text)
    MenuOperator                             0x080061d1   Thumb Code   180  menu.o(.text)
    TestBench                                0x08006285   Thumb Code    76  menu.o(.text)
    PidInit                                  0x080062d1   Thumb Code    36  pid.o(.text)
    ConfigIntegral                           0x080062f5   Thumb Code    70  pid.o(.text)
    PidIncControl                            0x0800633d   Thumb Code   312  pid.o(.text)
    PidPosControl                            0x08006475   Thumb Code   252  pid.o(.text)
    lcd_drawpoints_big_around                0x08006571   Thumb Code   104  user_tft180.o(.text)
    lcd_drawpoints_big_down                  0x080065d9   Thumb Code    54  user_tft180.o(.text)
    lcd_draw_bottomline                      0x08006611   Thumb Code    76  user_tft180.o(.text)
    lcd_draw_Ts                              0x0800665d   Thumb Code    38  user_tft180.o(.text)
    lcd_drawpoints_big_r                     0x08006683   Thumb Code    54  user_tft180.o(.text)
    lcd_drawpoints_big_l                     0x080066b9   Thumb Code    52  user_tft180.o(.text)
    lcd_drawpoints_big_lr                    0x080066ed   Thumb Code    54  user_tft180.o(.text)
    lcd_drawline_lie_big_lr                  0x08006725   Thumb Code    80  user_tft180.o(.text)
    lcd_drawline_lie_big_lr2                 0x08006775   Thumb Code    84  user_tft180.o(.text)
    lcd_drawline_hang                        0x080067c9   Thumb Code    40  user_tft180.o(.text)
    TIM1_UP_IRQHandler                       0x080067f1   Thumb Code    20  isr.o(.text)
    TIM2_IRQHandler                          0x08006805   Thumb Code    20  isr.o(.text)
    TIM3_IRQHandler                          0x08006819   Thumb Code    20  isr.o(.text)
    TIM4_IRQHandler                          0x0800682d   Thumb Code    20  isr.o(.text)
    TIM5_IRQHandler                          0x08006841   Thumb Code    20  isr.o(.text)
    TIM6_IRQHandler                          0x08006855   Thumb Code    64  isr.o(.text)
    TIM7_IRQHandler                          0x08006895   Thumb Code   372  isr.o(.text)
    TIM8_UP_IRQHandler                       0x08006a09   Thumb Code    32  isr.o(.text)
    UART1_IRQHandler                         0x08006a29   Thumb Code    36  isr.o(.text)
    UART2_IRQHandler                         0x08006a4d   Thumb Code    36  isr.o(.text)
    UART3_IRQHandler                         0x08006a71   Thumb Code    36  isr.o(.text)
    UART4_IRQHandler                         0x08006a95   Thumb Code    40  isr.o(.text)
    UART5_IRQHandler                         0x08006abd   Thumb Code    36  isr.o(.text)
    UART6_IRQHandler                         0x08006ae1   Thumb Code    40  isr.o(.text)
    UART7_IRQHandler                         0x08006b09   Thumb Code    36  isr.o(.text)
    UART8_IRQHandler                         0x08006b2d   Thumb Code    40  isr.o(.text)
    EXTI0_IRQHandler                         0x08006b55   Thumb Code    16  isr.o(.text)
    EXTI1_IRQHandler                         0x08006b65   Thumb Code    16  isr.o(.text)
    EXTI2_IRQHandler                         0x08006b75   Thumb Code    16  isr.o(.text)
    EXTI3_IRQHandler                         0x08006b85   Thumb Code    16  isr.o(.text)
    EXTI4_IRQHandler                         0x08006b95   Thumb Code    16  isr.o(.text)
    EXTI9_5_IRQHandler                       0x08006ba5   Thumb Code    84  isr.o(.text)
    EXTI15_10_IRQHandler                     0x08006bf9   Thumb Code    92  isr.o(.text)
    DMA1_Channel1_IRQHandler                 0x08006c55   Thumb Code    24  isr.o(.text)
    DMA1_Channel2_IRQHandler                 0x08006c6d   Thumb Code    24  isr.o(.text)
    DMA1_Channel3_IRQHandler                 0x08006c85   Thumb Code    24  isr.o(.text)
    DMA1_Channel4_IRQHandler                 0x08006c9d   Thumb Code    28  isr.o(.text)
    DMA1_Channel5_IRQHandler                 0x08006cb9   Thumb Code    24  isr.o(.text)
    DMA1_Channel6_IRQHandler                 0x08006cd1   Thumb Code    24  isr.o(.text)
    DMA1_Channel7_IRQHandler                 0x08006ce9   Thumb Code    24  isr.o(.text)
    DMA2_Channel1_IRQHandler                 0x08006d01   Thumb Code    24  isr.o(.text)
    DMA2_Channel2_IRQHandler                 0x08006d19   Thumb Code    24  isr.o(.text)
    DMA2_Channel3_IRQHandler                 0x08006d31   Thumb Code    24  isr.o(.text)
    DMA2_Channel4_IRQHandler                 0x08006d49   Thumb Code    24  isr.o(.text)
    DMA2_Channel5_IRQHandler                 0x08006d61   Thumb Code    24  isr.o(.text)
    main                                     0x08006d79   Thumb Code   324  main.o(.text)
    Reset_Handler                            0x08006ebd   Thumb Code     8  startup_mm32f3277g.o(.text)
    NMI_Handler                              0x08006ec5   Thumb Code     2  startup_mm32f3277g.o(.text)
    HardFault_Handler                        0x08006ec7   Thumb Code     2  startup_mm32f3277g.o(.text)
    MemManage_Handler                        0x08006ec9   Thumb Code     2  startup_mm32f3277g.o(.text)
    BusFault_Handler                         0x08006ecb   Thumb Code     2  startup_mm32f3277g.o(.text)
    UsageFault_Handler                       0x08006ecd   Thumb Code     2  startup_mm32f3277g.o(.text)
    SVC_Handler                              0x08006ecf   Thumb Code     2  startup_mm32f3277g.o(.text)
    DebugMon_Handler                         0x08006ed1   Thumb Code     2  startup_mm32f3277g.o(.text)
    PendSV_Handler                           0x08006ed3   Thumb Code     2  startup_mm32f3277g.o(.text)
    SysTick_Handler                          0x08006ed5   Thumb Code     2  startup_mm32f3277g.o(.text)
    ADC1_2_IRQHandler                        0x08006ed7   Thumb Code     0  startup_mm32f3277g.o(.text)
    ADC3_IRQHandler                          0x08006ed7   Thumb Code     0  startup_mm32f3277g.o(.text)
    CAN1_RX_IRQHandler                       0x08006ed7   Thumb Code     0  startup_mm32f3277g.o(.text)
    COMP1_2_IRQHandler                       0x08006ed7   Thumb Code     0  startup_mm32f3277g.o(.text)
    ETH_IRQHandler                           0x08006ed7   Thumb Code     0  startup_mm32f3277g.o(.text)
    FLASH_IRQHandler                         0x08006ed7   Thumb Code     0  startup_mm32f3277g.o(.text)
    FlashCache_IRQHandler                    0x08006ed7   Thumb Code     0  startup_mm32f3277g.o(.text)
    I2C1_IRQHandler                          0x08006ed7   Thumb Code     0  startup_mm32f3277g.o(.text)
    I2C2_IRQHandler                          0x08006ed7   Thumb Code     0  startup_mm32f3277g.o(.text)
    OTG_FS_IRQHandler                        0x08006ed7   Thumb Code     0  startup_mm32f3277g.o(.text)
    OTG_FS_WKUP_IRQHandler                   0x08006ed7   Thumb Code     0  startup_mm32f3277g.o(.text)
    PVD_IRQHandler                           0x08006ed7   Thumb Code     0  startup_mm32f3277g.o(.text)
    RCC_CRS_IRQHandler                       0x08006ed7   Thumb Code     0  startup_mm32f3277g.o(.text)
    RTCAlarm_IRQHandler                      0x08006ed7   Thumb Code     0  startup_mm32f3277g.o(.text)
    RTC_IRQHandler                           0x08006ed7   Thumb Code     0  startup_mm32f3277g.o(.text)
    SDIO_IRQHandler                          0x08006ed7   Thumb Code     0  startup_mm32f3277g.o(.text)
    SPI1_IRQHandler                          0x08006ed7   Thumb Code     0  startup_mm32f3277g.o(.text)
    SPI2_IRQHandler                          0x08006ed7   Thumb Code     0  startup_mm32f3277g.o(.text)
    SPI3_IRQHandler                          0x08006ed7   Thumb Code     0  startup_mm32f3277g.o(.text)
    TAMPER_IRQHandler                        0x08006ed7   Thumb Code     0  startup_mm32f3277g.o(.text)
    TIM1_BRK_IRQHandler                      0x08006ed7   Thumb Code     0  startup_mm32f3277g.o(.text)
    TIM1_CC_IRQHandler                       0x08006ed7   Thumb Code     0  startup_mm32f3277g.o(.text)
    TIM1_TRG_COM_IRQHandler                  0x08006ed7   Thumb Code     0  startup_mm32f3277g.o(.text)
    TIM8_BRK_IRQHandler                      0x08006ed7   Thumb Code     0  startup_mm32f3277g.o(.text)
    TIM8_CC_IRQHandler                       0x08006ed7   Thumb Code     0  startup_mm32f3277g.o(.text)
    TIM8_TRG_COM_IRQHandler                  0x08006ed7   Thumb Code     0  startup_mm32f3277g.o(.text)
    WWDG_IRQHandler                          0x08006ed7   Thumb Code     0  startup_mm32f3277g.o(.text)
    __aeabi_memcpy                           0x08006ee1   Thumb Code    36  memcpya.o(.text)
    __aeabi_memcpy4                          0x08006ee1   Thumb Code     0  memcpya.o(.text)
    __aeabi_memcpy8                          0x08006ee1   Thumb Code     0  memcpya.o(.text)
    __aeabi_memset                           0x08006f05   Thumb Code    14  memseta.o(.text)
    __aeabi_memset4                          0x08006f05   Thumb Code     0  memseta.o(.text)
    __aeabi_memset8                          0x08006f05   Thumb Code     0  memseta.o(.text)
    __aeabi_memclr                           0x08006f13   Thumb Code     4  memseta.o(.text)
    __aeabi_memclr4                          0x08006f13   Thumb Code     0  memseta.o(.text)
    __aeabi_memclr8                          0x08006f13   Thumb Code     0  memseta.o(.text)
    _memset$wrapper                          0x08006f17   Thumb Code    18  memseta.o(.text)
    strncpy                                  0x08006f29   Thumb Code    24  strncpy.o(.text)
    strchr                                   0x08006f41   Thumb Code    20  strchr.o(.text)
    strlen                                   0x08006f55   Thumb Code    14  strlen.o(.text)
    memcmp                                   0x08006f63   Thumb Code    26  memcmp.o(.text)
    __aeabi_fadd                             0x08006f7d   Thumb Code   164  fadd.o(.text)
    __aeabi_fsub                             0x08007021   Thumb Code     6  fadd.o(.text)
    __aeabi_frsub                            0x08007027   Thumb Code     6  fadd.o(.text)
    __aeabi_fmul                             0x0800702d   Thumb Code   100  fmul.o(.text)
    __aeabi_fdiv                             0x08007091   Thumb Code   124  fdiv.o(.text)
    __aeabi_dadd                             0x0800710d   Thumb Code   322  dadd.o(.text)
    __aeabi_dsub                             0x0800724f   Thumb Code     6  dadd.o(.text)
    __aeabi_drsub                            0x08007255   Thumb Code     6  dadd.o(.text)
    __aeabi_dmul                             0x0800725b   Thumb Code   228  dmul.o(.text)
    __aeabi_ddiv                             0x0800733f   Thumb Code   222  ddiv.o(.text)
    __aeabi_fcmple                           0x0800741d   Thumb Code    28  fcmple.o(.text)
    __aeabi_fcmplt                           0x08007439   Thumb Code    28  fcmplt.o(.text)
    __aeabi_fcmpge                           0x08007455   Thumb Code    28  fcmpge.o(.text)
    __aeabi_fcmpgt                           0x08007471   Thumb Code    28  fcmpgt.o(.text)
    __aeabi_fcmpeq                           0x0800748d   Thumb Code    28  fcmpeq.o(.text)
    __aeabi_dcmpge                           0x080074a9   Thumb Code    54  dcmpge.o(.text)
    __aeabi_dcmpgt                           0x080074df   Thumb Code    54  dcmpgt.o(.text)
    __aeabi_dcmpeq                           0x08007515   Thumb Code    56  dcmpeq.o(.text)
    __aeabi_i2f                              0x0800754d   Thumb Code    18  fflti.o(.text)
    __aeabi_ui2f                             0x0800755f   Thumb Code    10  ffltui.o(.text)
    __aeabi_i2d                              0x08007569   Thumb Code    34  dflti.o(.text)
    __aeabi_ui2d                             0x0800758b   Thumb Code    26  dfltui.o(.text)
    __aeabi_f2iz                             0x080075a5   Thumb Code    50  ffixi.o(.text)
    __aeabi_f2uiz                            0x080075d7   Thumb Code    40  ffixui.o(.text)
    __aeabi_d2iz                             0x080075ff   Thumb Code    62  dfixi.o(.text)
    __aeabi_d2uiz                            0x0800763d   Thumb Code    50  dfixui.o(.text)
    __aeabi_f2d                              0x0800766f   Thumb Code    38  f2d.o(.text)
    __aeabi_d2f                              0x08007695   Thumb Code    56  d2f.o(.text)
    __aeabi_uidiv                            0x080076cd   Thumb Code     0  uidiv.o(.text)
    __aeabi_uidivmod                         0x080076cd   Thumb Code    44  uidiv.o(.text)
    __aeabi_llsl                             0x080076f9   Thumb Code    30  llshl.o(.text)
    _ll_shift_l                              0x080076f9   Thumb Code     0  llshl.o(.text)
    __aeabi_llsr                             0x08007717   Thumb Code    32  llushr.o(.text)
    _ll_ushift_r                             0x08007717   Thumb Code     0  llushr.o(.text)
    __aeabi_lasr                             0x08007737   Thumb Code    36  llsshr.o(.text)
    _ll_sshift_r                             0x08007737   Thumb Code     0  llsshr.o(.text)
    __I$use$fp                               0x0800775b   Thumb Code     0  iusefp.o(.text)
    _float_round                             0x0800775b   Thumb Code    18  fepilogue.o(.text)
    _float_epilogue                          0x0800776d   Thumb Code    92  fepilogue.o(.text)
    _double_round                            0x080077c9   Thumb Code    30  depilogue.o(.text)
    _double_epilogue                         0x080077e7   Thumb Code   156  depilogue.o(.text)
    __ARM_scalbn                             0x08007883   Thumb Code    46  dscalb.o(.text)
    scalbn                                   0x08007883   Thumb Code     0  dscalb.o(.text)
    _dsqrt                                   0x080078b1   Thumb Code   162  dsqrt.o(.text)
    __aeabi_cdcmpeq                          0x08007955   Thumb Code     0  cdcmple.o(.text)
    __aeabi_cdcmple                          0x08007955   Thumb Code    48  cdcmple.o(.text)
    __scatterload                            0x08007985   Thumb Code    28  init.o(.text)
    __scatterload_rt2                        0x08007985   Thumb Code     0  init.o(.text)
    __0printf$3                              0x080079a9   Thumb Code    22  printf3.o(i.__0printf$3)
    __1printf$3                              0x080079a9   Thumb Code     0  printf3.o(i.__0printf$3)
    __2printf                                0x080079a9   Thumb Code     0  printf3.o(i.__0printf$3)
    __0sprintf$3                             0x080079c9   Thumb Code    34  printf3.o(i.__0sprintf$3)
    __1sprintf$3                             0x080079c9   Thumb Code     0  printf3.o(i.__0sprintf$3)
    __2sprintf                               0x080079c9   Thumb Code     0  printf3.o(i.__0sprintf$3)
    __ARM_fpclassify                         0x080079f1   Thumb Code    40  fpclassify.o(i.__ARM_fpclassify)
    __ieee754_rem_pio2                       0x08007a19   Thumb Code   828  rred.o(i.__ieee754_rem_pio2)
    __kernel_cos                             0x08007da1   Thumb Code   230  cos_i.o(i.__kernel_cos)
    __kernel_poly                            0x08007e9d   Thumb Code   170  poly.o(i.__kernel_poly)
    __kernel_sin                             0x08007f49   Thumb Code   224  sin_i.o(i.__kernel_sin)
    __mathlib_dbl_infnan                     0x08008035   Thumb Code     6  dunder.o(i.__mathlib_dbl_infnan)
    __mathlib_dbl_infnan2                    0x0800803b   Thumb Code     4  dunder.o(i.__mathlib_dbl_infnan2)
    __mathlib_dbl_invalid                    0x0800803f   Thumb Code    12  dunder.o(i.__mathlib_dbl_invalid)
    __mathlib_dbl_underflow                  0x0800804d   Thumb Code    10  dunder.o(i.__mathlib_dbl_underflow)
    __scatterload_copy                       0x0800805d   Thumb Code    14  handlers.o(i.__scatterload_copy)
    __scatterload_null                       0x0800806b   Thumb Code     2  handlers.o(i.__scatterload_null)
    __scatterload_zeroinit                   0x0800806d   Thumb Code    14  handlers.o(i.__scatterload_zeroinit)
    __set_errno                              0x0800807d   Thumb Code     6  errno.o(i.__set_errno)
    asin                                     0x0800824d   Thumb Code   572  asin.o(i.asin)
    atan                                     0x080084bd   Thumb Code   474  atan.o(i.atan)
    atan2                                    0x080086dd   Thumb Code   374  atan2.o(i.atan2)
    cos                                      0x08008879   Thumb Code   148  cos.o(i.cos)
    sin                                      0x08008915   Thumb Code   150  sin.o(i.sin)
    sqrt                                     0x080089b5   Thumb Code    76  sqrt.o(i.sqrt)
    __mathlib_zero                           0x08008b18   Data           8  qnan.o(.constdata)
    tft_ascii                                0x08008da1   Data        1520  zf_common_font.o(.rodata.tft_ascii)
    Region$$Table$$Base                      0x08009394   Number         0  anon$$obj.o(Region$$Table)
    Region$$Table$$Limit                     0x080093b4   Number         0  anon$$obj.o(Region$$Table)
    __stdout                                 0x20000000   Data           4  stdout.o(.data)
    mt9v03x_get_confing_buffer               0x20000008   Data          36  zf_device_mt9v03x.o(.data..L_MergedGlobals)
    mt9v03x_set_confing_buffer               0x2000002c   Data          40  zf_device_mt9v03x.o(.data..L_MergedGlobals)
    spdParam                                 0x2000005c   Data          20  ctrl.o(.data..L_MergedGlobals)
    Menu_array                               0x20000074   Data          28  menu.o(.data..L_MergedGlobals)
    camera_send_image_frame_header           0x20000099   Data           4  zf_device_camera.o(.data.camera_send_image_frame_header)
    dirParam                                 0x200000a0   Data          20  ctrl.o(.data.dirParam)
    gpio_group                               0x200000bc   Data          32  zf_driver_gpio.o(.data.gpio_group)
    system_clock                             0x200000dc   Data           4  zf_common_clock.o(.data.system_clock)
    gps_tau1201_num                          0x20000160   Data           1  zf_device_gps_tau1201.o(.bss..L_MergedGlobals)
    gps_tau1201_flag                         0x20000161   Data           1  zf_device_gps_tau1201.o(.bss..L_MergedGlobals)
    gps_tau1201                              0x20000168   Data          64  zf_device_gps_tau1201.o(.bss..L_MergedGlobals)
    receive_num                              0x200001ac   Data           1  zf_device_type.o(.bss..L_MergedGlobals)
    uart_receive_flag                        0x200001ad   Data           1  zf_device_type.o(.bss..L_MergedGlobals)
    receive                                  0x200001ae   Data           3  zf_device_type.o(.bss..L_MergedGlobals)
    camera_type                              0x200001b4   Data           4  zf_device_type.o(.bss..L_MergedGlobals)
    head                                     0x20000250   Data           4  easy_key.o(.bss..L_MergedGlobals)
    tail                                     0x20000254   Data           4  easy_key.o(.bss..L_MergedGlobals)
    leftSpeed                                0x20000258   Data           2  isr.o(.bss..L_MergedGlobals)
    rightSpeed                               0x2000025a   Data           2  isr.o(.bss..L_MergedGlobals)
    runFlag                                  0x2000025c   Data           1  menu.o(.bss..L_MergedGlobals.26)
    keyUp                                    0x20000264   Data          44  menu.o(.bss..L_MergedGlobals.26)
    keyDown                                  0x20000290   Data          44  menu.o(.bss..L_MergedGlobals.26)
    keyLeft                                  0x200002bc   Data          44  menu.o(.bss..L_MergedGlobals.27)
    keyRight                                 0x200002e8   Data          44  menu.o(.bss..L_MergedGlobals.27)
    g_stopFlag                               0x20000314   Data           1  ctrl.o(.bss..L_MergedGlobals.6)
    stallFlag                                0x20000315   Data           1  ctrl.o(.bss..L_MergedGlobals.6)
    parallelFlag                             0x20000316   Data           1  ctrl.o(.bss..L_MergedGlobals.6)
    num                                      0x20000317   Data           1  ctrl.o(.bss..L_MergedGlobals.6)
    count                                    0x20000318   Data           1  ctrl.o(.bss..L_MergedGlobals.6)
    distance                                 0x20000328   Data           4  ctrl.o(.bss..L_MergedGlobals.6)
    leftSpdPid                               0x20000334   Data          24  ctrl.o(.bss..L_MergedGlobals.6)
    rightSpdPid                              0x2000034c   Data          24  ctrl.o(.bss..L_MergedGlobals.6)
    dirPid                                   0x20000364   Data          24  ctrl.o(.bss..L_MergedGlobals.6)
    BinarizedImage                           0x2000037c   Data       22560  image_process.o(.bss.BinarizedImage)
    bottomEdge                               0x20005ba4   Data         376  image_process.o(.bss.bottomEdge)
    flash_union_buffer                       0x20005d1c   Data        1024  zf_driver_flash.o(.bss.flash_union_buffer)
    gps_tau1201_buffer1                      0x2000611c   Data         100  zf_device_gps_tau1201.o(.bss.gps_tau1201_buffer1)
    gps_tau1201_buffer2                      0x20006180   Data         100  zf_device_gps_tau1201.o(.bss.gps_tau1201_buffer2)
    mt9v03x_finish_flag                      0x200061e8   Data           1  zf_device_mt9v03x.o(.bss.mt9v03x_finish_flag)
    mt9v03x_image                            0x200061e9   Data       22560  zf_device_mt9v03x.o(.bss.mt9v03x_image)
    ov7725_finish_flag                       0x2000ba0c   Data           1  zf_device_ov7725.o(.bss.ov7725_finish_flag)
    pinLevel                                 0x2000ba0d   Data           4  grayscale_sensor.o(.bss.pinLevel)
    scc8660_finish_flag                      0x2000ba11   Data           1  zf_device_scc8660.o(.bss.scc8660_finish_flag)
    tNumber                                  0x2000ba12   Data           2  image_process.o(.bss.tNumber)
    tPosition                                0x2000ba14   Data          80  image_process.o(.bss.tPosition)
    timeCount                                0x2000ba64   Data           2  isr.o(.bss.timeCount)
    wireless_type                            0x2000ba68   Data           4  zf_device_type.o(.bss.wireless_type)
    Image$$ARM_LIB_STACK$$ZI$$Limit          0x20020000   Number         0  anon$$obj.o ABSOLUTE



==============================================================================

Memory Map of the image

  Image Entry point : 0x08000401

  Load Region LR_m_text (Base: 0x08000000, Size: 0x000094a0, Max: 0x00080000, ABSOLUTE)

    Execution Region VECTOR_ROM (Base: 0x08000000, Size: 0x00000190, Max: 0x00000400, ABSOLUTE)

    Base Addr    Size         Type   Attr      Idx    E Section Name        Object

    0x08000000   0x00000190   Data   RO          815    RESET               startup_mm32f3277g.o


    Execution Region ER_m_text (Base: 0x08000400, Size: 0x00008fb4, Max: 0x0007fc00, ABSOLUTE, FIXED)

    Base Addr    Size         Type   Attr      Idx    E Section Name        Object

    0x08000400   0x00000000   Code   RO          864  * .ARM.Collect$$$$00000000  mc_w.l(entry.o)
    0x08000400   0x00000004   Code   RO         1233    .ARM.Collect$$$$00000003  mc_w.l(entry4.o)
    0x08000404   0x00000004   Code   RO         1236    .ARM.Collect$$$$00000004  mc_w.l(entry5.o)
    0x08000408   0x00000000   Code   RO         1238    .ARM.Collect$$$$00000008  mc_w.l(entry7b.o)
    0x08000408   0x00000000   Code   RO         1240    .ARM.Collect$$$$0000000A  mc_w.l(entry8b.o)
    0x08000408   0x00000008   Code   RO         1241    .ARM.Collect$$$$0000000B  mc_w.l(entry9a.o)
    0x08000410   0x00000000   Code   RO         1243    .ARM.Collect$$$$0000000D  mc_w.l(entry10a.o)
    0x08000410   0x00000000   Code   RO         1245    .ARM.Collect$$$$0000000F  mc_w.l(entry11a.o)
    0x08000410   0x00000004   Code   RO         1234    .ARM.Collect$$$$00002714  mc_w.l(entry4.o)
    0x08000414   0x000001ec   Code   RO            3    .text               zf_common_clock.o
    0x08000600   0x00000360   Code   RO           13    .text               zf_common_debug.o
    0x08000960   0x0000013e   Code   RO           26    .text               zf_common_fifo.o
    0x08000a9e   0x00000002   PAD
    0x08000aa0   0x000007d8   Code   RO           47    .text               zf_common_function.o
    0x08001278   0x000000ac   Code   RO           57    .text               zf_common_interrupt.o
    0x08001324   0x0000019c   Code   RO           79    .text               zf_device_bluetooth_ch9141.o
    0x080014c0   0x000000d4   Code   RO           89    .text               zf_device_camera.o
    0x08001594   0x0000096e   Code   RO           99    .text               zf_device_gps_tau1201.o
    0x08001f02   0x00000002   PAD
    0x08001f04   0x00000358   Code   RO          182    .text               zf_device_mt9v03x.o
    0x0800225c   0x00000f50   Code   RO          248    .text               zf_device_tft180.o
    0x080031ac   0x0000015c   Code   RO          273    .text               zf_device_type.o
    0x08003308   0x000001a4   Code   RO          293    .text               zf_device_wireless_uart.o
    0x080034ac   0x00000040   Code   RO          315    .text               zf_driver_delay.o
    0x080034ec   0x00000150   Code   RO          324    .text               zf_driver_dma.o
    0x0800363c   0x00000218   Code   RO          334    .text               zf_driver_encoder.o
    0x08003854   0x00000184   Code   RO          345    .text               zf_driver_exti.o
    0x080039d8   0x00000218   Code   RO          354    .text               zf_driver_flash.o
    0x08003bf0   0x000001d4   Code   RO          372    .text               zf_driver_gpio.o
    0x08003dc4   0x000001b0   Code   RO          393    .text               zf_driver_pit.o
    0x08003f74   0x0000023c   Code   RO          403    .text               zf_driver_pwm.o
    0x080041b0   0x00000730   Code   RO          441    .text               zf_driver_spi.o
    0x080048e0   0x000003a4   Code   RO          451    .text               zf_driver_timer.o
    0x08004c84   0x0000024c   Code   RO          462    .text               zf_driver_uart.o
    0x08004ed0   0x0000000c   Code   RO          667    .text               system_mm32f3277g.o
    0x08004edc   0x0000074c   Code   RO          675    .text               ctrl.o
    0x08005628   0x00000138   Code   RO          688    .text               easy_key.o
    0x08005760   0x00000060   Code   RO          709    .text               grayscale_sensor.o
    0x080057c0   0x00000200   Code   RO          718    .text               image_process.o
    0x080059c0   0x00000910   Code   RO          742    .text               menu.o
    0x080062d0   0x000002a0   Code   RO          767    .text               pid.o
    0x08006570   0x00000280   Code   RO          787    .text               user_tft180.o
    0x080067f0   0x00000588   Code   RO          796    .text               isr.o
    0x08006d78   0x00000144   Code   RO          806    .text               main.o
    0x08006ebc   0x00000024   Code   RO          816    .text               startup_mm32f3277g.o
    0x08006ee0   0x00000024   Code   RO          867    .text               mc_w.l(memcpya.o)
    0x08006f04   0x00000024   Code   RO          869    .text               mc_w.l(memseta.o)
    0x08006f28   0x00000018   Code   RO          871    .text               mc_w.l(strncpy.o)
    0x08006f40   0x00000014   Code   RO          873    .text               mc_w.l(strchr.o)
    0x08006f54   0x0000000e   Code   RO          875    .text               mc_w.l(strlen.o)
    0x08006f62   0x0000001a   Code   RO          877    .text               mc_w.l(memcmp.o)
    0x08006f7c   0x000000b0   Code   RO         1142    .text               mf_w.l(fadd.o)
    0x0800702c   0x00000064   Code   RO         1144    .text               mf_w.l(fmul.o)
    0x08007090   0x0000007c   Code   RO         1146    .text               mf_w.l(fdiv.o)
    0x0800710c   0x0000014e   Code   RO         1148    .text               mf_w.l(dadd.o)
    0x0800725a   0x000000e4   Code   RO         1150    .text               mf_w.l(dmul.o)
    0x0800733e   0x000000de   Code   RO         1152    .text               mf_w.l(ddiv.o)
    0x0800741c   0x0000001c   Code   RO         1154    .text               mf_w.l(fcmple.o)
    0x08007438   0x0000001c   Code   RO         1156    .text               mf_w.l(fcmplt.o)
    0x08007454   0x0000001c   Code   RO         1158    .text               mf_w.l(fcmpge.o)
    0x08007470   0x0000001c   Code   RO         1160    .text               mf_w.l(fcmpgt.o)
    0x0800748c   0x0000001c   Code   RO         1162    .text               mf_w.l(fcmpeq.o)
    0x080074a8   0x00000036   Code   RO         1164    .text               mf_w.l(dcmpge.o)
    0x080074de   0x00000036   Code   RO         1166    .text               mf_w.l(dcmpgt.o)
    0x08007514   0x00000038   Code   RO         1168    .text               mf_w.l(dcmpeq.o)
    0x0800754c   0x00000012   Code   RO         1170    .text               mf_w.l(fflti.o)
    0x0800755e   0x0000000a   Code   RO         1172    .text               mf_w.l(ffltui.o)
    0x08007568   0x00000022   Code   RO         1174    .text               mf_w.l(dflti.o)
    0x0800758a   0x0000001a   Code   RO         1176    .text               mf_w.l(dfltui.o)
    0x080075a4   0x00000032   Code   RO         1178    .text               mf_w.l(ffixi.o)
    0x080075d6   0x00000028   Code   RO         1180    .text               mf_w.l(ffixui.o)
    0x080075fe   0x0000003e   Code   RO         1182    .text               mf_w.l(dfixi.o)
    0x0800763c   0x00000032   Code   RO         1184    .text               mf_w.l(dfixui.o)
    0x0800766e   0x00000026   Code   RO         1186    .text               mf_w.l(f2d.o)
    0x08007694   0x00000038   Code   RO         1188    .text               mf_w.l(d2f.o)
    0x080076cc   0x0000002c   Code   RO         1248    .text               mc_w.l(uidiv.o)
    0x080076f8   0x0000001e   Code   RO         1252    .text               mc_w.l(llshl.o)
    0x08007716   0x00000020   Code   RO         1254    .text               mc_w.l(llushr.o)
    0x08007736   0x00000024   Code   RO         1256    .text               mc_w.l(llsshr.o)
    0x0800775a   0x00000000   Code   RO         1265    .text               mc_w.l(iusefp.o)
    0x0800775a   0x0000006e   Code   RO         1266    .text               mf_w.l(fepilogue.o)
    0x080077c8   0x000000ba   Code   RO         1268    .text               mf_w.l(depilogue.o)
    0x08007882   0x0000002e   Code   RO         1270    .text               mf_w.l(dscalb.o)
    0x080078b0   0x000000a2   Code   RO         1272    .text               mf_w.l(dsqrt.o)
    0x08007952   0x00000002   PAD
    0x08007954   0x00000030   Code   RO         1276    .text               mf_w.l(cdcmple.o)
    0x08007984   0x00000024   Code   RO         1280    .text               mc_w.l(init.o)
    0x080079a8   0x00000020   Code   RO          970    i.__0printf$3       mc_w.l(printf3.o)
    0x080079c8   0x00000028   Code   RO          972    i.__0sprintf$3      mc_w.l(printf3.o)
    0x080079f0   0x00000028   Code   RO         1217    i.__ARM_fpclassify  m_ws.l(fpclassify.o)
    0x08007a18   0x00000388   Code   RO         1222    i.__ieee754_rem_pio2  m_ws.l(rred.o)
    0x08007da0   0x000000fc   Code   RO         1200    i.__kernel_cos      m_ws.l(cos_i.o)
    0x08007e9c   0x000000aa   Code   RO         1219    i.__kernel_poly     m_ws.l(poly.o)
    0x08007f46   0x00000002   PAD
    0x08007f48   0x000000ec   Code   RO         1227    i.__kernel_sin      m_ws.l(sin_i.o)
    0x08008034   0x00000006   Code   RO         1204    i.__mathlib_dbl_infnan  m_ws.l(dunder.o)
    0x0800803a   0x00000004   Code   RO         1205    i.__mathlib_dbl_infnan2  m_ws.l(dunder.o)
    0x0800803e   0x0000000c   Code   RO         1206    i.__mathlib_dbl_invalid  m_ws.l(dunder.o)
    0x0800804a   0x00000002   PAD
    0x0800804c   0x00000010   Code   RO         1209    i.__mathlib_dbl_underflow  m_ws.l(dunder.o)
    0x0800805c   0x0000000e   Code   RO         1284    i.__scatterload_copy  mc_w.l(handlers.o)
    0x0800806a   0x00000002   Code   RO         1285    i.__scatterload_null  mc_w.l(handlers.o)
    0x0800806c   0x0000000e   Code   RO         1286    i.__scatterload_zeroinit  mc_w.l(handlers.o)
    0x0800807a   0x00000002   PAD
    0x0800807c   0x0000000c   Code   RO         1260    i.__set_errno       mc_w.l(errno.o)
    0x08008088   0x000001b8   Code   RO          977    i._printf_core      mc_w.l(printf3.o)
    0x08008240   0x0000000a   Code   RO          979    i._sputc            mc_w.l(printf3.o)
    0x0800824a   0x00000002   PAD
    0x0800824c   0x00000270   Code   RO          823    i.asin              m_ws.l(asin.o)
    0x080084bc   0x00000220   Code   RO         1191    i.atan              m_ws.l(atan.o)
    0x080086dc   0x0000019c   Code   RO          833    i.atan2             m_ws.l(atan2.o)
    0x08008878   0x0000009c   Code   RO          841    i.cos               m_ws.l(cos.o)
    0x08008914   0x000000a0   Code   RO          849    i.sin               m_ws.l(sin.o)
    0x080089b4   0x0000004c   Code   RO          857    i.sqrt              m_ws.l(sqrt.o)
    0x08008a00   0x00000050   Data   RO          824    .constdata          m_ws.l(asin.o)
    0x08008a50   0x00000098   Data   RO         1192    .constdata          m_ws.l(atan.o)
    0x08008ae8   0x00000030   Data   RO         1201    .constdata          m_ws.l(cos_i.o)
    0x08008b18   0x00000008   Data   RO         1221    .constdata          m_ws.l(qnan.o)
    0x08008b20   0x000000c8   Data   RO         1224    .constdata          m_ws.l(rred.o)
    0x08008be8   0x00000028   Data   RO         1228    .constdata          m_ws.l(sin_i.o)
    0x08008c10   0x00000040   Data   RO          464    .rodata.cst32       zf_driver_uart.o
    0x08008c50   0x00000008   Data   RO          326    .rodata.cst8        zf_driver_dma.o
    0x08008c58   0x0000000c   Data   RO          443    .rodata.spi_index   zf_driver_spi.o
    0x08008c64   0x00000009   Data   RO           16    .rodata.str1.1      zf_common_debug.o
    0x08008c6d   0x00000027   Data   RO          186    .rodata.str1.1      zf_device_mt9v03x.o
    0x08008c94   0x00000026   Data   RO          252    .rodata.str1.1      zf_device_tft180.o
    0x08008cba   0x00000027   Data   RO          337    .rodata.str1.1      zf_driver_encoder.o
    0x08008ce1   0x00000023   Data   RO          395    .rodata.str1.1      zf_driver_pit.o
    0x08008d04   0x00000023   Data   RO          405    .rodata.str1.1      zf_driver_pwm.o
    0x08008d27   0x00000025   Data   RO          453    .rodata.str1.1      zf_driver_timer.o
    0x08008d4c   0x00000055   Data   RO          746    .rodata.str1.1      menu.o
    0x08008da1   0x000005f0   Data   RO           36    .rodata.tft_ascii   zf_common_font.o
    0x08009391   0x00000003   PAD
    0x08009394   0x00000020   Data   RO         1283    Region$$Table       anon$$obj.o


    Execution Region RW_m_data (Base: 0x20000000, Size: 0x0000ba6c, Max: 0x0001dc00, ABSOLUTE)

    Base Addr    Size         Type   Attr      Idx    E Section Name        Object

    0x20000000   0x00000004   Data   RW         1247    .data               mc_w.l(stdout.o)
    0x20000004   0x00000004   Data   RW         1261    .data               mc_w.l(errno.o)
    0x20000008   0x0000004c   Data   RW          188    .data..L_MergedGlobals  zf_device_mt9v03x.o
    0x20000054   0x0000001c   Data   RW          678    .data..L_MergedGlobals  ctrl.o
    0x20000070   0x00000020   Data   RW          748    .data..L_MergedGlobals  menu.o
    0x20000090   0x00000004   Data   RW          744    .data.ConfigFloat.add_num  menu.o
    0x20000094   0x00000004   Data   RW          745    .data.ConfigInt.add_num  menu.o
    0x20000098   0x00000001   Data   RW          747    .data.MenuOperator.index  menu.o
    0x20000099   0x00000004   Data   RW           91    .data.camera_send_image_frame_header  zf_device_camera.o
    0x2000009d   0x00000003   PAD
    0x200000a0   0x00000014   Data   RW          677    .data.dirParam      ctrl.o
    0x200000b4   0x00000008   Data   RW          336    .data.encoder_dir_pin  zf_driver_encoder.o
    0x200000bc   0x00000020   Data   RW          374    .data.gpio_group    zf_driver_gpio.o
    0x200000dc   0x00000004   Data   RW            5    .data.system_clock  zf_common_clock.o
    0x200000e0   0x00000004   Data   RW          250    .data.tft180_display_dir  zf_device_tft180.o
    0x200000e4   0x00000002   Data   RW          251    .data.tft180_pencolor  zf_device_tft180.o
    0x200000e6   0x00000001   Data   RW           15    .data.zf_debug_assert_enable  zf_common_debug.o
    0x200000e7   0x00000001   PAD
    0x200000e8   0x0000001c   Zero   RW           17    .bss..L_MergedGlobals  zf_common_debug.o
    0x20000104   0x00000058   Zero   RW           81    .bss..L_MergedGlobals  zf_device_bluetooth_ch9141.o
    0x2000015c   0x00000004   PAD
    0x20000160   0x00000048   Zero   RW          103    .bss..L_MergedGlobals  zf_device_gps_tau1201.o
    0x200001a8   0x00000004   Zero   RW          253    .bss..L_MergedGlobals  zf_device_tft180.o
    0x200001ac   0x0000000c   Zero   RW          276    .bss..L_MergedGlobals  zf_device_type.o
    0x200001b8   0x00000058   Zero   RW          295    .bss..L_MergedGlobals  zf_device_wireless_uart.o
    0x20000210   0x00000040   Zero   RW          454    .bss..L_MergedGlobals  zf_driver_timer.o
    0x20000250   0x00000008   Zero   RW          690    .bss..L_MergedGlobals  easy_key.o
    0x20000258   0x00000004   Zero   RW          799    .bss..L_MergedGlobals  isr.o
    0x2000025c   0x00000060   Zero   RW          749    .bss..L_MergedGlobals.26  menu.o
    0x200002bc   0x00000058   Zero   RW          750    .bss..L_MergedGlobals.27  menu.o
    0x20000314   0x00000068   Zero   RW          679    .bss..L_MergedGlobals.6  ctrl.o
    0x2000037c   0x00005820   Zero   RW          720    .bss.BinarizedImage  image_process.o
    0x20005b9c   0x00000004   Zero   RW          769    .bss.PidIncControl.iErr  pid.o
    0x20005ba0   0x00000004   Zero   RW          770    .bss.PidPosControl.iErr  pid.o
    0x20005ba4   0x00000178   Zero   RW          723    .bss.bottomEdge     image_process.o
    0x20005d1c   0x00000400   Zero   RW          356    .bss.flash_union_buffer  zf_driver_flash.o
    0x2000611c   0x00000064   Zero   RW          101    .bss.gps_tau1201_buffer1  zf_device_gps_tau1201.o
    0x20006180   0x00000064   Zero   RW          102    .bss.gps_tau1201_buffer2  zf_device_gps_tau1201.o
    0x200061e4   0x00000004   Zero   RW           59    .bss.interrupt_nest_count  zf_common_interrupt.o
    0x200061e8   0x00000001   Zero   RW          184    .bss.mt9v03x_finish_flag  zf_device_mt9v03x.o
    0x200061e9   0x00005820   Zero   RW          187    .bss.mt9v03x_image  zf_device_mt9v03x.o
    0x2000ba09   0x00000001   PAD
    0x2000ba0a   0x00000002   Zero   RW          185    .bss.mt9v03x_version  zf_device_mt9v03x.o
    0x2000ba0c   0x00000001   Zero   RW          209    .bss.ov7725_finish_flag  zf_device_ov7725.o
    0x2000ba0d   0x00000004   Zero   RW          711    .bss.pinLevel       grayscale_sensor.o
    0x2000ba11   0x00000001   Zero   RW          224    .bss.scc8660_finish_flag  zf_device_scc8660.o
    0x2000ba12   0x00000002   Zero   RW          722    .bss.tNumber        image_process.o
    0x2000ba14   0x00000050   Zero   RW          721    .bss.tPosition      image_process.o
    0x2000ba64   0x00000002   Zero   RW          798    .bss.timeCount      isr.o
    0x2000ba66   0x00000002   PAD
    0x2000ba68   0x00000004   Zero   RW          275    .bss.wireless_type  zf_device_type.o


    Execution Region ARM_LIB_HEAP (Base: 0x2000ba6c, Size: 0x00000400, Max: 0x00000400, ABSOLUTE)

    Base Addr    Size         Type   Attr      Idx    E Section Name        Object

    0x2000ba6c   0x00000400   Zero   RW            1    ARM_LIB_HEAP.bss    anon$$obj.o


    Execution Region ARM_LIB_STACK (Base: 0x2001e000, Size: 0x00002000, Max: 0x00002000, ABSOLUTE)

    Base Addr    Size         Type   Attr      Idx    E Section Name        Object

    0x2001e000   0x00002000   Zero   RW            2    ARM_LIB_STACK.bss   anon$$obj.o


==============================================================================

Image component sizes


      Code (inc. data)   RO Data    RW Data    ZI Data      Debug   Object Name

      1868        280          0         48        104       8293   ctrl.o
       312         16          0          0          8       4239   easy_key.o
        96         12          0          0          4       2155   grayscale_sensor.o
       512          4          0          0      23018       3122   image_process.o
      1416        168          0          0          6       8294   isr.o
       324         96          0          0          0       3037   main.o
      2320        354         85         41        184      10352   menu.o
       672         20          0          0          8       2012   pid.o
        36          8        400          0          0        760   startup_mm32f3277g.o
        12          4          0          0          0        340   system_mm32f3277g.o
       640         32          0          0          0       4120   user_tft180.o
       492         56          0          4          0       2697   zf_common_clock.o
       864        148          9          1         28       5021   zf_common_debug.o
       318          0          0          0          0       2611   zf_common_fifo.o
         0          0       1520          0          0        705   zf_common_font.o
      2008         54          0          0          0       7583   zf_common_function.o
       172         32          0          0          4       4338   zf_common_interrupt.o
       412         24          0          0         88       4984   zf_device_bluetooth_ch9141.o
       212          8          0          4          0       4834   zf_device_camera.o
      2414        264          0          0        272       6694   zf_device_gps_tau1201.o
       856        100         39         76      22563       6389   zf_device_mt9v03x.o
         0          0          0          0          1       6102   zf_device_ov7725.o
         0          0          0          0          1       7023   zf_device_scc8660.o
      3920        228         38          6          4      12998   zf_device_tft180.o
       348         36          0          0         16       2031   zf_device_type.o
       420         28          0          0         88       5058   zf_device_wireless_uart.o
        64          8          0          0          0        888   zf_driver_delay.o
       336         42          8          0          0       3777   zf_driver_dma.o
       536         68         39          8          0       6043   zf_driver_encoder.o
       388         28          0          0          0       5311   zf_driver_exti.o
       536         48          0          0       1024       6727   zf_driver_flash.o
       468         32          0         32          0       4901   zf_driver_gpio.o
       432         96         35          0          0       4881   zf_driver_pit.o
       572         56         35          0          0       5565   zf_driver_pwm.o
      1840         80         12          0          0       9639   zf_driver_spi.o
       932        124         37          0         64       7392   zf_driver_timer.o
       588         56         64          0          0       7578   zf_driver_uart.o

    ----------------------------------------------------------------------
     27340       2610       2356        224      56708     188494   Object Totals
         0          0         32          0       9216          0   (incl. Generated)
         4          0          3          4          7          0   (incl. Padding)

    ----------------------------------------------------------------------

      Code (inc. data)   RO Data    RW Data    ZI Data      Debug   Library Member Name

       624         52         80          0          0        168   asin.o
       544         70        152          0          0        124   atan.o
       412         38          0          0          0        144   atan2.o
       156          8          0          0          0        104   cos.o
       252         22         48          0          0        124   cos_i.o
        38          6          0          0          0        272   dunder.o
        40          0          0          0          0         68   fpclassify.o
       170          0          0          0          0         96   poly.o
         0          0          8          0          0          0   qnan.o
       904         76        200          0          0        140   rred.o
       160         10          0          0          0        108   sin.o
       236         12         40          0          0        128   sin_i.o
        76          0          0          0          0         84   sqrt.o
         0          0          0          0          0          0   entry.o
         0          0          0          0          0          0   entry10a.o
         0          0          0          0          0          0   entry11a.o
         8          4          0          0          0          0   entry4.o
         4          0          0          0          0          0   entry5.o
         0          0          0          0          0          0   entry7b.o
         0          0          0          0          0          0   entry8b.o
         8          4          0          0          0          0   entry9a.o
        12          6          0          4          0         68   errno.o
        30          0          0          0          0          0   handlers.o
        36          8          0          0          0         68   init.o
         0          0          0          0          0          0   iusefp.o
        30          0          0          0          0         68   llshl.o
        36          0          0          0          0         68   llsshr.o
        32          0          0          0          0         68   llushr.o
        26          0          0          0          0         80   memcmp.o
        36          0          0          0          0         68   memcpya.o
        36          0          0          0          0        108   memseta.o
       522         20          0          0          0        336   printf3.o
         0          0          0          4          0          0   stdout.o
        20          0          0          0          0         68   strchr.o
        14          0          0          0          0         68   strlen.o
        24          0          0          0          0         76   strncpy.o
        44          0          0          0          0         80   uidiv.o
        48          0          0          0          0         68   cdcmple.o
        56          0          0          0          0         88   d2f.o
       334          0          0          0          0        148   dadd.o
        56          0          0          0          0         80   dcmpeq.o
        54          0          0          0          0         80   dcmpge.o
        54          0          0          0          0         80   dcmpgt.o
       222          0          0          0          0        100   ddiv.o
       186          0          0          0          0        176   depilogue.o
        62          0          0          0          0         80   dfixi.o
        50          0          0          0          0         76   dfixui.o
        34          0          0          0          0         76   dflti.o
        26          0          0          0          0         76   dfltui.o
       228          0          0          0          0         96   dmul.o
        46          0          0          0          0         80   dscalb.o
       162          0          0          0          0        100   dsqrt.o
        38          0          0          0          0         68   f2d.o
       176          0          0          0          0        140   fadd.o
        28          0          0          0          0         68   fcmpeq.o
        28          0          0          0          0         68   fcmpge.o
        28          0          0          0          0         68   fcmpgt.o
        28          0          0          0          0         68   fcmple.o
        28          0          0          0          0         68   fcmplt.o
       124          0          0          0          0         88   fdiv.o
       110          0          0          0          0        168   fepilogue.o
        50          0          0          0          0         68   ffixi.o
        40          0          0          0          0         68   ffixui.o
        18          0          0          0          0         68   fflti.o
        10          0          0          0          0         68   ffltui.o
       100          0          0          0          0         76   fmul.o

    ----------------------------------------------------------------------
      6964        336        528          8          0       5340   Library Totals
        10          0          0          0          0          0   (incl. Padding)

    ----------------------------------------------------------------------

      Code (inc. data)   RO Data    RW Data    ZI Data      Debug   Library Name

      3612        294        528          0          0       1560   m_ws.l
       918         42          0          8          0       1224   mc_w.l
      2424          0          0          0          0       2556   mf_w.l

    ----------------------------------------------------------------------
      6964        336        528          8          0       5340   Library Totals

    ----------------------------------------------------------------------

==============================================================================


      Code (inc. data)   RO Data    RW Data    ZI Data      Debug   

     34304       2946       2884        232      56708     190382   Grand Totals
     34304       2946       2884        232      56708     190382   ELF Image Totals
     34304       2946       2884        232          0          0   ROM Totals

==============================================================================

    Total RO  Size (Code + RO Data)                37188 (  36.32kB)
    Total RW  Size (RW Data + ZI Data)             56940 (  55.61kB)
    Total ROM Size (Code + RO Data + RW Data)      37420 (  36.54kB)

==============================================================================

